Component: Arm Compiler for Embedded 6.19 Tool: armlink [5e73cb00]

==============================================================================

Section Cross References

    startup_stm32f427xx.o(STACK) refers (Special) to heapauxi.o(.text) for __use_two_region_memory
    startup_stm32f427xx.o(HEAP) refers (Special) to heapauxi.o(.text) for __use_two_region_memory
    startup_stm32f427xx.o(RESET) refers (Special) to heapauxi.o(.text) for __use_two_region_memory
    startup_stm32f427xx.o(RESET) refers to startup_stm32f427xx.o(STACK) for __initial_sp
    startup_stm32f427xx.o(RESET) refers to startup_stm32f427xx.o(.text) for Reset_Handler
    startup_stm32f427xx.o(RESET) refers to stm32f4xx_it.o(.text.NMI_Handler) for NMI_Handler
    startup_stm32f427xx.o(RESET) refers to stm32f4xx_it.o(.text.HardFault_Handler) for HardFault_Handler
    startup_stm32f427xx.o(RESET) refers to stm32f4xx_it.o(.text.MemManage_Handler) for MemManage_Handler
    startup_stm32f427xx.o(RESET) refers to stm32f4xx_it.o(.text.BusFault_Handler) for BusFault_Handler
    startup_stm32f427xx.o(RESET) refers to stm32f4xx_it.o(.text.UsageFault_Handler) for UsageFault_Handler
    startup_stm32f427xx.o(RESET) refers to stm32f4xx_it.o(.text.SVC_Handler) for SVC_Handler
    startup_stm32f427xx.o(RESET) refers to stm32f4xx_it.o(.text.DebugMon_Handler) for DebugMon_Handler
    startup_stm32f427xx.o(RESET) refers to stm32f4xx_it.o(.text.PendSV_Handler) for PendSV_Handler
    startup_stm32f427xx.o(RESET) refers to stm32f4xx_it.o(.text.SysTick_Handler) for SysTick_Handler
    startup_stm32f427xx.o(RESET) refers to stm32f4xx_it.o(.text.CAN1_TX_IRQHandler) for CAN1_TX_IRQHandler
    startup_stm32f427xx.o(RESET) refers to stm32f4xx_it.o(.text.CAN1_RX0_IRQHandler) for CAN1_RX0_IRQHandler
    startup_stm32f427xx.o(RESET) refers to stm32f4xx_it.o(.text.TIM6_DAC_IRQHandler) for TIM6_DAC_IRQHandler
    startup_stm32f427xx.o(.text) refers (Special) to heapauxi.o(.text) for __use_two_region_memory
    startup_stm32f427xx.o(.text) refers to system_stm32f4xx.o(.text.SystemInit) for SystemInit
    startup_stm32f427xx.o(.text) refers to __main.o(!!!main) for __main
    startup_stm32f427xx.o(.text) refers to startup_stm32f427xx.o(HEAP) for Heap_Mem
    startup_stm32f427xx.o(.text) refers to startup_stm32f427xx.o(STACK) for Stack_Mem
    motor.o(.ARM.exidx.text._ZN10M3508Motor15normalize_angleEfb) refers to motor.o(.text._ZN10M3508Motor15normalize_angleEfb) for [Anonymous Symbol]
    motor.o(.ARM.exidx.text._ZN10M3508Motor10read_RxMsgEPKh) refers to motor.o(.text._ZN10M3508Motor10read_RxMsgEPKh) for [Anonymous Symbol]
    motor.o(.ARM.exidx.text._ZN10M3508Motor11write_TxMsgEPh) refers to motor.o(.text._ZN10M3508Motor11write_TxMsgEPh) for [Anonymous Symbol]
    motor.o(.ARM.exidx.text._ZN10M3508Motor12SetIntensityEf) refers to motor.o(.text._ZN10M3508Motor12SetIntensityEf) for [Anonymous Symbol]
    motor.o(.ARM.exidx.text._ZN10M3508Motor8SetSpeedEff) refers to motor.o(.text._ZN10M3508Motor8SetSpeedEff) for [Anonymous Symbol]
    motor.o(.ARM.exidx.text._ZN10M3508Motor8SetAngleEfff) refers to motor.o(.text._ZN10M3508Motor8SetAngleEfff) for [Anonymous Symbol]
    motor.o(.text._ZN10M3508Motor17calc_ff_intensityEv) refers to sinf.o(i.__hardfp_sinf) for __hardfp_sinf
    motor.o(.text._ZN10M3508Motor17calc_ff_intensityEv) refers to f2d.o(x$fpl$f2d) for __aeabi_f2d
    motor.o(.text._ZN10M3508Motor17calc_ff_intensityEv) refers to dmul.o(x$fpl$dmul) for __aeabi_dmul
    motor.o(.text._ZN10M3508Motor17calc_ff_intensityEv) refers to d2f.o(x$fpl$d2f) for __aeabi_d2f
    motor.o(.ARM.exidx.text._ZN10M3508Motor17calc_ff_intensityEv) refers to motor.o(.text._ZN10M3508Motor17calc_ff_intensityEv) for [Anonymous Symbol]
    motor.o(.text._ZN10M3508Motor6handleEv) refers to motor.o(.bss..L_MergedGlobals) for .L_MergedGlobals
    motor.o(.text._ZN10M3508Motor6handleEv) refers to sinf.o(i.__hardfp_sinf) for __hardfp_sinf
    motor.o(.text._ZN10M3508Motor6handleEv) refers to f2d.o(x$fpl$f2d) for __aeabi_f2d
    motor.o(.text._ZN10M3508Motor6handleEv) refers to dmul.o(x$fpl$dmul) for __aeabi_dmul
    motor.o(.text._ZN10M3508Motor6handleEv) refers to d2f.o(x$fpl$d2f) for __aeabi_d2f
    motor.o(.text._ZN10M3508Motor6handleEv) refers to pid.o(.text._ZN3PID4calcEff) for PID::calc(float, float)
    motor.o(.ARM.exidx.text._ZN10M3508Motor6handleEv) refers to motor.o(.text._ZN10M3508Motor6handleEv) for [Anonymous Symbol]
    motor.o(.text._GLOBAL__sub_I_Motor.cpp) refers to motor.o(.bss.motor) for motor
    motor.o(.text._GLOBAL__sub_I_Motor.cpp) refers to motor.o(.text._ZN10M3508MotorC2Efi) for M3508Motor::M3508Motor__sub_object(float, int)
    motor.o(.text._GLOBAL__sub_I_Motor.cpp) refers to motor.o(.text._ZN10M3508MotorD2Ev) for M3508Motor::~M3508Motor__sub_object()
    motor.o(.text._GLOBAL__sub_I_Motor.cpp) refers to cxa_atexit.o(.text) for __cxa_atexit
    motor.o(.ARM.exidx.text._GLOBAL__sub_I_Motor.cpp) refers to motor.o(.text._GLOBAL__sub_I_Motor.cpp) for [Anonymous Symbol]
[...]
    RESET                                    0x08000000   Section      428  startup_stm32f427xx.o(RESET)
    !!!main                                  0x080001ac   Section        8  __main.o(!!!main)
    !!!scatter                               0x080001b4   Section       52  __scatter.o(!!!scatter)
    !!handler_copy                           0x080001e8   Section       26  __scatter_copy.o(!!handler_copy)
    !!handler_zi                             0x08000204   Section       28  __scatter_zi.o(!!handler_zi)
    .ARM.Collect$$libinit$$00000000          0x08000220   Section        2  libinit.o(.ARM.Collect$$libinit$$00000000)
    .ARM.Collect$$libinit$$00000001          0x08000222   Section        4  libinit2.o(.ARM.Collect$$libinit$$00000001)
    .ARM.Collect$$libinit$$00000004          0x08000226   Section        0  libinit2.o(.ARM.Collect$$libinit$$00000004)
    .ARM.Collect$$libinit$$00000006          0x08000226   Section        0  libinit2.o(.ARM.Collect$$libinit$$00000006)
    .ARM.Collect$$libinit$$00000007          0x08000226   Section        8  libinit2.o(.ARM.Collect$$libinit$$00000007)
    .ARM.Collect$$libinit$$0000000C          0x0800022e   Section        0  libinit2.o(.ARM.Collect$$libinit$$0000000C)
    .ARM.Collect$$libinit$$0000000E          0x0800022e   Section        0  libinit2.o(.ARM.Collect$$libinit$$0000000E)
    .ARM.Collect$$libinit$$00000010          0x0800022e   Section        0  libinit2.o(.ARM.Collect$$libinit$$00000010)
    .ARM.Collect$$libinit$$00000013          0x0800022e   Section        0  libinit2.o(.ARM.Collect$$libinit$$00000013)
    .ARM.Collect$$libinit$$00000015          0x0800022e   Section        0  libinit2.o(.ARM.Collect$$libinit$$00000015)
    .ARM.Collect$$libinit$$00000017          0x0800022e   Section        0  libinit2.o(.ARM.Collect$$libinit$$00000017)
    .ARM.Collect$$libinit$$00000019          0x0800022e   Section        0  libinit2.o(.ARM.Collect$$libinit$$00000019)
    .ARM.Collect$$libinit$$0000001B          0x0800022e   Section        0  libinit2.o(.ARM.Collect$$libinit$$0000001B)
    .ARM.Collect$$libinit$$0000001D          0x0800022e   Section        0  libinit2.o(.ARM.Collect$$libinit$$0000001D)
    .ARM.Collect$$libinit$$0000001F          0x0800022e   Section        0  libinit2.o(.ARM.Collect$$libinit$$0000001F)
    .ARM.Collect$$libinit$$00000021          0x0800022e   Section        0  libinit2.o(.ARM.Collect$$libinit$$00000021)
    .ARM.Collect$$libinit$$00000023          0x0800022e   Section        0  libinit2.o(.ARM.Collect$$libinit$$00000023)
    .ARM.Collect$$libinit$$00000025          0x0800022e   Section        0  libinit2.o(.ARM.Collect$$libinit$$00000025)
    .ARM.Collect$$libinit$$00000027          0x0800022e   Section        0  libinit2.o(.ARM.Collect$$libinit$$00000027)
    .ARM.Collect$$libinit$$0000002E          0x0800022e   Section        0  libinit2.o(.ARM.Collect$$libinit$$0000002E)
    .ARM.Collect$$libinit$$00000030          0x0800022e   Section        0  libinit2.o(.ARM.Collect$$libinit$$00000030)
    .ARM.Collect$$libinit$$00000032          0x0800022e   Section        0  libinit2.o(.ARM.Collect$$libinit$$00000032)
    .ARM.Collect$$libinit$$00000033          0x0800022e   Section        4  libinit2.o(.ARM.Collect$$libinit$$00000033)
    .ARM.Collect$$libinit$$00000034          0x08000232   Section        0  libinit2.o(.ARM.Collect$$libinit$$00000034)
    .ARM.Collect$$libinit$$00000035          0x08000232   Section        2  libinit2.o(.ARM.Collect$$libinit$$00000035)
    .ARM.Collect$$libshutdown$$00000000      0x08000234   Section        2  libshutdown.o(.ARM.Collect$$libshutdown$$00000000)
    .ARM.Collect$$libshutdown$$00000001      0x08000236   Section        6  libshutdown2.o(.ARM.Collect$$libshutdown$$00000001)
    .ARM.Collect$$libshutdown$$00000002      0x0800023c   Section        0  libshutdown2.o(.ARM.Collect$$libshutdown$$00000002)
    .ARM.Collect$$libshutdown$$00000004      0x0800023c   Section        0  libshutdown2.o(.ARM.Collect$$libshutdown$$00000004)
    .ARM.Collect$$libshutdown$$00000007      0x0800023c   Section        0  libshutdown2.o(.ARM.Collect$$libshutdown$$00000007)
    .ARM.Collect$$libshutdown$$0000000A      0x0800023c   Section        0  libshutdown2.o(.ARM.Collect$$libshutdown$$0000000A)
    .ARM.Collect$$libshutdown$$0000000C      0x0800023c   Section        0  libshutdown2.o(.ARM.Collect$$libshutdown$$0000000C)
    .ARM.Collect$$libshutdown$$0000000F      0x0800023c   Section        0  libshutdown2.o(.ARM.Collect$$libshutdown$$0000000F)
    .ARM.Collect$$libshutdown$$00000010      0x0800023c   Section        2  libshutdown2.o(.ARM.Collect$$libshutdown$$00000010)
    .ARM.Collect$$rtentry$$00000000          0x0800023e   Section        0  __rtentry.o(.ARM.Collect$$rtentry$$00000000)
    .ARM.Collect$$rtentry$$00000002          0x0800023e   Section        0  __rtentry2.o(.ARM.Collect$$rtentry$$00000002)
    .ARM.Collect$$rtentry$$00000004          0x0800023e   Section        6  __rtentry4.o(.ARM.Collect$$rtentry$$00000004)
    .ARM.Collect$$rtentry$$00000009          0x08000244   Section        0  __rtentry2.o(.ARM.Collect$$rtentry$$00000009)
    .ARM.Collect$$rtentry$$0000000A          0x08000244   Section        4  __rtentry2.o(.ARM.Collect$$rtentry$$0000000A)
    .ARM.Collect$$rtentry$$0000000C          0x08000248   Section        0  __rtentry2.o(.ARM.Collect$$rtentry$$0000000C)
    .ARM.Collect$$rtentry$$0000000D          0x08000248   Section        8  __rtentry2.o(.ARM.Collect$$rtentry$$0000000D)
    .ARM.Collect$$rtexit$$00000000           0x08000250   Section        2  rtexit.o(.ARM.Collect$$rtexit$$00000000)
    .ARM.Collect$$rtexit$$00000002           0x08000252   Section        0  rtexit2.o(.ARM.Collect$$rtexit$$00000002)
    .ARM.Collect$$rtexit$$00000003           0x08000252   Section        4  rtexit2.o(.ARM.Collect$$rtexit$$00000003)
    .ARM.Collect$$rtexit$$00000004           0x08000256   Section        6  rtexit2.o(.ARM.Collect$$rtexit$$00000004)
    $v0                                      0x0800025c   Number         0  startup_stm32f427xx.o(.text)
    .text                                    0x0800025c   Section       64  startup_stm32f427xx.o(.text)
    .text                                    0x0800029c   Section      240  lludivv7m.o(.text)
    .text                                    0x0800038c   Section        0  cxa_atexit.o(.text)
    .text                                    0x08000396   Section        0  heapauxi.o(.text)
    .text                                    0x0800039c   Section        0  init_aeabi.o(.text)
    .text                                    0x080003c0   Section        0  h1_alloc.o(.text)
    .text                                    0x0800041e   Section        0  h1_free.o(.text)
    .text                                    0x0800046c   Section        0  _rserrno.o(.text)
    .text                                    0x08000482   Section        0  aeabi_atexit.o(.text)
    .text                                    0x080004b0   Section        0  sys_exit.o(.text)
    .text                                    0x080004bc   Section        8  rt_heap_descriptor_intlibspace.o(.text)
    .text                                    0x080004c4   Section        8  rt_ddtor_pointer_addr_intlibspace.o(.text)
    .text                                    0x080004cc   Section        8  rt_errno_addr_intlibspace.o(.text)
    .text                                    0x080004d4   Section        0  hguard.o(.text)
    .text                                    0x080004d8   Section        0  init_alloc.o(.text)
    .text                                    0x08000562   Section        0  h1_init.o(.text)
    .text                                    0x08000570   Section        0  cxa_finalize.o(.text)
    .text                                    0x080005b4   Section        8  libspace.o(.text)
    .text                                    0x080005bc   Section        2  use_no_semi.o(.text)
    .text                                    0x080005be   Section        0  indicate_semi.o(.text)
    .text                                    0x080005be   Section       74  sys_stackheap_outer.o(.text)
    .text                                    0x08000608   Section        0  maybetermalloc1.o(.text)
    .text                                    0x08000608   Section        0  h1_extend.o(.text)
    .text                                    0x0800063c   Section        0  exit.o(.text)
    .text                                    0x0800064e   Section        0  defsig_exit.o(.text)
    .text                                    0x08000658   Section        0  defsig_rtmem_outer.o(.text)
    .text                                    0x08000666   Section        0  defsig_general.o(.text)
    .text                                    0x08000698   Section        0  defsig_rtmem_inner.o(.text)
    .text                                    0x080006e8   Section        0  sys_wrch.o(.text)
    [Anonymous Symbol]                       0x080006f8   Section        0  stm32f4xx_it.o(.text.BusFault_Handler)
    [Anonymous Symbol]                       0x080006fc   Section        0  stm32f4xx_it.o(.text.CAN1_RX0_IRQHandler)
    [Anonymous Symbol]                       0x08000708   Section        0  stm32f4xx_it.o(.text.CAN1_TX_IRQHandler)
    [Anonymous Symbol]                       0x08000714   Section        0  stm32f4xx_it.o(.text.DebugMon_Handler)
    [Anonymous Symbol]                       0x08000718   Section        0  main.o(.text.Error_Handler)
    [Anonymous Symbol]                       0x08000720   Section        0  stm32f4xx_hal_can.o(.text.HAL_CAN_ActivateNotification)
    [Anonymous Symbol]                       0x08000750   Section        0  stm32f4xx_hal_can.o(.text.HAL_CAN_AddTxMessage)
    [Anonymous Symbol]                       0x080007f8   Section        0  stm32f4xx_hal_can.o(.text.HAL_CAN_ConfigFilter)
    [Anonymous Symbol]                       0x080008d8   Section        0  stm32f4xx_hal_can.o(.text.HAL_CAN_ErrorCallback)
    [Anonymous Symbol]                       0x080008dc   Section        0  stm32f4xx_hal_can.o(.text.HAL_CAN_GetRxMessage)
    [Anonymous Symbol]                       0x08000a10   Section        0  stm32f4xx_hal_can.o(.text.HAL_CAN_IRQHandler)
    [Anonymous Symbol]                       0x08000c70   Section        0  stm32f4xx_hal_can.o(.text.HAL_CAN_Init)
    [Anonymous Symbol]                       0x08000d64   Section        0  can.o(.text.HAL_CAN_MspInit)
    [Anonymous Symbol]                       0x08000dec   Section        0  stm32f4xx_hal_can.o(.text.HAL_CAN_RxFifo0FullCallback)
    [Anonymous Symbol]                       0x08000df0   Section        0  callback.o(.text.HAL_CAN_RxFifo0MsgPendingCallback)
    [Anonymous Symbol]                       0x08000e54   Section        0  stm32f4xx_hal_can.o(.text.HAL_CAN_RxFifo1FullCallback)
    [Anonymous Symbol]                       0x08000e58   Section        0  stm32f4xx_hal_can.o(.text.HAL_CAN_RxFifo1MsgPendingCallback)
    [Anonymous Symbol]                       0x08000e5c   Section        0  stm32f4xx_hal_can.o(.text.HAL_CAN_SleepCallback)
    [Anonymous Symbol]                       0x08000e60   Section        0  stm32f4xx_hal_can.o(.text.HAL_CAN_Start)
    [Anonymous Symbol]                       0x08000ebc   Section        0  stm32f4xx_hal_can.o(.text.HAL_CAN_TxMailbox0AbortCallback)
    [Anonymous Symbol]                       0x08000ec0   Section        0  stm32f4xx_hal_can.o(.text.HAL_CAN_TxMailbox0CompleteCallback)
    [Anonymous Symbol]                       0x08000ec4   Section        0  stm32f4xx_hal_can.o(.text.HAL_CAN_TxMailbox1AbortCallback)
    [Anonymous Symbol]                       0x08000ec8   Section        0  stm32f4xx_hal_can.o(.text.HAL_CAN_TxMailbox1CompleteCallback)
    [Anonymous Symbol]                       0x08000ecc   Section        0  stm32f4xx_hal_can.o(.text.HAL_CAN_TxMailbox2AbortCallback)
    [Anonymous Symbol]                       0x08000ed0   Section        0  stm32f4xx_hal_can.o(.text.HAL_CAN_TxMailbox2CompleteCallback)
    [Anonymous Symbol]                       0x08000ed4   Section        0  stm32f4xx_hal_can.o(.text.HAL_CAN_WakeUpFromRxMsgCallback)
    [Anonymous Symbol]                       0x08000ed8   Section        0  stm32f4xx_hal.o(.text.HAL_Delay)
    [Anonymous Symbol]                       0x08000f00   Section        0  stm32f4xx_hal_gpio.o(.text.HAL_GPIO_Init)
    [Anonymous Symbol]                       0x080010a8   Section        0  stm32f4xx_hal_gpio.o(.text.HAL_GPIO_ReadPin)
    [Anonymous Symbol]                       0x080010b4   Section        0  stm32f4xx_hal_gpio.o(.text.HAL_GPIO_TogglePin)
    [Anonymous Symbol]                       0x080010c4   Section        0  stm32f4xx_hal_gpio.o(.text.HAL_GPIO_WritePin)
    [Anonymous Symbol]                       0x080010d0   Section        0  stm32f4xx_hal.o(.text.HAL_GetTick)
    [Anonymous Symbol]                       0x080010dc   Section        0  stm32f4xx_hal.o(.text.HAL_IncTick)
    [Anonymous Symbol]                       0x080010f8   Section        0  stm32f4xx_hal.o(.text.HAL_Init)
    [Anonymous Symbol]                       0x08001130   Section        0  stm32f4xx_hal.o(.text.HAL_InitTick)
    [Anonymous Symbol]                       0x08001178   Section        0  stm32f4xx_hal_msp.o(.text.HAL_MspInit)
    [Anonymous Symbol]                       0x080011b0   Section        0  stm32f4xx_hal_cortex.o(.text.HAL_NVIC_EnableIRQ)
    [Anonymous Symbol]                       0x080011d8   Section        0  stm32f4xx_hal_cortex.o(.text.HAL_NVIC_SetPriority)
    [Anonymous Symbol]                       0x08001230   Section        0  stm32f4xx_hal_cortex.o(.text.HAL_NVIC_SetPriorityGrouping)
    [Anonymous Symbol]                       0x08001250   Section        0  stm32f4xx_hal_pwr_ex.o(.text.HAL_PWREx_EnableOverDrive)
    [Anonymous Symbol]                       0x080012cc   Section        0  stm32f4xx_hal_rcc.o(.text.HAL_RCC_ClockConfig)
    [Anonymous Symbol]                       0x0800142c   Section        0  stm32f4xx_hal_rcc.o(.text.HAL_RCC_GetSysClockFreq)
    [Anonymous Symbol]                       0x08001498   Section        0  stm32f4xx_hal_rcc.o(.text.HAL_RCC_OscConfig)
    [Anonymous Symbol]                       0x0800180c   Section        0  stm32f4xx_hal_cortex.o(.text.HAL_SYSTICK_Config)
    [Anonymous Symbol]                       0x08001838   Section        0  stm32f4xx_hal_tim_ex.o(.text.HAL_TIMEx_BreakCallback)
    [Anonymous Symbol]                       0x0800183c   Section        0  stm32f4xx_hal_tim_ex.o(.text.HAL_TIMEx_CommutCallback)
    [Anonymous Symbol]                       0x08001840   Section        0  stm32f4xx_hal_tim_ex.o(.text.HAL_TIMEx_MasterConfigSynchronization)
    [Anonymous Symbol]                       0x080018f8   Section        0  stm32f4xx_hal_tim.o(.text.HAL_TIM_Base_Init)
    [Anonymous Symbol]                       0x08001954   Section        0  tim.o(.text.HAL_TIM_Base_MspInit)
    [Anonymous Symbol]                       0x080019a0   Section        0  stm32f4xx_hal_tim.o(.text.HAL_TIM_Base_Start_IT)
    [Anonymous Symbol]                       0x08001a4c   Section        0  stm32f4xx_hal_tim.o(.text.HAL_TIM_IC_CaptureCallback)
    [Anonymous Symbol]                       0x08001a50   Section        0  stm32f4xx_hal_tim.o(.text.HAL_TIM_IRQHandler)
    [Anonymous Symbol]                       0x08001ba0   Section        0  stm32f4xx_hal_tim.o(.text.HAL_TIM_OC_DelayElapsedCallback)
    [Anonymous Symbol]                       0x08001ba4   Section        0  stm32f4xx_hal_tim.o(.text.HAL_TIM_PWM_PulseFinishedCallback)
    [Anonymous Symbol]                       0x08001ba8   Section        0  callback.o(.text.HAL_TIM_PeriodElapsedCallback)
    [Anonymous Symbol]                       0x08001c14   Section        0  stm32f4xx_hal_tim.o(.text.HAL_TIM_TriggerCallback)
    [Anonymous Symbol]                       0x08001c18   Section        0  stm32f4xx_it.o(.text.HardFault_Handler)
    [Anonymous Symbol]                       0x08001c1c   Section        0  can.o(.text.MX_CAN1_Init)
    [Anonymous Symbol]                       0x08001c5c   Section        0  gpio.o(.text.MX_GPIO_Init)
    [Anonymous Symbol]                       0x08001d18   Section        0  tim.o(.text.MX_TIM6_Init)
    [Anonymous Symbol]                       0x08001d68   Section        0  stm32f4xx_it.o(.text.MemManage_Handler)
    [Anonymous Symbol]                       0x08001d6c   Section        0  stm32f4xx_it.o(.text.NMI_Handler)
    [Anonymous Symbol]                       0x08001d70   Section        0  stm32f4xx_it.o(.text.PendSV_Handler)
    [Anonymous Symbol]                       0x08001d74   Section        0  stm32f4xx_it.o(.text.SVC_Handler)
    [Anonymous Symbol]                       0x08001d78   Section        0  stm32f4xx_it.o(.text.SysTick_Handler)
    [Anonymous Symbol]                       0x08001d7c   Section        0  main.o(.text.SystemClock_Config)
    [Anonymous Symbol]                       0x08001e34   Section        0  system_stm32f4xx.o(.text.SystemInit)
    [Anonymous Symbol]                       0x08001e48   Section        0  stm32f4xx_it.o(.text.TIM6_DAC_IRQHandler)
    [Anonymous Symbol]                       0x08001e54   Section        0  stm32f4xx_hal_tim.o(.text.TIM_Base_SetConfig)
    [Anonymous Symbol]                       0x08001f98   Section        0  stm32f4xx_it.o(.text.UsageFault_Handler)
    _GLOBAL__sub_I_Motor.cpp                 0x08001f9d   Thumb Code    52  motor.o(.text._GLOBAL__sub_I_Motor.cpp)
    [Anonymous Symbol]                       0x08001f9c   Section        0  motor.o(.text._GLOBAL__sub_I_Motor.cpp)
    [Anonymous Symbol]                       0x08001fd0   Section        0  motor.o(.text._ZN10M3508Motor10read_RxMsgEPKh)
    [Anonymous Symbol]                       0x0800219c   Section        0  motor.o(.text._ZN10M3508Motor11write_TxMsgEPh)
    [Anonymous Symbol]                       0x080021c8   Section        0  motor.o(.text._ZN10M3508Motor6handleEv)
    [Anonymous Symbol]                       0x08002390   Section        0  motor.o(.text._ZN10M3508MotorC2Efi)
    [Anonymous Symbol]                       0x08002508   Section        0  motor.o(.text._ZN10M3508MotorD2Ev)
    [Anonymous Symbol]                       0x0800254c   Section        0  pid.o(.text._ZN3PID11set_out_maxEf)
    [Anonymous Symbol]                       0x08002568   Section        0  pid.o(.text._ZN3PID4calcEff)
    [Anonymous Symbol]                       0x080026d8   Section        0  cxa_handlers.cpp.o(.text._ZSt15get_new_handlerv)
    [Anonymous Symbol]                       0x080026e4   Section        0  new.cpp.o(.text._ZdlPv)
    [Anonymous Symbol]                       0x080026e8   Section        0  new.cpp.o(.text._ZdlPvj)
    [Anonymous Symbol]                       0x080026ec   Section        0  new.cpp.o(.text._Znwj)
    [Anonymous Symbol]                       0x08002714   Section        0  main.o(.text.main)
    i.__ARM_fpclassifyf                      0x080027f2   Section        0  fpclassifyf.o(i.__ARM_fpclassifyf)
    i.__hardfp_sinf                          0x08002818   Section        0  sinf.o(i.__hardfp_sinf)
    i.__mathlib_flt_infnan                   0x080029a8   Section        0  funder.o(i.__mathlib_flt_infnan)
    i.__mathlib_flt_invalid                  0x080029b0   Section        0  funder.o(i.__mathlib_flt_invalid)
    i.__mathlib_flt_underflow                0x080029c0   Section        0  funder.o(i.__mathlib_flt_underflow)
    i.__mathlib_rredf2                       0x080029d0   Section        0  rredf.o(i.__mathlib_rredf2)
    $v0                                      0x08002b24   Number         0  d2f.o(x$fpl$d2f)
    x$fpl$d2f                                0x08002b24   Section       98  d2f.o(x$fpl$d2f)
    $v0                                      0x08002b88   Number         0  dmul.o(x$fpl$dmul)
    x$fpl$dmul                               0x08002b88   Section      340  dmul.o(x$fpl$dmul)
    $v0                                      0x08002cdc   Number         0  dnaninf.o(x$fpl$dnaninf)
    x$fpl$dnaninf                            0x08002cdc   Section      156  dnaninf.o(x$fpl$dnaninf)
    $v0                                      0x08002d78   Number         0  dretinf.o(x$fpl$dretinf)
    x$fpl$dretinf                            0x08002d78   Section       12  dretinf.o(x$fpl$dretinf)
    $v0                                      0x08002d84   Number         0  f2d.o(x$fpl$f2d)
    x$fpl$f2d                                0x08002d84   Section       86  f2d.o(x$fpl$f2d)
    $v0                                      0x08002dda   Number         0  fnaninf.o(x$fpl$fnaninf)
    x$fpl$fnaninf                            0x08002dda   Section      140  fnaninf.o(x$fpl$fnaninf)
    $v0                                      0x08002e66   Number         0  fpinit.o(x$fpl$fpinit)
    x$fpl$fpinit                             0x08002e66   Section       26  fpinit.o(x$fpl$fpinit)
    $v0                                      0x08002e80   Number         0  fretinf.o(x$fpl$fretinf)
    x$fpl$fretinf                            0x08002e80   Section       10  fretinf.o(x$fpl$fretinf)
    x$fpl$usenofp                            0x08002e8a   Section        0  usenofp.o(x$fpl$usenofp)
    twooverpi                                0x08002e8c   Data          32  rredf.o(.constdata)
    .constdata                               0x08002e8c   Section       32  rredf.o(.constdata)
    .init_array                              0x08002ee0   Section        0  init_aeabi.o(.init_array)
    .L_MergedGlobals                         0x20000000   Data           8  stm32f4xx_hal.o(.data..L_MergedGlobals)
    [Anonymous Symbol]                       0x20000000   Section        0  stm32f4xx_hal.o(.data..L_MergedGlobals)
    .bss                                     0x20000050   Section       96  libspace.o(.bss)
    .L_MergedGlobals                         0x200000b0   Data          12  motor.o(.bss..L_MergedGlobals)
    [Anonymous Symbol]                       0x200000b0   Section        0  motor.o(.bss..L_MergedGlobals)
    .L_MergedGlobals                         0x200000bc   Data          12  main.o(.bss..L_MergedGlobals)
    [Anonymous Symbol]                       0x200000bc   Section        0  main.o(.bss..L_MergedGlobals)
    Heap_Mem                                 0x20000228   Data         512  startup_stm32f427xx.o(HEAP)
    HEAP                                     0x20000228   Section      512  startup_stm32f427xx.o(HEAP)
    Stack_Mem                                0x20000428   Data        1024  startup_stm32f427xx.o(STACK)
    STACK                                    0x20000428   Section     1024  startup_stm32f427xx.o(STACK)
    __initial_sp                             0x20000828   Data           0  startup_stm32f427xx.o(STACK)

    Global Symbols

    Symbol Name                              Value     Ov Type        Size  Object(Section)

    BuildAttributes$$THM_ISAv4$E$P$D$K$B$S$7EM$VFPi3$EXTD16$VFPS$VFMA$PE$A:L22UL41UL21$X:L11$S22US41US21$IEEE1$IW$~IW$USESV6$~STKCKD$USESV7$~SHL$OTIME$ROPI$IEEEX$EBA8$UX$STANDARDLIB$REQ8$PRES8$EABIv2 0x00000000   Number         0  anon$$obj.o ABSOLUTE
    __ARM_exceptions_init                     - Undefined Weak Reference
    __alloca_initialize                       - Undefined Weak Reference
    __arm_preinit_                            - Undefined Weak Reference
    __arm_relocate_pie_                       - Undefined Weak Reference
    __rt_locale                               - Undefined Weak Reference
    __sigvec_lookup                           - Undefined Weak Reference
    __user_heap_extent                        - Undefined Weak Reference
    _atexit_init                              - Undefined Weak Reference
    _call_atexit_fns                          - Undefined Weak Reference
    _clock_init                               - Undefined Weak Reference
    _fp_trap_init                             - Undefined Weak Reference
    _fp_trap_shutdown                         - Undefined Weak Reference
    _get_lc_collate                           - Undefined Weak Reference
    _get_lc_ctype                             - Undefined Weak Reference
    _get_lc_monetary                          - Undefined Weak Reference
    _get_lc_numeric                           - Undefined Weak Reference
    _get_lc_time                              - Undefined Weak Reference
    _getenv_init                              - Undefined Weak Reference
    _handle_redirection                       - Undefined Weak Reference
    _initio                                   - Undefined Weak Reference
    _mutex_acquire                            - Undefined Weak Reference
    _mutex_free                               - Undefined Weak Reference
    _mutex_release                            - Undefined Weak Reference
    _rand_init                                - Undefined Weak Reference
    _signal_finish                            - Undefined Weak Reference
    _signal_init                              - Undefined Weak Reference
    _terminateio                              - Undefined Weak Reference
    __Vectors_Size                           0x000001ac   Number         0  startup_stm32f427xx.o ABSOLUTE
    __Vectors                                0x08000000   Data           4  startup_stm32f427xx.o(RESET)
    __dso_handle                             0x08000000   Number         0  startup_stm32f427xx.o(RESET)
    __Vectors_End                            0x080001ac   Data           0  startup_stm32f427xx.o(RESET)
    __main                                   0x080001ad   Thumb Code     8  __main.o(!!!main)
    __scatterload                            0x080001b5   Thumb Code     0  __scatter.o(!!!scatter)
    __scatterload_rt2                        0x080001b5   Thumb Code    44  __scatter.o(!!!scatter)
    __scatterload_rt2_thumb_only             0x080001b5   Thumb Code     0  __scatter.o(!!!scatter)
    __scatterload_null                       0x080001c3   Thumb Code     0  __scatter.o(!!!scatter)
    __scatterload_copy                       0x080001e9   Thumb Code    26  __scatter_copy.o(!!handler_copy)
    __scatterload_zeroinit                   0x08000205   Thumb Code    28  __scatter_zi.o(!!handler_zi)
    __rt_lib_init                            0x08000221   Thumb Code     0  libinit.o(.ARM.Collect$$libinit$$00000000)
    __rt_lib_init_fp_1                       0x08000223   Thumb Code     0  libinit2.o(.ARM.Collect$$libinit$$00000001)
    __rt_lib_init_heap_2                     0x08000227   Thumb Code     0  libinit2.o(.ARM.Collect$$libinit$$00000007)
    __rt_lib_init_preinit_1                  0x08000227   Thumb Code     0  libinit2.o(.ARM.Collect$$libinit$$00000006)
    __rt_lib_init_relocate_pie_1             0x08000227   Thumb Code     0  libinit2.o(.ARM.Collect$$libinit$$00000004)
    __rt_lib_init_alloca_1                   0x0800022f   Thumb Code     0  libinit2.o(.ARM.Collect$$libinit$$00000030)
    __rt_lib_init_argv_1                     0x0800022f   Thumb Code     0  libinit2.o(.ARM.Collect$$libinit$$0000002E)
    __rt_lib_init_atexit_1                   0x0800022f   Thumb Code     0  libinit2.o(.ARM.Collect$$libinit$$0000001D)
    __rt_lib_init_clock_1                    0x0800022f   Thumb Code     0  libinit2.o(.ARM.Collect$$libinit$$00000023)
    __rt_lib_init_cpp_2                      0x0800022f   Thumb Code     0  libinit2.o(.ARM.Collect$$libinit$$00000033)
    __rt_lib_init_exceptions_1               0x0800022f   Thumb Code     0  libinit2.o(.ARM.Collect$$libinit$$00000032)
    __rt_lib_init_fp_trap_1                  0x0800022f   Thumb Code     0  libinit2.o(.ARM.Collect$$libinit$$00000021)
    __rt_lib_init_getenv_1                   0x0800022f   Thumb Code     0  libinit2.o(.ARM.Collect$$libinit$$00000025)
    __rt_lib_init_heap_1                     0x0800022f   Thumb Code     0  libinit2.o(.ARM.Collect$$libinit$$0000000C)
    __rt_lib_init_lc_collate_1               0x0800022f   Thumb Code     0  libinit2.o(.ARM.Collect$$libinit$$00000013)
    __rt_lib_init_lc_ctype_1                 0x0800022f   Thumb Code     0  libinit2.o(.ARM.Collect$$libinit$$00000015)
    __rt_lib_init_lc_monetary_1              0x0800022f   Thumb Code     0  libinit2.o(.ARM.Collect$$libinit$$00000017)
    __rt_lib_init_lc_numeric_1               0x0800022f   Thumb Code     0  libinit2.o(.ARM.Collect$$libinit$$00000019)
    __rt_lib_init_lc_time_1                  0x0800022f   Thumb Code     0  libinit2.o(.ARM.Collect$$libinit$$0000001B)
    __rt_lib_init_rand_1                     0x0800022f   Thumb Code     0  libinit2.o(.ARM.Collect$$libinit$$00000010)
    __rt_lib_init_signal_1                   0x0800022f   Thumb Code     0  libinit2.o(.ARM.Collect$$libinit$$0000001F)
    __rt_lib_init_stdio_1                    0x0800022f   Thumb Code     0  libinit2.o(.ARM.Collect$$libinit$$00000027)
    __rt_lib_init_user_alloc_1               0x0800022f   Thumb Code     0  libinit2.o(.ARM.Collect$$libinit$$0000000E)
    __rt_lib_init_cpp_1                      0x08000233   Thumb Code     0  libinit2.o(.ARM.Collect$$libinit$$00000034)
    __rt_lib_init_return                     0x08000233   Thumb Code     0  libinit2.o(.ARM.Collect$$libinit$$00000035)
    __rt_lib_shutdown                        0x08000235   Thumb Code     0  libshutdown.o(.ARM.Collect$$libshutdown$$00000000)
    __rt_lib_shutdown_cpp_2                  0x08000237   Thumb Code     0  libshutdown2.o(.ARM.Collect$$libshutdown$$00000001)
    __rt_lib_shutdown_cpp_1                  0x0800023d   Thumb Code     0  libshutdown2.o(.ARM.Collect$$libshutdown$$00000002)
    __rt_lib_shutdown_fp_trap_1              0x0800023d   Thumb Code     0  libshutdown2.o(.ARM.Collect$$libshutdown$$00000007)
    __rt_lib_shutdown_heap_1                 0x0800023d   Thumb Code     0  libshutdown2.o(.ARM.Collect$$libshutdown$$0000000F)
    __rt_lib_shutdown_return                 0x0800023d   Thumb Code     0  libshutdown2.o(.ARM.Collect$$libshutdown$$00000010)
    __rt_lib_shutdown_signal_1               0x0800023d   Thumb Code     0  libshutdown2.o(.ARM.Collect$$libshutdown$$0000000A)
    __rt_lib_shutdown_stdio_1                0x0800023d   Thumb Code     0  libshutdown2.o(.ARM.Collect$$libshutdown$$00000004)
    __rt_lib_shutdown_user_alloc_1           0x0800023d   Thumb Code     0  libshutdown2.o(.ARM.Collect$$libshutdown$$0000000C)
    __rt_entry                               0x0800023f   Thumb Code     0  __rtentry.o(.ARM.Collect$$rtentry$$00000000)
    __rt_entry_presh_1                       0x0800023f   Thumb Code     0  __rtentry2.o(.ARM.Collect$$rtentry$$00000002)
    __rt_entry_sh                            0x0800023f   Thumb Code     0  __rtentry4.o(.ARM.Collect$$rtentry$$00000004)
    __rt_entry_li                            0x08000245   Thumb Code     0  __rtentry2.o(.ARM.Collect$$rtentry$$0000000A)
    __rt_entry_postsh_1                      0x08000245   Thumb Code     0  __rtentry2.o(.ARM.Collect$$rtentry$$00000009)
    __rt_entry_main                          0x08000249   Thumb Code     0  __rtentry2.o(.ARM.Collect$$rtentry$$0000000D)
    __rt_entry_postli_1                      0x08000249   Thumb Code     0  __rtentry2.o(.ARM.Collect$$rtentry$$0000000C)
    __rt_exit                                0x08000251   Thumb Code     0  rtexit.o(.ARM.Collect$$rtexit$$00000000)
    __rt_exit_ls                             0x08000253   Thumb Code     0  rtexit2.o(.ARM.Collect$$rtexit$$00000003)
    __rt_exit_prels_1                        0x08000253   Thumb Code     0  rtexit2.o(.ARM.Collect$$rtexit$$00000002)
    __rt_exit_exit                           0x08000257   Thumb Code     0  rtexit2.o(.ARM.Collect$$rtexit$$00000004)
    Reset_Handler                            0x0800025d   Thumb Code     8  startup_stm32f427xx.o(.text)
    ADC_IRQHandler                           0x08000277   Thumb Code     0  startup_stm32f427xx.o(.text)
    CAN1_RX1_IRQHandler                      0x08000277   Thumb Code     0  startup_stm32f427xx.o(.text)
    CAN1_SCE_IRQHandler                      0x08000277   Thumb Code     0  startup_stm32f427xx.o(.text)
    CAN2_RX0_IRQHandler                      0x08000277   Thumb Code     0  startup_stm32f427xx.o(.text)
    CAN2_RX1_IRQHandler                      0x08000277   Thumb Code     0  startup_stm32f427xx.o(.text)
    CAN2_SCE_IRQHandler                      0x08000277   Thumb Code     0  startup_stm32f427xx.o(.text)
    CAN2_TX_IRQHandler                       0x08000277   Thumb Code     0  startup_stm32f427xx.o(.text)
    DCMI_IRQHandler                          0x08000277   Thumb Code     0  startup_stm32f427xx.o(.text)
    DMA1_Stream0_IRQHandler                  0x08000277   Thumb Code     0  startup_stm32f427xx.o(.text)
    DMA1_Stream1_IRQHandler                  0x08000277   Thumb Code     0  startup_stm32f427xx.o(.text)
    DMA1_Stream2_IRQHandler                  0x08000277   Thumb Code     0  startup_stm32f427xx.o(.text)
    DMA1_Stream3_IRQHandler                  0x08000277   Thumb Code     0  startup_stm32f427xx.o(.text)
    DMA1_Stream4_IRQHandler                  0x08000277   Thumb Code     0  startup_stm32f427xx.o(.text)
    DMA1_Stream5_IRQHandler                  0x08000277   Thumb Code     0  startup_stm32f427xx.o(.text)
    DMA1_Stream6_IRQHandler                  0x08000277   Thumb Code     0  startup_stm32f427xx.o(.text)
    DMA1_Stream7_IRQHandler                  0x08000277   Thumb Code     0  startup_stm32f427xx.o(.text)
    DMA2D_IRQHandler                         0x08000277   Thumb Code     0  startup_stm32f427xx.o(.text)
    DMA2_Stream0_IRQHandler                  0x08000277   Thumb Code     0  startup_stm32f427xx.o(.text)
    DMA2_Stream1_IRQHandler                  0x08000277   Thumb Code     0  startup_stm32f427xx.o(.text)
    DMA2_Stream2_IRQHandler                  0x08000277   Thumb Code     0  startup_stm32f427xx.o(.text)
    DMA2_Stream3_IRQHandler                  0x08000277   Thumb Code     0  startup_stm32f427xx.o(.text)
    DMA2_Stream4_IRQHandler                  0x08000277   Thumb Code     0  startup_stm32f427xx.o(.text)
    DMA2_Stream5_IRQHandler                  0x08000277   Thumb Code     0  startup_stm32f427xx.o(.text)
    DMA2_Stream6_IRQHandler                  0x08000277   Thumb Code     0  startup_stm32f427xx.o(.text)
    DMA2_Stream7_IRQHandler                  0x08000277   Thumb Code     0  startup_stm32f427xx.o(.text)
    ETH_IRQHandler                           0x08000277   Thumb Code     0  startup_stm32f427xx.o(.text)
    ETH_WKUP_IRQHandler                      0x08000277   Thumb Code     0  startup_stm32f427xx.o(.text)
    EXTI0_IRQHandler                         0x08000277   Thumb Code     0  startup_stm32f427xx.o(.text)
    EXTI15_10_IRQHandler                     0x08000277   Thumb Code     0  startup_stm32f427xx.o(.text)
    EXTI1_IRQHandler                         0x08000277   Thumb Code     0  startup_stm32f427xx.o(.text)
    EXTI2_IRQHandler                         0x08000277   Thumb Code     0  startup_stm32f427xx.o(.text)
    EXTI3_IRQHandler                         0x08000277   Thumb Code     0  startup_stm32f427xx.o(.text)
    EXTI4_IRQHandler                         0x08000277   Thumb Code     0  startup_stm32f427xx.o(.text)
    EXTI9_5_IRQHandler                       0x08000277   Thumb Code     0  startup_stm32f427xx.o(.text)
    FLASH_IRQHandler                         0x08000277   Thumb Code     0  startup_stm32f427xx.o(.text)
    FMC_IRQHandler                           0x08000277   Thumb Code     0  startup_stm32f427xx.o(.text)
    FPU_IRQHandler                           0x08000277   Thumb Code     0  startup_stm32f427xx.o(.text)
    HASH_RNG_IRQHandler                      0x08000277   Thumb Code     0  startup_stm32f427xx.o(.text)
    I2C1_ER_IRQHandler                       0x08000277   Thumb Code     0  startup_stm32f427xx.o(.text)
    I2C1_EV_IRQHandler                       0x08000277   Thumb Code     0  startup_stm32f427xx.o(.text)
    I2C2_ER_IRQHandler                       0x08000277   Thumb Code     0  startup_stm32f427xx.o(.text)
    I2C2_EV_IRQHandler                       0x08000277   Thumb Code     0  startup_stm32f427xx.o(.text)
    I2C3_ER_IRQHandler                       0x08000277   Thumb Code     0  startup_stm32f427xx.o(.text)
    I2C3_EV_IRQHandler                       0x08000277   Thumb Code     0  startup_stm32f427xx.o(.text)
    OTG_FS_IRQHandler                        0x08000277   Thumb Code     0  startup_stm32f427xx.o(.text)
    OTG_FS_WKUP_IRQHandler                   0x08000277   Thumb Code     0  startup_stm32f427xx.o(.text)
    OTG_HS_EP1_IN_IRQHandler                 0x08000277   Thumb Code     0  startup_stm32f427xx.o(.text)
    OTG_HS_EP1_OUT_IRQHandler                0x08000277   Thumb Code     0  startup_stm32f427xx.o(.text)
    OTG_HS_IRQHandler                        0x08000277   Thumb Code     0  startup_stm32f427xx.o(.text)
    OTG_HS_WKUP_IRQHandler                   0x08000277   Thumb Code     0  startup_stm32f427xx.o(.text)
    PVD_IRQHandler                           0x08000277   Thumb Code     0  startup_stm32f427xx.o(.text)
    RCC_IRQHandler                           0x08000277   Thumb Code     0  startup_stm32f427xx.o(.text)
    RTC_Alarm_IRQHandler                     0x08000277   Thumb Code     0  startup_stm32f427xx.o(.text)
    RTC_WKUP_IRQHandler                      0x08000277   Thumb Code     0  startup_stm32f427xx.o(.text)
    SAI1_IRQHandler                          0x08000277   Thumb Code     0  startup_stm32f427xx.o(.text)
    SDIO_IRQHandler                          0x08000277   Thumb Code     0  startup_stm32f427xx.o(.text)
    SPI1_IRQHandler                          0x08000277   Thumb Code     0  startup_stm32f427xx.o(.text)
    SPI2_IRQHandler                          0x08000277   Thumb Code     0  startup_stm32f427xx.o(.text)
    SPI3_IRQHandler                          0x08000277   Thumb Code     0  startup_stm32f427xx.o(.text)
    SPI4_IRQHandler                          0x08000277   Thumb Code     0  startup_stm32f427xx.o(.text)
    SPI5_IRQHandler                          0x08000277   Thumb Code     0  startup_stm32f427xx.o(.text)
    SPI6_IRQHandler                          0x08000277   Thumb Code     0  startup_stm32f427xx.o(.text)
    TAMP_STAMP_IRQHandler                    0x08000277   Thumb Code     0  startup_stm32f427xx.o(.text)
    TIM1_BRK_TIM9_IRQHandler                 0x08000277   Thumb Code     0  startup_stm32f427xx.o(.text)
    TIM1_CC_IRQHandler                       0x08000277   Thumb Code     0  startup_stm32f427xx.o(.text)
    TIM1_TRG_COM_TIM11_IRQHandler            0x08000277   Thumb Code     0  startup_stm32f427xx.o(.text)
    TIM1_UP_TIM10_IRQHandler                 0x08000277   Thumb Code     0  startup_stm32f427xx.o(.text)
    TIM2_IRQHandler                          0x08000277   Thumb Code     0  startup_stm32f427xx.o(.text)
    TIM3_IRQHandler                          0x08000277   Thumb Code     0  startup_stm32f427xx.o(.text)
    TIM4_IRQHandler                          0x08000277   Thumb Code     0  startup_stm32f427xx.o(.text)
    TIM5_IRQHandler                          0x08000277   Thumb Code     0  startup_stm32f427xx.o(.text)
    TIM7_IRQHandler                          0x08000277   Thumb Code     0  startup_stm32f427xx.o(.text)
    TIM8_BRK_TIM12_IRQHandler                0x08000277   Thumb Code     0  startup_stm32f427xx.o(.text)
    TIM8_CC_IRQHandler                       0x08000277   Thumb Code     0  startup_stm32f427xx.o(.text)
    TIM8_TRG_COM_TIM14_IRQHandler            0x08000277   Thumb Code     0  startup_stm32f427xx.o(.text)
    TIM8_UP_TIM13_IRQHandler                 0x08000277   Thumb Code     0  startup_stm32f427xx.o(.text)
    UART4_IRQHandler                         0x08000277   Thumb Code     0  startup_stm32f427xx.o(.text)
    UART5_IRQHandler                         0x08000277   Thumb Code     0  startup_stm32f427xx.o(.text)
    UART7_IRQHandler                         0x08000277   Thumb Code     0  startup_stm32f427xx.o(.text)
    UART8_IRQHandler                         0x08000277   Thumb Code     0  startup_stm32f427xx.o(.text)
    USART1_IRQHandler                        0x08000277   Thumb Code     0  startup_stm32f427xx.o(.text)
    USART2_IRQHandler                        0x08000277   Thumb Code     0  startup_stm32f427xx.o(.text)
    USART3_IRQHandler                        0x08000277   Thumb Code     0  startup_stm32f427xx.o(.text)
    USART6_IRQHandler                        0x08000277   Thumb Code     0  startup_stm32f427xx.o(.text)
    WWDG_IRQHandler                          0x08000277   Thumb Code     0  startup_stm32f427xx.o(.text)
    __user_initial_stackheap                 0x08000279   Thumb Code     0  startup_stm32f427xx.o(.text)
    __aeabi_uldivmod                         0x0800029d   Thumb Code     0  lludivv7m.o(.text)
    _ll_udiv                                 0x0800029d   Thumb Code   240  lludivv7m.o(.text)
    __cxa_atexit                             0x0800038d   Thumb Code    10  cxa_atexit.o(.text)
    __use_two_region_memory                  0x08000397   Thumb Code     2  heapauxi.o(.text)
    __rt_heap_escrow                         0x08000399   Thumb Code     2  heapauxi.o(.text)
    __rt_heap_expand                         0x0800039b   Thumb Code     2  heapauxi.o(.text)
    __cpp_initialize__aeabi_                 0x0800039d   Thumb Code    28  init_aeabi.o(.text)
    malloc                                   0x080003c1   Thumb Code    94  h1_alloc.o(.text)
    free                                     0x0800041f   Thumb Code    78  h1_free.o(.text)
    __read_errno                             0x0800046d   Thumb Code    10  _rserrno.o(.text)
    __set_errno                              0x08000477   Thumb Code    12  _rserrno.o(.text)
    __aeabi_atexit                           0x08000483   Thumb Code    46  aeabi_atexit.o(.text)
    _sys_exit                                0x080004b1   Thumb Code     8  sys_exit.o(.text)
    __rt_heap_descriptor                     0x080004bd   Thumb Code     8  rt_heap_descriptor_intlibspace.o(.text)
    __rt_ddtor_pointer_addr                  0x080004c5   Thumb Code     8  rt_ddtor_pointer_addr_intlibspace.o(.text)
    __aeabi_errno_addr                       0x080004cd   Thumb Code     8  rt_errno_addr_intlibspace.o(.text)
    __errno$intlibspace                      0x080004cd   Thumb Code     0  rt_errno_addr_intlibspace.o(.text)
    __rt_errno_addr$intlibspace              0x080004cd   Thumb Code     0  rt_errno_addr_intlibspace.o(.text)
    __use_no_heap                            0x080004d5   Thumb Code     2  hguard.o(.text)
    __heap$guard                             0x080004d7   Thumb Code     2  hguard.o(.text)
    _terminate_user_alloc                    0x080004d9   Thumb Code     2  init_alloc.o(.text)
    _init_user_alloc                         0x080004db   Thumb Code     2  init_alloc.o(.text)
    __Heap_Full                              0x080004dd   Thumb Code    34  init_alloc.o(.text)
    __Heap_Broken                            0x080004ff   Thumb Code     6  init_alloc.o(.text)
    _init_alloc                              0x08000505   Thumb Code    94  init_alloc.o(.text)
    __Heap_Initialize                        0x08000563   Thumb Code    10  h1_init.o(.text)
    __Heap_DescSize                          0x0800056d   Thumb Code     4  h1_init.o(.text)
    __cxa_finalize                           0x08000571   Thumb Code    66  cxa_finalize.o(.text)
    __user_libspace                          0x080005b5   Thumb Code     8  libspace.o(.text)
    __user_perproc_libspace                  0x080005b5   Thumb Code     0  libspace.o(.text)
    __user_perthread_libspace                0x080005b5   Thumb Code     0  libspace.o(.text)
    __I$use$semihosting                      0x080005bd   Thumb Code     0  use_no_semi.o(.text)
    __use_no_semihosting_swi                 0x080005bd   Thumb Code     2  use_no_semi.o(.text)
    __semihosting_library_function           0x080005bf   Thumb Code     0  indicate_semi.o(.text)
    __user_setup_stackheap                   0x080005bf   Thumb Code    74  sys_stackheap_outer.o(.text)
    __Heap_ProvideMemory                     0x08000609   Thumb Code    52  h1_extend.o(.text)
    _maybe_terminate_alloc                   0x08000609   Thumb Code     0  maybetermalloc1.o(.text)
    exit                                     0x0800063d   Thumb Code    18  exit.o(.text)
    __sig_exit                               0x0800064f   Thumb Code    10  defsig_exit.o(.text)
    __rt_SIGRTMEM                            0x08000659   Thumb Code    14  defsig_rtmem_outer.o(.text)
    __default_signal_display                 0x08000667   Thumb Code    50  defsig_general.o(.text)
    __rt_SIGRTMEM_inner                      0x08000699   Thumb Code    22  defsig_rtmem_inner.o(.text)
    _ttywrch                                 0x080006e9   Thumb Code    14  sys_wrch.o(.text)
    BusFault_Handler                         0x080006f9   Thumb Code     2  stm32f4xx_it.o(.text.BusFault_Handler)
    CAN1_RX0_IRQHandler                      0x080006fd   Thumb Code    12  stm32f4xx_it.o(.text.CAN1_RX0_IRQHandler)
    CAN1_TX_IRQHandler                       0x08000709   Thumb Code    12  stm32f4xx_it.o(.text.CAN1_TX_IRQHandler)
    DebugMon_Handler                         0x08000715   Thumb Code     2  stm32f4xx_it.o(.text.DebugMon_Handler)
    Error_Handler                            0x08000719   Thumb Code     6  main.o(.text.Error_Handler)
    HAL_CAN_ActivateNotification             0x08000721   Thumb Code    46  stm32f4xx_hal_can.o(.text.HAL_CAN_ActivateNotification)
    HAL_CAN_AddTxMessage                     0x08000751   Thumb Code   168  stm32f4xx_hal_can.o(.text.HAL_CAN_AddTxMessage)
    HAL_CAN_ConfigFilter                     0x080007f9   Thumb Code   222  stm32f4xx_hal_can.o(.text.HAL_CAN_ConfigFilter)
    HAL_CAN_ErrorCallback                    0x080008d9   Thumb Code     2  stm32f4xx_hal_can.o(.text.HAL_CAN_ErrorCallback)
    HAL_CAN_GetRxMessage                     0x080008dd   Thumb Code   308  stm32f4xx_hal_can.o(.text.HAL_CAN_GetRxMessage)
    HAL_CAN_IRQHandler                       0x08000a11   Thumb Code   606  stm32f4xx_hal_can.o(.text.HAL_CAN_IRQHandler)
    HAL_CAN_Init                             0x08000c71   Thumb Code   244  stm32f4xx_hal_can.o(.text.HAL_CAN_Init)
    HAL_CAN_MspInit                          0x08000d65   Thumb Code   136  can.o(.text.HAL_CAN_MspInit)
    HAL_CAN_RxFifo0FullCallback              0x08000ded   Thumb Code     2  stm32f4xx_hal_can.o(.text.HAL_CAN_RxFifo0FullCallback)
    HAL_CAN_RxFifo0MsgPendingCallback        0x08000df1   Thumb Code    98  callback.o(.text.HAL_CAN_RxFifo0MsgPendingCallback)
    HAL_CAN_RxFifo1FullCallback              0x08000e55   Thumb Code     2  stm32f4xx_hal_can.o(.text.HAL_CAN_RxFifo1FullCallback)
    HAL_CAN_RxFifo1MsgPendingCallback        0x08000e59   Thumb Code     2  stm32f4xx_hal_can.o(.text.HAL_CAN_RxFifo1MsgPendingCallback)
    HAL_CAN_SleepCallback                    0x08000e5d   Thumb Code     2  stm32f4xx_hal_can.o(.text.HAL_CAN_SleepCallback)
    HAL_CAN_Start                            0x08000e61   Thumb Code    90  stm32f4xx_hal_can.o(.text.HAL_CAN_Start)
    HAL_CAN_TxMailbox0AbortCallback          0x08000ebd   Thumb Code     2  stm32f4xx_hal_can.o(.text.HAL_CAN_TxMailbox0AbortCallback)
    HAL_CAN_TxMailbox0CompleteCallback       0x08000ec1   Thumb Code     2  stm32f4xx_hal_can.o(.text.HAL_CAN_TxMailbox0CompleteCallback)
    HAL_CAN_TxMailbox1AbortCallback          0x08000ec5   Thumb Code     2  stm32f4xx_hal_can.o(.text.HAL_CAN_TxMailbox1AbortCallback)
    HAL_CAN_TxMailbox1CompleteCallback       0x08000ec9   Thumb Code     2  stm32f4xx_hal_can.o(.text.HAL_CAN_TxMailbox1CompleteCallback)
    HAL_CAN_TxMailbox2AbortCallback          0x08000ecd   Thumb Code     2  stm32f4xx_hal_can.o(.text.HAL_CAN_TxMailbox2AbortCallback)
    HAL_CAN_TxMailbox2CompleteCallback       0x08000ed1   Thumb Code     2  stm32f4xx_hal_can.o(.text.HAL_CAN_TxMailbox2CompleteCallback)
    HAL_CAN_WakeUpFromRxMsgCallback          0x08000ed5   Thumb Code     2  stm32f4xx_hal_can.o(.text.HAL_CAN_WakeUpFromRxMsgCallback)
    HAL_Delay                                0x08000ed9   Thumb Code    40  stm32f4xx_hal.o(.text.HAL_Delay)
    HAL_GPIO_Init                            0x08000f01   Thumb Code   422  stm32f4xx_hal_gpio.o(.text.HAL_GPIO_Init)
    HAL_GPIO_ReadPin                         0x080010a9   Thumb Code    10  stm32f4xx_hal_gpio.o(.text.HAL_GPIO_ReadPin)
    HAL_GPIO_TogglePin                       0x080010b5   Thumb Code    16  stm32f4xx_hal_gpio.o(.text.HAL_GPIO_TogglePin)
    HAL_GPIO_WritePin                        0x080010c5   Thumb Code    10  stm32f4xx_hal_gpio.o(.text.HAL_GPIO_WritePin)
    HAL_GetTick                              0x080010d1   Thumb Code    12  stm32f4xx_hal.o(.text.HAL_GetTick)
    HAL_IncTick                              0x080010dd   Thumb Code    26  stm32f4xx_hal.o(.text.HAL_IncTick)
    HAL_Init                                 0x080010f9   Thumb Code    54  stm32f4xx_hal.o(.text.HAL_Init)
    HAL_InitTick                             0x08001131   Thumb Code    72  stm32f4xx_hal.o(.text.HAL_InitTick)
    HAL_MspInit                              0x08001179   Thumb Code    56  stm32f4xx_hal_msp.o(.text.HAL_MspInit)
    HAL_NVIC_EnableIRQ                       0x080011b1   Thumb Code    38  stm32f4xx_hal_cortex.o(.text.HAL_NVIC_EnableIRQ)
    HAL_NVIC_SetPriority                     0x080011d9   Thumb Code    86  stm32f4xx_hal_cortex.o(.text.HAL_NVIC_SetPriority)
    HAL_NVIC_SetPriorityGrouping             0x08001231   Thumb Code    32  stm32f4xx_hal_cortex.o(.text.HAL_NVIC_SetPriorityGrouping)
    HAL_PWREx_EnableOverDrive                0x08001251   Thumb Code   122  stm32f4xx_hal_pwr_ex.o(.text.HAL_PWREx_EnableOverDrive)
    HAL_RCC_ClockConfig                      0x080012cd   Thumb Code   352  stm32f4xx_hal_rcc.o(.text.HAL_RCC_ClockConfig)
    HAL_RCC_GetSysClockFreq                  0x0800142d   Thumb Code   106  stm32f4xx_hal_rcc.o(.text.HAL_RCC_GetSysClockFreq)
    HAL_RCC_OscConfig                        0x08001499   Thumb Code   884  stm32f4xx_hal_rcc.o(.text.HAL_RCC_OscConfig)
    HAL_SYSTICK_Config                       0x0800180d   Thumb Code    44  stm32f4xx_hal_cortex.o(.text.HAL_SYSTICK_Config)
    HAL_TIMEx_BreakCallback                  0x08001839   Thumb Code     2  stm32f4xx_hal_tim_ex.o(.text.HAL_TIMEx_BreakCallback)
    HAL_TIMEx_CommutCallback                 0x0800183d   Thumb Code     2  stm32f4xx_hal_tim_ex.o(.text.HAL_TIMEx_CommutCallback)
    HAL_TIMEx_MasterConfigSynchronization    0x08001841   Thumb Code   182  stm32f4xx_hal_tim_ex.o(.text.HAL_TIMEx_MasterConfigSynchronization)
    HAL_TIM_Base_Init                        0x080018f9   Thumb Code    90  stm32f4xx_hal_tim.o(.text.HAL_TIM_Base_Init)
    HAL_TIM_Base_MspInit                     0x08001955   Thumb Code    74  tim.o(.text.HAL_TIM_Base_MspInit)
    HAL_TIM_Base_Start_IT                    0x080019a1   Thumb Code   170  stm32f4xx_hal_tim.o(.text.HAL_TIM_Base_Start_IT)
    HAL_TIM_IC_CaptureCallback               0x08001a4d   Thumb Code     2  stm32f4xx_hal_tim.o(.text.HAL_TIM_IC_CaptureCallback)
    HAL_TIM_IRQHandler                       0x08001a51   Thumb Code   334  stm32f4xx_hal_tim.o(.text.HAL_TIM_IRQHandler)
    HAL_TIM_OC_DelayElapsedCallback          0x08001ba1   Thumb Code     2  stm32f4xx_hal_tim.o(.text.HAL_TIM_OC_DelayElapsedCallback)
    HAL_TIM_PWM_PulseFinishedCallback        0x08001ba5   Thumb Code     2  stm32f4xx_hal_tim.o(.text.HAL_TIM_PWM_PulseFinishedCallback)
    HAL_TIM_PeriodElapsedCallback            0x08001ba9   Thumb Code   108  callback.o(.text.HAL_TIM_PeriodElapsedCallback)
    HAL_TIM_TriggerCallback                  0x08001c15   Thumb Code     2  stm32f4xx_hal_tim.o(.text.HAL_TIM_TriggerCallback)
    HardFault_Handler                        0x08001c19   Thumb Code     2  stm32f4xx_it.o(.text.HardFault_Handler)
    MX_CAN1_Init                             0x08001c1d   Thumb Code    64  can.o(.text.MX_CAN1_Init)
    MX_GPIO_Init                             0x08001c5d   Thumb Code   186  gpio.o(.text.MX_GPIO_Init)
    MX_TIM6_Init                             0x08001d19   Thumb Code    80  tim.o(.text.MX_TIM6_Init)
    MemManage_Handler                        0x08001d69   Thumb Code     2  stm32f4xx_it.o(.text.MemManage_Handler)
    NMI_Handler                              0x08001d6d   Thumb Code     2  stm32f4xx_it.o(.text.NMI_Handler)
    PendSV_Handler                           0x08001d71   Thumb Code     2  stm32f4xx_it.o(.text.PendSV_Handler)
    SVC_Handler                              0x08001d75   Thumb Code     2  stm32f4xx_it.o(.text.SVC_Handler)
    SysTick_Handler                          0x08001d79   Thumb Code     4  stm32f4xx_it.o(.text.SysTick_Handler)
    SystemClock_Config                       0x08001d7d   Thumb Code   184  main.o(.text.SystemClock_Config)
    SystemInit                               0x08001e35   Thumb Code    18  system_stm32f4xx.o(.text.SystemInit)
    TIM6_DAC_IRQHandler                      0x08001e49   Thumb Code    12  stm32f4xx_it.o(.text.TIM6_DAC_IRQHandler)
    TIM_Base_SetConfig                       0x08001e55   Thumb Code   322  stm32f4xx_hal_tim.o(.text.TIM_Base_SetConfig)
    UsageFault_Handler                       0x08001f99   Thumb Code     2  stm32f4xx_it.o(.text.UsageFault_Handler)
    M3508Motor::read_RxMsg(unsigned char const*) 0x08001fd1   Thumb Code   460  motor.o(.text._ZN10M3508Motor10read_RxMsgEPKh)
    M3508Motor::write_TxMsg(unsigned char*)  0x0800219d   Thumb Code    44  motor.o(.text._ZN10M3508Motor11write_TxMsgEPh)
    M3508Motor::handle()                     0x080021c9   Thumb Code   456  motor.o(.text._ZN10M3508Motor6handleEv)
    M3508Motor::M3508Motor__sub_object(float, int) 0x08002391   Thumb Code   376  motor.o(.text._ZN10M3508MotorC2Efi)
    M3508Motor::~M3508Motor__sub_object()    0x08002509   Thumb Code    68  motor.o(.text._ZN10M3508MotorD2Ev)
    PID::set_out_max(float)                  0x0800254d   Thumb Code    28  pid.o(.text._ZN3PID11set_out_maxEf)
    PID::calc(float, float)                  0x08002569   Thumb Code   368  pid.o(.text._ZN3PID4calcEff)
    std::get_new_handler()                   0x080026d9   Thumb Code    12  cxa_handlers.cpp.o(.text._ZSt15get_new_handlerv)
    operator delete(void*)                   0x080026e5   Thumb Code     4  new.cpp.o(.text._ZdlPv)
    operator delete(void*, unsigned int)     0x080026e9   Thumb Code     4  new.cpp.o(.text._ZdlPvj)
    operator new(unsigned int)               0x080026ed   Thumb Code    38  new.cpp.o(.text._Znwj)
    main                                     0x08002715   Thumb Code   222  main.o(.text.main)
    __ARM_fpclassifyf                        0x080027f3   Thumb Code    38  fpclassifyf.o(i.__ARM_fpclassifyf)
    __hardfp_sinf                            0x08002819   Thumb Code   344  sinf.o(i.__hardfp_sinf)
    __mathlib_flt_infnan                     0x080029a9   Thumb Code     6  funder.o(i.__mathlib_flt_infnan)
    __mathlib_flt_invalid                    0x080029b1   Thumb Code    10  funder.o(i.__mathlib_flt_invalid)
    __mathlib_flt_underflow                  0x080029c1   Thumb Code    10  funder.o(i.__mathlib_flt_underflow)
    __mathlib_rredf2                         0x080029d1   Thumb Code   316  rredf.o(i.__mathlib_rredf2)
    __aeabi_d2f                              0x08002b25   Thumb Code     0  d2f.o(x$fpl$d2f)
    _d2f                                     0x08002b25   Thumb Code    98  d2f.o(x$fpl$d2f)
    __aeabi_dmul                             0x08002b89   Thumb Code     0  dmul.o(x$fpl$dmul)
    _dmul                                    0x08002b89   Thumb Code   332  dmul.o(x$fpl$dmul)
    __fpl_dnaninf                            0x08002cdd   Thumb Code   156  dnaninf.o(x$fpl$dnaninf)
    __fpl_dretinf                            0x08002d79   Thumb Code    12  dretinf.o(x$fpl$dretinf)
    __aeabi_f2d                              0x08002d85   Thumb Code     0  f2d.o(x$fpl$f2d)
    _f2d                                     0x08002d85   Thumb Code    86  f2d.o(x$fpl$f2d)
    __fpl_fnaninf                            0x08002ddb   Thumb Code   140  fnaninf.o(x$fpl$fnaninf)
    _fp_init                                 0x08002e67   Thumb Code    26  fpinit.o(x$fpl$fpinit)
    __fplib_config_fpu_vfp                   0x08002e7f   Thumb Code     0  fpinit.o(x$fpl$fpinit)
    __fplib_config_pureend_doubles           0x08002e7f   Thumb Code     0  fpinit.o(x$fpl$fpinit)
    __fpl_fretinf                            0x08002e81   Thumb Code    10  fretinf.o(x$fpl$fretinf)
    __I$use$fp                               0x08002e8a   Number         0  usenofp.o(x$fpl$usenofp)
    AHBPrescTable                            0x08002eac   Data          16  system_stm32f4xx.o(.rodata.AHBPrescTable)
    Region$$Table$$Base                      0x08002ebc   Number         0  anon$$obj.o(Region$$Table)
    Region$$Table$$Limit                     0x08002edc   Number         0  anon$$obj.o(Region$$Table)
    SHT$$INIT_ARRAY$$Base                    0x08002edc   Number         0  motor.o(.init_array)
    SHT$$INIT_ARRAY$$Limit                   0x08002ee0   Number         0  init_aeabi.o(.init_array)
    uwTickFreq                               0x20000000   Data           1  stm32f4xx_hal.o(.data..L_MergedGlobals)
    uwTickPrio                               0x20000004   Data           4  stm32f4xx_hal.o(.data..L_MergedGlobals)
    SystemCoreClock                          0x20000008   Data           4  system_stm32f4xx.o(.data.SystemCoreClock)
    filter_config                            0x2000000c   Data          40  main.o(.data.filter_config)
    tx_header                                0x20000034   Data          24  main.o(.data.tx_header)
    __libspace_start                         0x20000050   Data          96  libspace.o(.bss)
    __temporary_stack_top$libspace           0x200000b0   Data           0  libspace.o(.bss)
    low_init_angle                           0x200000b0   Data           4  motor.o(.bss..L_MergedGlobals)
    out1                                     0x200000b4   Data           4  motor.o(.bss..L_MergedGlobals)
    out2                                     0x200000b8   Data           4  motor.o(.bss..L_MergedGlobals)
    pre_key_state                            0x200000bc   Data           1  main.o(.bss..L_MergedGlobals)
    cur_key_state                            0x200000bd   Data           1  main.o(.bss..L_MergedGlobals)
    stop_flag                                0x200000c0   Data           4  main.o(.bss..L_MergedGlobals)
    has_switched                             0x200000c4   Data           4  main.o(.bss..L_MergedGlobals)
    __cxa_new_handler                        0x200000c8   Data           4  cxa_default_handlers.cpp.o(.bss.__cxa_new_handler)
    can_tx_mailbox                           0x200000cc   Data           4  main.o(.bss.can_tx_mailbox)
    hcan1                                    0x200000d0   Data          40  can.o(.bss.hcan1)
    htim6                                    0x200000f8   Data          72  tim.o(.bss.htim6)
    motor                                    0x20000140   Data         184  motor.o(.bss.motor)
    rx_data                                  0x200001f8   Data           8  main.o(.bss.rx_data)
    rx_header                                0x20000200   Data          28  main.o(.bss.rx_header)
    tx_data                                  0x2000021c   Data           8  main.o(.bss.tx_data)
    uwTick                                   0x20000224   Data           4  stm32f4xx_hal.o(.bss.uwTick)



==============================================================================

Memory Map of the image

  Image Entry point : 0x080001ad

  Load Region LR_IROM1 (Base: 0x08000000, Size: 0x00002f30, Max: 0x00200000, ABSOLUTE)

    Execution Region ER_IROM1 (Exec base: 0x08000000, Load base: 0x08000000, Size: 0x00002ee0, Max: 0x00200000, ABSOLUTE)

    Exec Addr    Load Addr    Size         Type   Attr      Idx    E Section Name        Object

    0x08000000   0x08000000   0x000001ac   Data   RO            3    RESET               startup_stm32f427xx.o
    0x080001ac   0x080001ac   0x00000008   Code   RO         1007  * !!!main             c_w.l(__main.o)
    0x080001b4   0x080001b4   0x00000034   Code   RO         1445    !!!scatter          c_w.l(__scatter.o)
    0x080001e8   0x080001e8   0x0000001a   Code   RO         1447    !!handler_copy      c_w.l(__scatter_copy.o)
    0x08000202   0x08000202   0x00000002   PAD
    0x08000204   0x08000204   0x0000001c   Code   RO         1449    !!handler_zi        c_w.l(__scatter_zi.o)
    0x08000220   0x08000220   0x00000002   Code   RO         1382    .ARM.Collect$$libinit$$00000000  c_w.l(libinit.o)
    0x08000222   0x08000222   0x00000004   Code   RO         1153    .ARM.Collect$$libinit$$00000001  c_w.l(libinit2.o)
    0x08000226   0x08000226   0x00000000   Code   RO         1156    .ARM.Collect$$libinit$$00000004  c_w.l(libinit2.o)
    0x08000226   0x08000226   0x00000000   Code   RO         1158    .ARM.Collect$$libinit$$00000006  c_w.l(libinit2.o)
    0x08000226   0x08000226   0x00000008   Code   RO         1159    .ARM.Collect$$libinit$$00000007  c_w.l(libinit2.o)
    0x0800022e   0x0800022e   0x00000000   Code   RO         1161    .ARM.Collect$$libinit$$0000000C  c_w.l(libinit2.o)
    0x0800022e   0x0800022e   0x00000000   Code   RO         1163    .ARM.Collect$$libinit$$0000000E  c_w.l(libinit2.o)
    0x0800022e   0x0800022e   0x00000000   Code   RO         1165    .ARM.Collect$$libinit$$00000010  c_w.l(libinit2.o)
    0x0800022e   0x0800022e   0x00000000   Code   RO         1168    .ARM.Collect$$libinit$$00000013  c_w.l(libinit2.o)
    0x0800022e   0x0800022e   0x00000000   Code   RO         1170    .ARM.Collect$$libinit$$00000015  c_w.l(libinit2.o)
    0x0800022e   0x0800022e   0x00000000   Code   RO         1172    .ARM.Collect$$libinit$$00000017  c_w.l(libinit2.o)
    0x0800022e   0x0800022e   0x00000000   Code   RO         1174    .ARM.Collect$$libinit$$00000019  c_w.l(libinit2.o)
    0x0800022e   0x0800022e   0x00000000   Code   RO         1176    .ARM.Collect$$libinit$$0000001B  c_w.l(libinit2.o)
    0x0800022e   0x0800022e   0x00000000   Code   RO         1178    .ARM.Collect$$libinit$$0000001D  c_w.l(libinit2.o)
    0x0800022e   0x0800022e   0x00000000   Code   RO         1180    .ARM.Collect$$libinit$$0000001F  c_w.l(libinit2.o)
    0x0800022e   0x0800022e   0x00000000   Code   RO         1182    .ARM.Collect$$libinit$$00000021  c_w.l(libinit2.o)
    0x0800022e   0x0800022e   0x00000000   Code   RO         1184    .ARM.Collect$$libinit$$00000023  c_w.l(libinit2.o)
    0x0800022e   0x0800022e   0x00000000   Code   RO         1186    .ARM.Collect$$libinit$$00000025  c_w.l(libinit2.o)
    0x0800022e   0x0800022e   0x00000000   Code   RO         1188    .ARM.Collect$$libinit$$00000027  c_w.l(libinit2.o)
    0x0800022e   0x0800022e   0x00000000   Code   RO         1192    .ARM.Collect$$libinit$$0000002E  c_w.l(libinit2.o)
    0x0800022e   0x0800022e   0x00000000   Code   RO         1194    .ARM.Collect$$libinit$$00000030  c_w.l(libinit2.o)
    0x0800022e   0x0800022e   0x00000000   Code   RO         1196    .ARM.Collect$$libinit$$00000032  c_w.l(libinit2.o)
    0x0800022e   0x0800022e   0x00000004   Code   RO         1197    .ARM.Collect$$libinit$$00000033  c_w.l(libinit2.o)
    0x08000232   0x08000232   0x00000000   Code   RO         1198    .ARM.Collect$$libinit$$00000034  c_w.l(libinit2.o)
    0x08000232   0x08000232   0x00000002   Code   RO         1199    .ARM.Collect$$libinit$$00000035  c_w.l(libinit2.o)
    0x08000234   0x08000234   0x00000002   Code   RO         1442    .ARM.Collect$$libshutdown$$00000000  c_w.l(libshutdown.o)
    0x08000236   0x08000236   0x00000006   Code   RO         1383    .ARM.Collect$$libshutdown$$00000001  c_w.l(libshutdown2.o)
    0x0800023c   0x0800023c   0x00000000   Code   RO         1384    .ARM.Collect$$libshutdown$$00000002  c_w.l(libshutdown2.o)
    0x0800023c   0x0800023c   0x00000000   Code   RO         1386    .ARM.Collect$$libshutdown$$00000004  c_w.l(libshutdown2.o)
    0x0800023c   0x0800023c   0x00000000   Code   RO         1389    .ARM.Collect$$libshutdown$$00000007  c_w.l(libshutdown2.o)
    0x0800023c   0x0800023c   0x00000000   Code   RO         1392    .ARM.Collect$$libshutdown$$0000000A  c_w.l(libshutdown2.o)
    0x0800023c   0x0800023c   0x00000000   Code   RO         1394    .ARM.Collect$$libshutdown$$0000000C  c_w.l(libshutdown2.o)
    0x0800023c   0x0800023c   0x00000000   Code   RO         1397    .ARM.Collect$$libshutdown$$0000000F  c_w.l(libshutdown2.o)
    0x0800023c   0x0800023c   0x00000002   Code   RO         1398    .ARM.Collect$$libshutdown$$00000010  c_w.l(libshutdown2.o)
    0x0800023e   0x0800023e   0x00000000   Code   RO         1072    .ARM.Collect$$rtentry$$00000000  c_w.l(__rtentry.o)
    0x0800023e   0x0800023e   0x00000000   Code   RO         1255    .ARM.Collect$$rtentry$$00000002  c_w.l(__rtentry2.o)
    0x0800023e   0x0800023e   0x00000006   Code   RO         1267    .ARM.Collect$$rtentry$$00000004  c_w.l(__rtentry4.o)
    0x08000244   0x08000244   0x00000000   Code   RO         1257    .ARM.Collect$$rtentry$$00000009  c_w.l(__rtentry2.o)
    0x08000244   0x08000244   0x00000004   Code   RO         1258    .ARM.Collect$$rtentry$$0000000A  c_w.l(__rtentry2.o)
    0x08000248   0x08000248   0x00000000   Code   RO         1260    .ARM.Collect$$rtentry$$0000000C  c_w.l(__rtentry2.o)
    0x08000248   0x08000248   0x00000008   Code   RO         1261    .ARM.Collect$$rtentry$$0000000D  c_w.l(__rtentry2.o)
    0x08000250   0x08000250   0x00000002   Code   RO         1399    .ARM.Collect$$rtexit$$00000000  c_w.l(rtexit.o)
    0x08000252   0x08000252   0x00000000   Code   RO         1416    .ARM.Collect$$rtexit$$00000002  c_w.l(rtexit2.o)
    0x08000252   0x08000252   0x00000004   Code   RO         1417    .ARM.Collect$$rtexit$$00000003  c_w.l(rtexit2.o)
    0x08000256   0x08000256   0x00000006   Code   RO         1418    .ARM.Collect$$rtexit$$00000004  c_w.l(rtexit2.o)
    0x0800025c   0x0800025c   0x00000040   Code   RO            4    .text               startup_stm32f427xx.o
    0x0800029c   0x0800029c   0x000000f0   Code   RO          997    .text               c_w.l(lludivv7m.o)
    0x0800038c   0x0800038c   0x0000000a   Code   RO         1002    .text               c_w.l(cxa_atexit.o)
    0x08000396   0x08000396   0x00000006   Code   RO         1005    .text               c_w.l(heapauxi.o)
    0x0800039c   0x0800039c   0x00000024   Code   RO         1012    .text               c_w.l(init_aeabi.o)
    0x080003c0   0x080003c0   0x0000005e   Code   RO         1081    .text               c_w.l(h1_alloc.o)
    0x0800041e   0x0800041e   0x0000004e   Code   RO         1083    .text               c_w.l(h1_free.o)
    0x0800046c   0x0800046c   0x00000016   Code   RO         1143    .text               c_w.l(_rserrno.o)
    0x08000482   0x08000482   0x0000002e   Code   RO         1150    .text               c_w.l(aeabi_atexit.o)
    0x080004b0   0x080004b0   0x0000000c   Code   RO         1248    .text               c_w.l(sys_exit.o)
    0x080004bc   0x080004bc   0x00000008   Code   RO         1274    .text               c_w.l(rt_heap_descriptor_intlibspace.o)
    0x080004c4   0x080004c4   0x00000008   Code   RO         1279    .text               c_w.l(rt_ddtor_pointer_addr_intlibspace.o)
    0x080004cc   0x080004cc   0x00000008   Code   RO         1284    .text               c_w.l(rt_errno_addr_intlibspace.o)
    0x080004d4   0x080004d4   0x00000004   Code   RO         1286    .text               c_w.l(hguard.o)
    0x080004d8   0x080004d8   0x0000008a   Code   RO         1288    .text               c_w.l(init_alloc.o)
    0x08000562   0x08000562   0x0000000e   Code   RO         1292    .text               c_w.l(h1_init.o)
    0x08000570   0x08000570   0x00000042   Code   RO         1304    .text               c_w.l(cxa_finalize.o)
    0x080005b2   0x080005b2   0x00000002   PAD
    0x080005b4   0x080005b4   0x00000008   Code   RO         1338    .text               c_w.l(libspace.o)
    0x080005bc   0x080005bc   0x00000002   Code   RO         1341    .text               c_w.l(use_no_semi.o)
    0x080005be   0x080005be   0x00000000   Code   RO         1343    .text               c_w.l(indicate_semi.o)
    0x080005be   0x080005be   0x0000004a   Code   RO         1344    .text               c_w.l(sys_stackheap_outer.o)
    0x08000608   0x08000608   0x00000000   Code   RO         1350    .text               c_w.l(maybetermalloc1.o)
    0x08000608   0x08000608   0x00000034   Code   RO         1352    .text               c_w.l(h1_extend.o)
    0x0800063c   0x0800063c   0x00000012   Code   RO         1356    .text               c_w.l(exit.o)
    0x0800064e   0x0800064e   0x0000000a   Code   RO         1358    .text               c_w.l(defsig_exit.o)
    0x08000658   0x08000658   0x0000000e   Code   RO         1366    .text               c_w.l(defsig_rtmem_outer.o)
    0x08000666   0x08000666   0x00000032   Code   RO         1405    .text               c_w.l(defsig_general.o)
    0x08000698   0x08000698   0x00000050   Code   RO         1409    .text               c_w.l(defsig_rtmem_inner.o)
    0x080006e8   0x080006e8   0x0000000e   Code   RO         1411    .text               c_w.l(sys_wrch.o)
    0x080006f6   0x080006f6   0x00000002   PAD
    0x080006f8   0x080006f8   0x00000002   Code   RO          140    .text.BusFault_Handler  stm32f4xx_it.o
    0x080006fa   0x080006fa   0x00000002   PAD
    0x080006fc   0x080006fc   0x0000000c   Code   RO          154    .text.CAN1_RX0_IRQHandler  stm32f4xx_it.o
    0x08000708   0x08000708   0x0000000c   Code   RO          152    .text.CAN1_TX_IRQHandler  stm32f4xx_it.o
    0x08000714   0x08000714   0x00000002   Code   RO          146    .text.DebugMon_Handler  stm32f4xx_it.o
    0x08000716   0x08000716   0x00000002   PAD
    0x08000718   0x08000718   0x00000006   Code   RO           78    .text.Error_Handler  main.o
    0x0800071e   0x0800071e   0x00000002   PAD
    0x08000720   0x08000720   0x0000002e   Code   RO          207    .text.HAL_CAN_ActivateNotification  stm32f4xx_hal_can.o
    0x0800074e   0x0800074e   0x00000002   PAD
    0x08000750   0x08000750   0x000000a8   Code   RO          193    .text.HAL_CAN_AddTxMessage  stm32f4xx_hal_can.o
    0x080007f8   0x080007f8   0x000000de   Code   RO          183    .text.HAL_CAN_ConfigFilter  stm32f4xx_hal_can.o
    0x080008d6   0x080008d6   0x00000002   PAD
    0x080008d8   0x080008d8   0x00000002   Code   RO          237    .text.HAL_CAN_ErrorCallback  stm32f4xx_hal_can.o
    0x080008da   0x080008da   0x00000002   PAD
    0x080008dc   0x080008dc   0x00000134   Code   RO          203    .text.HAL_CAN_GetRxMessage  stm32f4xx_hal_can.o
    0x08000a10   0x08000a10   0x0000025e   Code   RO          211    .text.HAL_CAN_IRQHandler  stm32f4xx_hal_can.o
    0x08000c6e   0x08000c6e   0x00000002   PAD
    0x08000c70   0x08000c70   0x000000f4   Code   RO          173    .text.HAL_CAN_Init  stm32f4xx_hal_can.o
    0x08000d64   0x08000d64   0x00000088   Code   RO          106    .text.HAL_CAN_MspInit  can.o
    0x08000dec   0x08000dec   0x00000002   Code   RO          225    .text.HAL_CAN_RxFifo0FullCallback  stm32f4xx_hal_can.o
    0x08000dee   0x08000dee   0x00000002   PAD
    0x08000df0   0x08000df0   0x00000062   Code   RO           44    .text.HAL_CAN_RxFifo0MsgPendingCallback  callback.o
    0x08000e52   0x08000e52   0x00000002   PAD
    0x08000e54   0x08000e54   0x00000002   Code   RO          229    .text.HAL_CAN_RxFifo1FullCallback  stm32f4xx_hal_can.o
    0x08000e56   0x08000e56   0x00000002   PAD
    0x08000e58   0x08000e58   0x00000002   Code   RO          231    .text.HAL_CAN_RxFifo1MsgPendingCallback  stm32f4xx_hal_can.o
    0x08000e5a   0x08000e5a   0x00000002   PAD
    0x08000e5c   0x08000e5c   0x00000002   Code   RO          233    .text.HAL_CAN_SleepCallback  stm32f4xx_hal_can.o
    0x08000e5e   0x08000e5e   0x00000002   PAD
    0x08000e60   0x08000e60   0x0000005a   Code   RO          185    .text.HAL_CAN_Start  stm32f4xx_hal_can.o
    0x08000eba   0x08000eba   0x00000002   PAD
    0x08000ebc   0x08000ebc   0x00000002   Code   RO          215    .text.HAL_CAN_TxMailbox0AbortCallback  stm32f4xx_hal_can.o
    0x08000ebe   0x08000ebe   0x00000002   PAD
    0x08000ec0   0x08000ec0   0x00000002   Code   RO          213    .text.HAL_CAN_TxMailbox0CompleteCallback  stm32f4xx_hal_can.o
    0x08000ec2   0x08000ec2   0x00000002   PAD
    0x08000ec4   0x08000ec4   0x00000002   Code   RO          219    .text.HAL_CAN_TxMailbox1AbortCallback  stm32f4xx_hal_can.o
    0x08000ec6   0x08000ec6   0x00000002   PAD
    0x08000ec8   0x08000ec8   0x00000002   Code   RO          217    .text.HAL_CAN_TxMailbox1CompleteCallback  stm32f4xx_hal_can.o
    0x08000eca   0x08000eca   0x00000002   PAD
    0x08000ecc   0x08000ecc   0x00000002   Code   RO          223    .text.HAL_CAN_TxMailbox2AbortCallback  stm32f4xx_hal_can.o
    0x08000ece   0x08000ece   0x00000002   PAD
    0x08000ed0   0x08000ed0   0x00000002   Code   RO          221    .text.HAL_CAN_TxMailbox2CompleteCallback  stm32f4xx_hal_can.o
    0x08000ed2   0x08000ed2   0x00000002   PAD
    0x08000ed4   0x08000ed4   0x00000002   Code   RO          235    .text.HAL_CAN_WakeUpFromRxMsgCallback  stm32f4xx_hal_can.o
    0x08000ed6   0x08000ed6   0x00000002   PAD
    0x08000ed8   0x08000ed8   0x00000028   Code   RO          588    .text.HAL_Delay     stm32f4xx_hal.o
    0x08000f00   0x08000f00   0x000001a6   Code   RO          377    .text.HAL_GPIO_Init  stm32f4xx_hal_gpio.o
    0x080010a6   0x080010a6   0x00000002   PAD
    0x080010a8   0x080010a8   0x0000000a   Code   RO          381    .text.HAL_GPIO_ReadPin  stm32f4xx_hal_gpio.o
    0x080010b2   0x080010b2   0x00000002   PAD
    0x080010b4   0x080010b4   0x00000010   Code   RO          385    .text.HAL_GPIO_TogglePin  stm32f4xx_hal_gpio.o
    0x080010c4   0x080010c4   0x0000000a   Code   RO          383    .text.HAL_GPIO_WritePin  stm32f4xx_hal_gpio.o
    0x080010ce   0x080010ce   0x00000002   PAD
    0x080010d0   0x080010d0   0x0000000c   Code   RO          580    .text.HAL_GetTick   stm32f4xx_hal.o
    0x080010dc   0x080010dc   0x0000001a   Code   RO          578    .text.HAL_IncTick   stm32f4xx_hal.o
    0x080010f6   0x080010f6   0x00000002   PAD
    0x080010f8   0x080010f8   0x00000036   Code   RO          568    .text.HAL_Init      stm32f4xx_hal.o
    0x0800112e   0x0800112e   0x00000002   PAD
    0x08001130   0x08001130   0x00000048   Code   RO          570    .text.HAL_InitTick  stm32f4xx_hal.o
    0x08001178   0x08001178   0x00000038   Code   RO          165    .text.HAL_MspInit   stm32f4xx_hal_msp.o
    0x080011b0   0x080011b0   0x00000026   Code   RO          520    .text.HAL_NVIC_EnableIRQ  stm32f4xx_hal_cortex.o
    0x080011d6   0x080011d6   0x00000002   PAD
    0x080011d8   0x080011d8   0x00000056   Code   RO          518    .text.HAL_NVIC_SetPriority  stm32f4xx_hal_cortex.o
    0x0800122e   0x0800122e   0x00000002   PAD
    0x08001230   0x08001230   0x00000020   Code   RO          516    .text.HAL_NVIC_SetPriorityGrouping  stm32f4xx_hal_cortex.o
    0x08001250   0x08001250   0x0000007a   Code   RO          502    .text.HAL_PWREx_EnableOverDrive  stm32f4xx_hal_pwr_ex.o
    0x080012ca   0x080012ca   0x00000002   PAD
    0x080012cc   0x080012cc   0x00000160   Code   RO          257    .text.HAL_RCC_ClockConfig  stm32f4xx_hal_rcc.o
    0x0800142c   0x0800142c   0x0000006a   Code   RO          259    .text.HAL_RCC_GetSysClockFreq  stm32f4xx_hal_rcc.o
    0x08001496   0x08001496   0x00000002   PAD
    0x08001498   0x08001498   0x00000374   Code   RO          255    .text.HAL_RCC_OscConfig  stm32f4xx_hal_rcc.o
    0x0800180c   0x0800180c   0x0000002c   Code   RO          528    .text.HAL_SYSTICK_Config  stm32f4xx_hal_cortex.o
    0x08001838   0x08001838   0x00000002   Code   RO          967    .text.HAL_TIMEx_BreakCallback  stm32f4xx_hal_tim_ex.o
    0x0800183a   0x0800183a   0x00000002   PAD
    0x0800183c   0x0800183c   0x00000002   Code   RO          963    .text.HAL_TIMEx_CommutCallback  stm32f4xx_hal_tim_ex.o
    0x0800183e   0x0800183e   0x00000002   PAD
    0x08001840   0x08001840   0x000000b6   Code   RO          957    .text.HAL_TIMEx_MasterConfigSynchronization  stm32f4xx_hal_tim_ex.o
    0x080018f6   0x080018f6   0x00000002   PAD
    0x080018f8   0x080018f8   0x0000005a   Code   RO          662    .text.HAL_TIM_Base_Init  stm32f4xx_hal_tim.o
    0x08001952   0x08001952   0x00000002   PAD
    0x08001954   0x08001954   0x0000004a   Code   RO          121    .text.HAL_TIM_Base_MspInit  tim.o
    0x0800199e   0x0800199e   0x00000002   PAD
    0x080019a0   0x080019a0   0x000000aa   Code   RO          676    .text.HAL_TIM_Base_Start_IT  stm32f4xx_hal_tim.o
    0x08001a4a   0x08001a4a   0x00000002   PAD
    0x08001a4c   0x08001a4c   0x00000002   Code   RO          798    .text.HAL_TIM_IC_CaptureCallback  stm32f4xx_hal_tim.o
    0x08001a4e   0x08001a4e   0x00000002   PAD
    0x08001a50   0x08001a50   0x0000014e   Code   RO          796    .text.HAL_TIM_IRQHandler  stm32f4xx_hal_tim.o
    0x08001b9e   0x08001b9e   0x00000002   PAD
    0x08001ba0   0x08001ba0   0x00000002   Code   RO          800    .text.HAL_TIM_OC_DelayElapsedCallback  stm32f4xx_hal_tim.o
    0x08001ba2   0x08001ba2   0x00000002   PAD
    0x08001ba4   0x08001ba4   0x00000002   Code   RO          802    .text.HAL_TIM_PWM_PulseFinishedCallback  stm32f4xx_hal_tim.o
    0x08001ba6   0x08001ba6   0x00000002   PAD
    0x08001ba8   0x08001ba8   0x0000006c   Code   RO           46    .text.HAL_TIM_PeriodElapsedCallback  callback.o
    0x08001c14   0x08001c14   0x00000002   Code   RO          806    .text.HAL_TIM_TriggerCallback  stm32f4xx_hal_tim.o
    0x08001c16   0x08001c16   0x00000002   PAD
    0x08001c18   0x08001c18   0x00000002   Code   RO          136    .text.HardFault_Handler  stm32f4xx_it.o
    0x08001c1a   0x08001c1a   0x00000002   PAD
    0x08001c1c   0x08001c1c   0x00000040   Code   RO          104    .text.MX_CAN1_Init  can.o
    0x08001c5c   0x08001c5c   0x000000ba   Code   RO           95    .text.MX_GPIO_Init  gpio.o
    0x08001d16   0x08001d16   0x00000002   PAD
    0x08001d18   0x08001d18   0x00000050   Code   RO          119    .text.MX_TIM6_Init  tim.o
    0x08001d68   0x08001d68   0x00000002   Code   RO          138    .text.MemManage_Handler  stm32f4xx_it.o
    0x08001d6a   0x08001d6a   0x00000002   PAD
    0x08001d6c   0x08001d6c   0x00000002   Code   RO          134    .text.NMI_Handler   stm32f4xx_it.o
    0x08001d6e   0x08001d6e   0x00000002   PAD
    0x08001d70   0x08001d70   0x00000002   Code   RO          148    .text.PendSV_Handler  stm32f4xx_it.o
    0x08001d72   0x08001d72   0x00000002   PAD
    0x08001d74   0x08001d74   0x00000002   Code   RO          144    .text.SVC_Handler   stm32f4xx_it.o
    0x08001d76   0x08001d76   0x00000002   PAD
    0x08001d78   0x08001d78   0x00000004   Code   RO          150    .text.SysTick_Handler  stm32f4xx_it.o
    0x08001d7c   0x08001d7c   0x000000b8   Code   RO           76    .text.SystemClock_Config  main.o
    0x08001e34   0x08001e34   0x00000012   Code   RO          981    .text.SystemInit    system_stm32f4xx.o
    0x08001e46   0x08001e46   0x00000002   PAD
    0x08001e48   0x08001e48   0x0000000c   Code   RO          156    .text.TIM6_DAC_IRQHandler  stm32f4xx_it.o
    0x08001e54   0x08001e54   0x00000142   Code   RO          666    .text.TIM_Base_SetConfig  stm32f4xx_hal_tim.o
    0x08001f96   0x08001f96   0x00000002   PAD
    0x08001f98   0x08001f98   0x00000002   Code   RO          142    .text.UsageFault_Handler  stm32f4xx_it.o
    0x08001f9a   0x08001f9a   0x00000002   PAD
    0x08001f9c   0x08001f9c   0x00000034   Code   RO           27    .text._GLOBAL__sub_I_Motor.cpp  motor.o
    0x08001fd0   0x08001fd0   0x000001cc   Code   RO           13    .text._ZN10M3508Motor10read_RxMsgEPKh  motor.o
    0x0800219c   0x0800219c   0x0000002c   Code   RO           15    .text._ZN10M3508Motor11write_TxMsgEPh  motor.o
    0x080021c8   0x080021c8   0x000001c8   Code   RO           25    .text._ZN10M3508Motor6handleEv  motor.o
    0x08002390   0x08002390   0x00000178   Code   RO           39    .text._ZN10M3508MotorC2Efi  motor.o
    0x08002508   0x08002508   0x00000044   Code   RO           41    .text._ZN10M3508MotorD2Ev  motor.o
    0x0800254c   0x0800254c   0x0000001c   Code   RO           62    .text._ZN3PID11set_out_maxEf  pid.o
    0x08002568   0x08002568   0x00000170   Code   RO           64    .text._ZN3PID4calcEff  pid.o
    0x080026d8   0x080026d8   0x0000000c   Code   RO         1226    .text._ZSt15get_new_handlerv  libcppabi_w.l(cxa_handlers.cpp.o)
    0x080026e4   0x080026e4   0x00000004   Code   RO         1032    .text._ZdlPv        libcpp_w.l(new.cpp.o)
    0x080026e8   0x080026e8   0x00000004   Code   RO         1036    .text._ZdlPvj       libcpp_w.l(new.cpp.o)
    0x080026ec   0x080026ec   0x00000026   Code   RO         1024    .text._Znwj         libcpp_w.l(new.cpp.o)
    0x08002712   0x08002712   0x00000002   PAD
    0x08002714   0x08002714   0x000000de   Code   RO           74    .text.main          main.o
    0x080027f2   0x080027f2   0x00000026   Code   RO         1229    i.__ARM_fpclassifyf  m_wm.l(fpclassifyf.o)
    0x08002818   0x08002818   0x00000190   Code   RO         1066    i.__hardfp_sinf     m_wm.l(sinf.o)
    0x080029a8   0x080029a8   0x00000006   Code   RO         1232    i.__mathlib_flt_infnan  m_wm.l(funder.o)
    0x080029ae   0x080029ae   0x00000002   PAD
    0x080029b0   0x080029b0   0x00000010   Code   RO         1234    i.__mathlib_flt_invalid  m_wm.l(funder.o)
    0x080029c0   0x080029c0   0x00000010   Code   RO         1237    i.__mathlib_flt_underflow  m_wm.l(funder.o)
    0x080029d0   0x080029d0   0x00000154   Code   RO         1245    i.__mathlib_rredf2  m_wm.l(rredf.o)
    0x08002b24   0x08002b24   0x00000062   Code   RO         1015    x$fpl$d2f           fz_wm.l(d2f.o)
    0x08002b86   0x08002b86   0x00000002   PAD
    0x08002b88   0x08002b88   0x00000154   Code   RO         1017    x$fpl$dmul          fz_wm.l(dmul.o)
    0x08002cdc   0x08002cdc   0x0000009c   Code   RO         1204    x$fpl$dnaninf       fz_wm.l(dnaninf.o)
    0x08002d78   0x08002d78   0x0000000c   Code   RO         1206    x$fpl$dretinf       fz_wm.l(dretinf.o)
    0x08002d84   0x08002d84   0x00000056   Code   RO         1019    x$fpl$f2d           fz_wm.l(f2d.o)
    0x08002dda   0x08002dda   0x0000008c   Code   RO         1208    x$fpl$fnaninf       fz_wm.l(fnaninf.o)
    0x08002e66   0x08002e66   0x0000001a   Code   RO         1317    x$fpl$fpinit        fz_wm.l(fpinit.o)
    0x08002e80   0x08002e80   0x0000000a   Code   RO         1210    x$fpl$fretinf       fz_wm.l(fretinf.o)
    0x08002e8a   0x08002e8a   0x00000000   Code   RO         1212    x$fpl$usenofp       fz_wm.l(usenofp.o)
    0x08002e8a   0x08002e8a   0x00000002   PAD
    0x08002e8c   0x08002e8c   0x00000020   Data   RO         1246    .constdata          m_wm.l(rredf.o)
    0x08002eac   0x08002eac   0x00000010   Data   RO          986    .rodata.AHBPrescTable  system_stm32f4xx.o
    0x08002ebc   0x08002ebc   0x00000020   Data   RO         1444    Region$$Table       anon$$obj.o
    0x08002edc   0x08002edc   0x00000004   Data   RO           30    .init_array         motor.o
    0x08002ee0   0x08002edc   0x00000000   Data   RO         1010    .init_array         c_w.l(init_aeabi.o)


    Execution Region RW_IRAM2 (Exec base: 0x10000000, Load base: 0x08002f30, Size: 0x00000000, Max: 0x00010000, ABSOLUTE)

    **** No section assigned to this execution region ****


    Execution Region RW_IRAM1 (Exec base: 0x20000000, Load base: 0x08002ee0, Size: 0x00000828, Max: 0x00030000, ABSOLUTE)

    Exec Addr    Load Addr    Size         Type   Attr      Idx    E Section Name        Object

    0x20000000   0x08002ee0   0x00000008   Data   RW          627    .data..L_MergedGlobals  stm32f4xx_hal.o
    0x20000008   0x08002ee8   0x00000004   Data   RW          985    .data.SystemCoreClock  system_stm32f4xx.o
    0x2000000c   0x08002eec   0x00000028   Data   RW           81    .data.filter_config  main.o
    0x20000034   0x08002f14   0x00000018   Data   RW           80    .data.tx_header     main.o
    0x2000004c   0x08002f2c   0x00000004   PAD
    0x20000050        -       0x00000060   Zero   RW         1339    .bss                c_w.l(libspace.o)
    0x200000b0        -       0x0000000c   Zero   RW           31    .bss..L_MergedGlobals  motor.o
    0x200000bc        -       0x0000000c   Zero   RW           87    .bss..L_MergedGlobals  main.o
    0x200000c8        -       0x00000004   Zero   RW         1332    .bss.__cxa_new_handler  libcppabi_w.l(cxa_default_handlers.cpp.o)
    0x200000cc        -       0x00000004   Zero   RW           85    .bss.can_tx_mailbox  main.o
    0x200000d0        -       0x00000028   Zero   RW          110    .bss.hcan1          can.o
    0x200000f8        -       0x00000048   Zero   RW          125    .bss.htim6          tim.o
    0x20000140        -       0x000000b8   Zero   RW           29    .bss.motor          motor.o
    0x200001f8        -       0x00000008   Zero   RW           83    .bss.rx_data        main.o
    0x20000200        -       0x0000001c   Zero   RW           82    .bss.rx_header      main.o
    0x2000021c        -       0x00000008   Zero   RW           84    .bss.tx_data        main.o
    0x20000224        -       0x00000004   Zero   RW          626    .bss.uwTick         stm32f4xx_hal.o
    0x20000228        -       0x00000200   Zero   RW            2    HEAP                startup_stm32f427xx.o
    0x20000428        -       0x00000400   Zero   RW            1    STACK               startup_stm32f427xx.o


==============================================================================

Image component sizes


      Code (inc. data)   RO Data    RW Data    ZI Data      Debug   Object Name

       206          0          0          0          0       4635   callback.o
       200          0          0          0         40       6347   can.o
       186          0          0          0          0       2219   gpio.o
       412          0          0         64         60       5415   main.o
      1456         76          4          0        196      28481   motor.o
       396          8          0          0          0       2616   pid.o
        64         26        428          0       1536        820   startup_stm32f427xx.o
       204          0          0          8          4       7631   stm32f4xx_hal.o
      1708          6          0          0          0      13804   stm32f4xx_hal_can.o
       200          0          0          0          0      10914   stm32f4xx_hal_cortex.o
       458          0          0          0          0       5274   stm32f4xx_hal_gpio.o
        56          0          0          0          0       1472   stm32f4xx_hal_msp.o
       122          0          0          0          0       4555   stm32f4xx_hal_pwr_ex.o
      1342          0          0          0          0       7404   stm32f4xx_hal_rcc.o
       924          0          0          0          0      55141   stm32f4xx_hal_tim.o
       186          0          0          0          0      21161   stm32f4xx_hal_tim_ex.o
        56          0          0          0          0       6230   stm32f4xx_it.o
        18          0         16          4          0       2604   system_stm32f4xx.o
       154          0          0          0         72       7161   tim.o

    ----------------------------------------------------------------------
      8446        116        480         76       1912     193884   Object Totals
         0          0         32          0          0          0   (incl. Generated)
        98          0          0          0          4          0   (incl. Padding)

    ----------------------------------------------------------------------

      Code (inc. data)   RO Data    RW Data    ZI Data      Debug   Library Member Name

         8          0          0          0          0         68   __main.o
         0          0          0          0          0          0   __rtentry.o
        12          0          0          0          0          0   __rtentry2.o
         6          0          0          0          0          0   __rtentry4.o
        52          8          0          0          0          0   __scatter.o
        26          0          0          0          0          0   __scatter_copy.o
        28          0          0          0          0          0   __scatter_zi.o
        22          0          0          0          0        100   _rserrno.o
        46          0          0          0          0         84   aeabi_atexit.o
        10          0          0          0          0         68   cxa_atexit.o
        66          0          0          0          0         84   cxa_finalize.o
        10          0          0          0          0         68   defsig_exit.o
        50          0          0          0          0         88   defsig_general.o
        80         58          0          0          0         76   defsig_rtmem_inner.o
        14          0          0          0          0         80   defsig_rtmem_outer.o
        18          0          0          0          0         80   exit.o
        94          0          0          0          0         80   h1_alloc.o
        52          0          0          0          0         68   h1_extend.o
        78          0          0          0          0         80   h1_free.o
        14          0          0          0          0         84   h1_init.o
         6          0          0          0          0        152   heapauxi.o
         4          0          0          0          0        136   hguard.o
         0          0          0          0          0          0   indicate_semi.o
        36          8          0          0          0         80   init_aeabi.o
       138          0          0          0          0        168   init_alloc.o
         2          0          0          0          0          0   libinit.o
        18          0          0          0          0          0   libinit2.o
         2          0          0          0          0          0   libshutdown.o
         8          0          0          0          0          0   libshutdown2.o
         8          4          0          0         96         68   libspace.o
       240          0          0          0          0        100   lludivv7m.o
         0          0          0          0          0          0   maybetermalloc1.o
         8          4          0          0          0         68   rt_ddtor_pointer_addr_intlibspace.o
         8          4          0          0          0         68   rt_errno_addr_intlibspace.o
         8          4          0          0          0         68   rt_heap_descriptor_intlibspace.o
         2          0          0          0          0          0   rtexit.o
        10          0          0          0          0          0   rtexit2.o
        12          4          0          0          0         68   sys_exit.o
        74          0          0          0          0         80   sys_stackheap_outer.o
        14          0          0          0          0         76   sys_wrch.o
         2          0          0          0          0         68   use_no_semi.o
        98          4          0          0          0        140   d2f.o
       340         12          0          0          0        152   dmul.o
       156          4          0          0          0        140   dnaninf.o
        12          0          0          0          0        116   dretinf.o
        86          4          0          0          0        132   f2d.o
       140          4          0          0          0        132   fnaninf.o
        26          0          0          0          0        116   fpinit.o
        10          0          0          0          0        116   fretinf.o
         0          0          0          0          0          0   usenofp.o
        46          0          0          0          0        380   new.cpp.o
         0          0          0          0          4          0   cxa_default_handlers.cpp.o
        12          0          0          0          0        132   cxa_handlers.cpp.o
        38          0          0          0          0        116   fpclassifyf.o
        38         12          0          0          0        348   funder.o
       340         24         32          0          0        160   rredf.o
       400         56          0          0          0        212   sinf.o

    ----------------------------------------------------------------------
      3042        214         32          0        100       4700   Library Totals
        14          0          0          0          0          0   (incl. Padding)

    ----------------------------------------------------------------------

      Code (inc. data)   RO Data    RW Data    ZI Data      Debug   Library Name

      1286         94          0          0         96       2308   c_w.l
       868         28          0          0          0       1044   fz_wm.l
        46          0          0          0          0        380   libcpp_w.l
        12          0          0          0          4        132   libcppabi_w.l
       816         92         32          0          0        836   m_wm.l

    ----------------------------------------------------------------------
      3042        214         32          0        100       4700   Library Totals

    ----------------------------------------------------------------------

==============================================================================


      Code (inc. data)   RO Data    RW Data    ZI Data      Debug   

     11488        330        512         76       2012     195756   Grand Totals
     11488        330        512         76       2012     195756   ELF Image Totals
     11488        330        512         76          0          0   ROM Totals

==============================================================================

    Total RO  Size (Code + RO Data)                12000 (  11.72kB)
    Total RW  Size (RW Data + ZI Data)              2088 (   2.04kB)
    Total ROM Size (Code + RO Data + RW Data)      12076 (  11.79kB)

==============================================================================

