Component: Arm Compiler for Embedded 6.19 Tool: armlink [5e73cb00]

==============================================================================

Section Cross References

    startup_stm32f427xx.o(STACK) refers (Special) to heapauxi.o(.text) for __use_two_region_memory
    startup_stm32f427xx.o(HEAP) refers (Special) to heapauxi.o(.text) for __use_two_region_memory
    startup_stm32f427xx.o(RESET) refers (Special) to heapauxi.o(.text) for __use_two_region_memory
    startup_stm32f427xx.o(RESET) refers to startup_stm32f427xx.o(STACK) for __initial_sp
    startup_stm32f427xx.o(RESET) refers to startup_stm32f427xx.o(.text) for Reset_Handler
    startup_stm32f427xx.o(RESET) refers to stm32f4xx_it.o(.text.NMI_Handler) for NMI_Handler
    startup_stm32f427xx.o(RESET) refers to stm32f4xx_it.o(.text.HardFault_Handler) for HardFault_Handler
    startup_stm32f427xx.o(RESET) refers to stm32f4xx_it.o(.text.MemManage_Handler) for MemManage_Handler
    startup_stm32f427xx.o(RESET) refers to stm32f4xx_it.o(.text.BusFault_Handler) for BusFault_Handler
    startup_stm32f427xx.o(RESET) refers to stm32f4xx_it.o(.text.UsageFault_Handler) for UsageFault_Handler
    startup_stm32f427xx.o(RESET) refers to stm32f4xx_it.o(.text.SVC_Handler) for SVC_Handler
    startup_stm32f427xx.o(RESET) refers to stm32f4xx_it.o(.text.DebugMon_Handler) for DebugMon_Handler
    startup_stm32f427xx.o(RESET) refers to stm32f4xx_it.o(.text.PendSV_Handler) for PendSV_Handler
    startup_stm32f427xx.o(RESET) refers to stm32f4xx_it.o(.text.SysTick_Handler) for SysTick_Handler
    startup_stm32f427xx.o(RESET) refers to stm32f4xx_it.o(.text.CAN1_TX_IRQHandler) for CAN1_TX_IRQHandler
    startup_stm32f427xx.o(RESET) refers to stm32f4xx_it.o(.text.CAN1_RX0_IRQHandler) for CAN1_RX0_IRQHandler
    startup_stm32f427xx.o(RESET) refers to stm32f4xx_it.o(.text.TIM6_DAC_IRQHandler) for TIM6_DAC_IRQHandler
    startup_stm32f427xx.o(.text) refers (Special) to heapauxi.o(.text) for __use_two_region_memory
    startup_stm32f427xx.o(.text) refers to system_stm32f4xx.o(.text.SystemInit) for SystemInit
    startup_stm32f427xx.o(.text) refers to __main.o(!!!main) for __main
    startup_stm32f427xx.o(.text) refers to startup_stm32f427xx.o(HEAP) for Heap_Mem
    startup_stm32f427xx.o(.text) refers to startup_stm32f427xx.o(STACK) for Stack_Mem
    motor.o(.ARM.exidx.text._ZN10M3508Motor15normalize_angleEfb) refers to motor.o(.text._ZN10M3508Motor15normalize_angleEfb) for [Anonymous Symbol]
    motor.o(.ARM.exidx.text._ZN10M3508Motor10read_RxMsgEPKh) refers to motor.o(.text._ZN10M3508Motor10read_RxMsgEPKh) for [Anonymous Symbol]
    motor.o(.ARM.exidx.text._ZN10M3508Motor11write_TxMsgEPh) refers to motor.o(.text._ZN10M3508Motor11write_TxMsgEPh) for [Anonymous Symbol]
    motor.o(.ARM.exidx.text._ZN10M3508Motor12SetIntensityEf) refers to motor.o(.text._ZN10M3508Motor12SetIntensityEf) for [Anonymous Symbol]
    motor.o(.ARM.exidx.text._ZN10M3508Motor8SetSpeedEff) refers to motor.o(.text._ZN10M3508Motor8SetSpeedEff) for [Anonymous Symbol]
    motor.o(.ARM.exidx.text._ZN10M3508Motor8SetAngleEfff) refers to motor.o(.text._ZN10M3508Motor8SetAngleEfff) for [Anonymous Symbol]
    motor.o(.text._ZN10M3508Motor17calc_ff_intensityEv) refers to sinf.o(i.__hardfp_sinf) for __hardfp_sinf
    motor.o(.text._ZN10M3508Motor17calc_ff_intensityEv) refers to f2d.o(x$fpl$f2d) for __aeabi_f2d
    motor.o(.text._ZN10M3508Motor17calc_ff_intensityEv) refers to dmul.o(x$fpl$dmul) for __aeabi_dmul
    motor.o(.text._ZN10M3508Motor17calc_ff_intensityEv) refers to d2f.o(x$fpl$d2f) for __aeabi_d2f
    motor.o(.ARM.exidx.text._ZN10M3508Motor17calc_ff_intensityEv) refers to motor.o(.text._ZN10M3508Motor17calc_ff_intensityEv) for [Anonymous Symbol]
    motor.o(.text._ZN10M3508Motor6handleEv) refers to sinf.o(i.__hardfp_sinf) for __hardfp_sinf
    motor.o(.text._ZN10M3508Motor6handleEv) refers to f2d.o(x$fpl$f2d) for __aeabi_f2d
    motor.o(.text._ZN10M3508Motor6handleEv) refers to dmul.o(x$fpl$dmul) for __aeabi_dmul
    motor.o(.text._ZN10M3508Motor6handleEv) refers to d2f.o(x$fpl$d2f) for __aeabi_d2f
    motor.o(.text._ZN10M3508Motor6handleEv) refers to pid.o(.text._ZN3PID4calcEff) for PID::calc(float, float)
    motor.o(.ARM.exidx.text._ZN10M3508Motor6handleEv) refers to motor.o(.text._ZN10M3508Motor6handleEv) for [Anonymous Symbol]
    motor.o(.text._GLOBAL__sub_I_Motor.cpp) refers to motor.o(.bss.motor) for motor
    motor.o(.text._GLOBAL__sub_I_Motor.cpp) refers to motor.o(.text._ZN10M3508MotorC2Efi) for M3508Motor::M3508Motor__sub_object(float, int)
    motor.o(.text._GLOBAL__sub_I_Motor.cpp) refers to motor.o(.text._ZN10M3508MotorD2Ev) for M3508Motor::~M3508Motor__sub_object()
    motor.o(.text._GLOBAL__sub_I_Motor.cpp) refers to cxa_atexit.o(.text) for __cxa_atexit
    motor.o(.ARM.exidx.text._GLOBAL__sub_I_Motor.cpp) refers to motor.o(.text._GLOBAL__sub_I_Motor.cpp) for [Anonymous Symbol]
    motor.o(.init_array) refers to motor.o(.text._GLOBAL__sub_I_Motor.cpp) for _GLOBAL__sub_I_Motor.cpp
[...]
    stm32f4xx_hal_pwr_ex.c                   0x00000000   Number         0  stm32f4xx_hal_pwr_ex.o ABSOLUTE
    stm32f4xx_hal_rcc.c                      0x00000000   Number         0  stm32f4xx_hal_rcc.o ABSOLUTE
    stm32f4xx_hal_rcc_ex.c                   0x00000000   Number         0  stm32f4xx_hal_rcc_ex.o ABSOLUTE
    stm32f4xx_hal_tim.c                      0x00000000   Number         0  stm32f4xx_hal_tim.o ABSOLUTE
    stm32f4xx_hal_tim_ex.c                   0x00000000   Number         0  stm32f4xx_hal_tim_ex.o ABSOLUTE
    stm32f4xx_it.c                           0x00000000   Number         0  stm32f4xx_it.o ABSOLUTE
    system_stm32f4xx.c                       0x00000000   Number         0  system_stm32f4xx.o ABSOLUTE
    tim.c                                    0x00000000   Number         0  tim.o ABSOLUTE
    RESET                                    0x08000000   Section      428  startup_stm32f427xx.o(RESET)
    !!!main                                  0x080001ac   Section        8  __main.o(!!!main)
    !!!scatter                               0x080001b4   Section       52  __scatter.o(!!!scatter)
    !!handler_copy                           0x080001e8   Section       26  __scatter_copy.o(!!handler_copy)
    !!handler_zi                             0x08000204   Section       28  __scatter_zi.o(!!handler_zi)
    .ARM.Collect$$libinit$$00000000          0x08000220   Section        2  libinit.o(.ARM.Collect$$libinit$$00000000)
    .ARM.Collect$$libinit$$00000001          0x08000222   Section        4  libinit2.o(.ARM.Collect$$libinit$$00000001)
    .ARM.Collect$$libinit$$00000004          0x08000226   Section        0  libinit2.o(.ARM.Collect$$libinit$$00000004)
    .ARM.Collect$$libinit$$00000006          0x08000226   Section        0  libinit2.o(.ARM.Collect$$libinit$$00000006)
    .ARM.Collect$$libinit$$00000007          0x08000226   Section        8  libinit2.o(.ARM.Collect$$libinit$$00000007)
    .ARM.Collect$$libinit$$0000000C          0x0800022e   Section        0  libinit2.o(.ARM.Collect$$libinit$$0000000C)
    .ARM.Collect$$libinit$$0000000E          0x0800022e   Section        0  libinit2.o(.ARM.Collect$$libinit$$0000000E)
    .ARM.Collect$$libinit$$00000010          0x0800022e   Section        0  libinit2.o(.ARM.Collect$$libinit$$00000010)
    .ARM.Collect$$libinit$$00000013          0x0800022e   Section        0  libinit2.o(.ARM.Collect$$libinit$$00000013)
    .ARM.Collect$$libinit$$00000015          0x0800022e   Section        0  libinit2.o(.ARM.Collect$$libinit$$00000015)
    .ARM.Collect$$libinit$$00000017          0x0800022e   Section        0  libinit2.o(.ARM.Collect$$libinit$$00000017)
    .ARM.Collect$$libinit$$00000019          0x0800022e   Section        0  libinit2.o(.ARM.Collect$$libinit$$00000019)
    .ARM.Collect$$libinit$$0000001B          0x0800022e   Section        0  libinit2.o(.ARM.Collect$$libinit$$0000001B)
    .ARM.Collect$$libinit$$0000001D          0x0800022e   Section        0  libinit2.o(.ARM.Collect$$libinit$$0000001D)
    .ARM.Collect$$libinit$$0000001F          0x0800022e   Section        0  libinit2.o(.ARM.Collect$$libinit$$0000001F)
    .ARM.Collect$$libinit$$00000021          0x0800022e   Section        0  libinit2.o(.ARM.Collect$$libinit$$00000021)
    .ARM.Collect$$libinit$$00000023          0x0800022e   Section        0  libinit2.o(.ARM.Collect$$libinit$$00000023)
    .ARM.Collect$$libinit$$00000025          0x0800022e   Section        0  libinit2.o(.ARM.Collect$$libinit$$00000025)
    .ARM.Collect$$libinit$$00000027          0x0800022e   Section        0  libinit2.o(.ARM.Collect$$libinit$$00000027)
    .ARM.Collect$$libinit$$0000002E          0x0800022e   Section        0  libinit2.o(.ARM.Collect$$libinit$$0000002E)
    .ARM.Collect$$libinit$$00000030          0x0800022e   Section        0  libinit2.o(.ARM.Collect$$libinit$$00000030)
    .ARM.Collect$$libinit$$00000032          0x0800022e   Section        0  libinit2.o(.ARM.Collect$$libinit$$00000032)
    .ARM.Collect$$libinit$$00000033          0x0800022e   Section        4  libinit2.o(.ARM.Collect$$libinit$$00000033)
    .ARM.Collect$$libinit$$00000034          0x08000232   Section        0  libinit2.o(.ARM.Collect$$libinit$$00000034)
    .ARM.Collect$$libinit$$00000035          0x08000232   Section        2  libinit2.o(.ARM.Collect$$libinit$$00000035)
    .ARM.Collect$$libshutdown$$00000000      0x08000234   Section        2  libshutdown.o(.ARM.Collect$$libshutdown$$00000000)
    .ARM.Collect$$libshutdown$$00000001      0x08000236   Section        6  libshutdown2.o(.ARM.Collect$$libshutdown$$00000001)
    .ARM.Collect$$libshutdown$$00000002      0x0800023c   Section        0  libshutdown2.o(.ARM.Collect$$libshutdown$$00000002)
    .ARM.Collect$$libshutdown$$00000004      0x0800023c   Section        0  libshutdown2.o(.ARM.Collect$$libshutdown$$00000004)
    .ARM.Collect$$libshutdown$$00000007      0x0800023c   Section        0  libshutdown2.o(.ARM.Collect$$libshutdown$$00000007)
    .ARM.Collect$$libshutdown$$0000000A      0x0800023c   Section        0  libshutdown2.o(.ARM.Collect$$libshutdown$$0000000A)
    .ARM.Collect$$libshutdown$$0000000C      0x0800023c   Section        0  libshutdown2.o(.ARM.Collect$$libshutdown$$0000000C)
    .ARM.Collect$$libshutdown$$0000000F      0x0800023c   Section        0  libshutdown2.o(.ARM.Collect$$libshutdown$$0000000F)
    .ARM.Collect$$libshutdown$$00000010      0x0800023c   Section        2  libshutdown2.o(.ARM.Collect$$libshutdown$$00000010)
    .ARM.Collect$$rtentry$$00000000          0x0800023e   Section        0  __rtentry.o(.ARM.Collect$$rtentry$$00000000)
    .ARM.Collect$$rtentry$$00000002          0x0800023e   Section        0  __rtentry2.o(.ARM.Collect$$rtentry$$00000002)
    .ARM.Collect$$rtentry$$00000004          0x0800023e   Section        6  __rtentry4.o(.ARM.Collect$$rtentry$$00000004)
    .ARM.Collect$$rtentry$$00000009          0x08000244   Section        0  __rtentry2.o(.ARM.Collect$$rtentry$$00000009)
    .ARM.Collect$$rtentry$$0000000A          0x08000244   Section        4  __rtentry2.o(.ARM.Collect$$rtentry$$0000000A)
    .ARM.Collect$$rtentry$$0000000C          0x08000248   Section        0  __rtentry2.o(.ARM.Collect$$rtentry$$0000000C)
    .ARM.Collect$$rtentry$$0000000D          0x08000248   Section        8  __rtentry2.o(.ARM.Collect$$rtentry$$0000000D)
    .ARM.Collect$$rtexit$$00000000           0x08000250   Section        2  rtexit.o(.ARM.Collect$$rtexit$$00000000)
    .ARM.Collect$$rtexit$$00000002           0x08000252   Section        0  rtexit2.o(.ARM.Collect$$rtexit$$00000002)
    .ARM.Collect$$rtexit$$00000003           0x08000252   Section        4  rtexit2.o(.ARM.Collect$$rtexit$$00000003)
    .ARM.Collect$$rtexit$$00000004           0x08000256   Section        6  rtexit2.o(.ARM.Collect$$rtexit$$00000004)
    $v0                                      0x0800025c   Number         0  startup_stm32f427xx.o(.text)
    .text                                    0x0800025c   Section       64  startup_stm32f427xx.o(.text)
    .text                                    0x0800029c   Section      240  lludivv7m.o(.text)
    .text                                    0x0800038c   Section        0  cxa_atexit.o(.text)
    .text                                    0x08000396   Section       78  rt_memclr_w.o(.text)
    .text                                    0x080003e4   Section        0  heapauxi.o(.text)
    .text                                    0x080003ec   Section        0  init_aeabi.o(.text)
    .text                                    0x08000410   Section        0  h1_alloc.o(.text)
    .text                                    0x0800046e   Section        0  h1_free.o(.text)
    .text                                    0x080004bc   Section        0  _rserrno.o(.text)
    .text                                    0x080004d2   Section        0  aeabi_atexit.o(.text)
    .text                                    0x08000500   Section        0  sys_exit.o(.text)
    .text                                    0x0800050c   Section        8  rt_heap_descriptor_intlibspace.o(.text)
    .text                                    0x08000514   Section        8  rt_ddtor_pointer_addr_intlibspace.o(.text)
    .text                                    0x0800051c   Section        8  rt_errno_addr_intlibspace.o(.text)
    .text                                    0x08000524   Section        0  hguard.o(.text)
    .text                                    0x08000528   Section        0  init_alloc.o(.text)
    .text                                    0x080005b2   Section        0  h1_init.o(.text)
    .text                                    0x080005c0   Section        0  cxa_finalize.o(.text)
    .text                                    0x08000604   Section        8  libspace.o(.text)
    .text                                    0x0800060c   Section        2  use_no_semi.o(.text)
    .text                                    0x0800060e   Section        0  indicate_semi.o(.text)
    .text                                    0x0800060e   Section       74  sys_stackheap_outer.o(.text)
    .text                                    0x08000658   Section        0  maybetermalloc1.o(.text)
    .text                                    0x08000658   Section        0  h1_extend.o(.text)
    .text                                    0x0800068c   Section        0  exit.o(.text)
    .text                                    0x0800069e   Section        0  defsig_exit.o(.text)
    .text                                    0x080006a8   Section        0  defsig_rtmem_outer.o(.text)
    .text                                    0x080006b6   Section        0  defsig_general.o(.text)
    .text                                    0x080006e8   Section        0  defsig_rtmem_inner.o(.text)
    .text                                    0x08000738   Section        0  sys_wrch.o(.text)
    [Anonymous Symbol]                       0x08000748   Section        0  stm32f4xx_it.o(.text.BusFault_Handler)
    [Anonymous Symbol]                       0x0800074c   Section        0  stm32f4xx_it.o(.text.CAN1_RX0_IRQHandler)
    [Anonymous Symbol]                       0x08000758   Section        0  stm32f4xx_it.o(.text.CAN1_TX_IRQHandler)
    [Anonymous Symbol]                       0x08000764   Section        0  stm32f4xx_it.o(.text.DebugMon_Handler)
    [Anonymous Symbol]                       0x08000768   Section        0  main.o(.text.Error_Handler)
    [Anonymous Symbol]                       0x08000770   Section        0  stm32f4xx_hal_can.o(.text.HAL_CAN_ActivateNotification)
    [Anonymous Symbol]                       0x080007a0   Section        0  stm32f4xx_hal_can.o(.text.HAL_CAN_AddTxMessage)
    [Anonymous Symbol]                       0x08000848   Section        0  stm32f4xx_hal_can.o(.text.HAL_CAN_ConfigFilter)
    [Anonymous Symbol]                       0x08000928   Section        0  stm32f4xx_hal_can.o(.text.HAL_CAN_ErrorCallback)
    [Anonymous Symbol]                       0x0800092c   Section        0  stm32f4xx_hal_can.o(.text.HAL_CAN_GetRxMessage)
    [Anonymous Symbol]                       0x08000a60   Section        0  stm32f4xx_hal_can.o(.text.HAL_CAN_IRQHandler)
    [Anonymous Symbol]                       0x08000cc0   Section        0  stm32f4xx_hal_can.o(.text.HAL_CAN_Init)
    [Anonymous Symbol]                       0x08000db4   Section        0  can.o(.text.HAL_CAN_MspInit)
    [Anonymous Symbol]                       0x08000e3c   Section        0  stm32f4xx_hal_can.o(.text.HAL_CAN_RxFifo0FullCallback)
    [Anonymous Symbol]                       0x08000e40   Section        0  callback.o(.text.HAL_CAN_RxFifo0MsgPendingCallback)
    [Anonymous Symbol]                       0x08000ea4   Section        0  stm32f4xx_hal_can.o(.text.HAL_CAN_RxFifo1FullCallback)
    [Anonymous Symbol]                       0x08000ea8   Section        0  stm32f4xx_hal_can.o(.text.HAL_CAN_RxFifo1MsgPendingCallback)
    [Anonymous Symbol]                       0x08000eac   Section        0  stm32f4xx_hal_can.o(.text.HAL_CAN_SleepCallback)
    [Anonymous Symbol]                       0x08000eb0   Section        0  stm32f4xx_hal_can.o(.text.HAL_CAN_Start)
    [Anonymous Symbol]                       0x08000f0c   Section        0  stm32f4xx_hal_can.o(.text.HAL_CAN_TxMailbox0AbortCallback)
    [Anonymous Symbol]                       0x08000f10   Section        0  stm32f4xx_hal_can.o(.text.HAL_CAN_TxMailbox0CompleteCallback)
    [Anonymous Symbol]                       0x08000f14   Section        0  stm32f4xx_hal_can.o(.text.HAL_CAN_TxMailbox1AbortCallback)
    [Anonymous Symbol]                       0x08000f18   Section        0  stm32f4xx_hal_can.o(.text.HAL_CAN_TxMailbox1CompleteCallback)
    [Anonymous Symbol]                       0x08000f1c   Section        0  stm32f4xx_hal_can.o(.text.HAL_CAN_TxMailbox2AbortCallback)
    [Anonymous Symbol]                       0x08000f20   Section        0  stm32f4xx_hal_can.o(.text.HAL_CAN_TxMailbox2CompleteCallback)
    [Anonymous Symbol]                       0x08000f24   Section        0  stm32f4xx_hal_can.o(.text.HAL_CAN_WakeUpFromRxMsgCallback)
    [Anonymous Symbol]                       0x08000f28   Section        0  stm32f4xx_hal.o(.text.HAL_Delay)
    [Anonymous Symbol]                       0x08000f50   Section        0  stm32f4xx_hal_gpio.o(.text.HAL_GPIO_Init)
    [Anonymous Symbol]                       0x080010f8   Section        0  stm32f4xx_hal_gpio.o(.text.HAL_GPIO_TogglePin)
    [Anonymous Symbol]                       0x08001108   Section        0  stm32f4xx_hal_gpio.o(.text.HAL_GPIO_WritePin)
    [Anonymous Symbol]                       0x08001114   Section        0  stm32f4xx_hal.o(.text.HAL_GetTick)
    [Anonymous Symbol]                       0x08001120   Section        0  stm32f4xx_hal.o(.text.HAL_IncTick)
    [Anonymous Symbol]                       0x0800113c   Section        0  stm32f4xx_hal.o(.text.HAL_Init)
    [Anonymous Symbol]                       0x08001174   Section        0  stm32f4xx_hal.o(.text.HAL_InitTick)
    [Anonymous Symbol]                       0x080011bc   Section        0  stm32f4xx_hal_msp.o(.text.HAL_MspInit)
    [Anonymous Symbol]                       0x080011f4   Section        0  stm32f4xx_hal_cortex.o(.text.HAL_NVIC_EnableIRQ)
    [Anonymous Symbol]                       0x0800121c   Section        0  stm32f4xx_hal_cortex.o(.text.HAL_NVIC_SetPriority)
    [Anonymous Symbol]                       0x08001274   Section        0  stm32f4xx_hal_cortex.o(.text.HAL_NVIC_SetPriorityGrouping)
    [Anonymous Symbol]                       0x08001294   Section        0  stm32f4xx_hal_pwr_ex.o(.text.HAL_PWREx_EnableOverDrive)
    [Anonymous Symbol]                       0x08001310   Section        0  stm32f4xx_hal_rcc.o(.text.HAL_RCC_ClockConfig)
    [Anonymous Symbol]                       0x08001470   Section        0  stm32f4xx_hal_rcc.o(.text.HAL_RCC_GetSysClockFreq)
    [Anonymous Symbol]                       0x080014dc   Section        0  stm32f4xx_hal_rcc.o(.text.HAL_RCC_OscConfig)
    [Anonymous Symbol]                       0x08001850   Section        0  stm32f4xx_hal_cortex.o(.text.HAL_SYSTICK_Config)
    [Anonymous Symbol]                       0x0800187c   Section        0  stm32f4xx_hal_tim_ex.o(.text.HAL_TIMEx_BreakCallback)
    [Anonymous Symbol]                       0x08001880   Section        0  stm32f4xx_hal_tim_ex.o(.text.HAL_TIMEx_CommutCallback)
    [Anonymous Symbol]                       0x08001884   Section        0  stm32f4xx_hal_tim_ex.o(.text.HAL_TIMEx_MasterConfigSynchronization)
    [Anonymous Symbol]                       0x0800193c   Section        0  stm32f4xx_hal_tim.o(.text.HAL_TIM_Base_Init)
    [Anonymous Symbol]                       0x08001998   Section        0  tim.o(.text.HAL_TIM_Base_MspInit)
    [Anonymous Symbol]                       0x080019e4   Section        0  stm32f4xx_hal_tim.o(.text.HAL_TIM_Base_Start_IT)
    [Anonymous Symbol]                       0x08001a90   Section        0  stm32f4xx_hal_tim.o(.text.HAL_TIM_IC_CaptureCallback)
    [Anonymous Symbol]                       0x08001a94   Section        0  stm32f4xx_hal_tim.o(.text.HAL_TIM_IRQHandler)
    [Anonymous Symbol]                       0x08001be4   Section        0  stm32f4xx_hal_tim.o(.text.HAL_TIM_OC_DelayElapsedCallback)
    [Anonymous Symbol]                       0x08001be8   Section        0  stm32f4xx_hal_tim.o(.text.HAL_TIM_PWM_PulseFinishedCallback)
    [Anonymous Symbol]                       0x08001bec   Section        0  callback.o(.text.HAL_TIM_PeriodElapsedCallback)
    [Anonymous Symbol]                       0x08001c58   Section        0  stm32f4xx_hal_tim.o(.text.HAL_TIM_TriggerCallback)
    [Anonymous Symbol]                       0x08001c5c   Section        0  stm32f4xx_it.o(.text.HardFault_Handler)
    [Anonymous Symbol]                       0x08001c60   Section        0  can.o(.text.MX_CAN1_Init)
    [Anonymous Symbol]                       0x08001ca0   Section        0  gpio.o(.text.MX_GPIO_Init)
    [Anonymous Symbol]                       0x08001d30   Section        0  tim.o(.text.MX_TIM6_Init)
    [Anonymous Symbol]                       0x08001d80   Section        0  stm32f4xx_it.o(.text.MemManage_Handler)
    [Anonymous Symbol]                       0x08001d84   Section        0  stm32f4xx_it.o(.text.NMI_Handler)
    [Anonymous Symbol]                       0x08001d88   Section        0  stm32f4xx_it.o(.text.PendSV_Handler)
    [Anonymous Symbol]                       0x08001d8c   Section        0  stm32f4xx_it.o(.text.SVC_Handler)
    [Anonymous Symbol]                       0x08001d90   Section        0  stm32f4xx_it.o(.text.SysTick_Handler)
    [Anonymous Symbol]                       0x08001d94   Section        0  main.o(.text.SystemClock_Config)
    [Anonymous Symbol]                       0x08001e4c   Section        0  system_stm32f4xx.o(.text.SystemInit)
    [Anonymous Symbol]                       0x08001e60   Section        0  stm32f4xx_it.o(.text.TIM6_DAC_IRQHandler)
    [Anonymous Symbol]                       0x08001e6c   Section        0  stm32f4xx_hal_tim.o(.text.TIM_Base_SetConfig)
    [Anonymous Symbol]                       0x08001fb0   Section        0  stm32f4xx_it.o(.text.UsageFault_Handler)
    _GLOBAL__sub_I_Motor.cpp                 0x08001fb5   Thumb Code    52  motor.o(.text._GLOBAL__sub_I_Motor.cpp)
    [Anonymous Symbol]                       0x08001fb4   Section        0  motor.o(.text._GLOBAL__sub_I_Motor.cpp)
    [Anonymous Symbol]                       0x08001fe8   Section        0  motor.o(.text._ZN10M3508Motor10read_RxMsgEPKh)
    [Anonymous Symbol]                       0x080021b4   Section        0  motor.o(.text._ZN10M3508Motor11write_TxMsgEPh)
    [Anonymous Symbol]                       0x080021f8   Section        0  motor.o(.text._ZN10M3508Motor6handleEv)
    [Anonymous Symbol]                       0x08002354   Section        0  motor.o(.text._ZN10M3508MotorC2Efi)
    [Anonymous Symbol]                       0x08002468   Section        0  motor.o(.text._ZN10M3508MotorD2Ev)
    [Anonymous Symbol]                       0x080024ac   Section        0  pid.o(.text._ZN3PID11set_out_maxEf)
    [Anonymous Symbol]                       0x080024c8   Section        0  pid.o(.text._ZN3PID4calcEff)
    [Anonymous Symbol]                       0x08002624   Section        0  cxa_handlers.cpp.o(.text._ZSt15get_new_handlerv)
    [Anonymous Symbol]                       0x08002630   Section        0  new.cpp.o(.text._ZdlPv)
    [Anonymous Symbol]                       0x08002634   Section        0  new.cpp.o(.text._ZdlPvj)
    [Anonymous Symbol]                       0x08002638   Section        0  new.cpp.o(.text._Znwj)
    [Anonymous Symbol]                       0x08002660   Section        0  main.o(.text.main)
    i.__ARM_fpclassifyf                      0x080026f2   Section        0  fpclassifyf.o(i.__ARM_fpclassifyf)
    i.__hardfp_sinf                          0x08002718   Section        0  sinf.o(i.__hardfp_sinf)
    i.__mathlib_flt_infnan                   0x080028a8   Section        0  funder.o(i.__mathlib_flt_infnan)
    i.__mathlib_flt_invalid                  0x080028b0   Section        0  funder.o(i.__mathlib_flt_invalid)
    i.__mathlib_flt_underflow                0x080028c0   Section        0  funder.o(i.__mathlib_flt_underflow)
    i.__mathlib_rredf2                       0x080028d0   Section        0  rredf.o(i.__mathlib_rredf2)
    $v0                                      0x08002a24   Number         0  d2f.o(x$fpl$d2f)
    x$fpl$d2f                                0x08002a24   Section       98  d2f.o(x$fpl$d2f)
    $v0                                      0x08002a88   Number         0  dmul.o(x$fpl$dmul)
    x$fpl$dmul                               0x08002a88   Section      340  dmul.o(x$fpl$dmul)
    $v0                                      0x08002bdc   Number         0  dnaninf.o(x$fpl$dnaninf)
    x$fpl$dnaninf                            0x08002bdc   Section      156  dnaninf.o(x$fpl$dnaninf)
    $v0                                      0x08002c78   Number         0  dretinf.o(x$fpl$dretinf)
    x$fpl$dretinf                            0x08002c78   Section       12  dretinf.o(x$fpl$dretinf)
    $v0                                      0x08002c84   Number         0  f2d.o(x$fpl$f2d)
    x$fpl$f2d                                0x08002c84   Section       86  f2d.o(x$fpl$f2d)
    $v0                                      0x08002cda   Number         0  fnaninf.o(x$fpl$fnaninf)
    x$fpl$fnaninf                            0x08002cda   Section      140  fnaninf.o(x$fpl$fnaninf)
    $v0                                      0x08002d66   Number         0  fpinit.o(x$fpl$fpinit)
    x$fpl$fpinit                             0x08002d66   Section       26  fpinit.o(x$fpl$fpinit)
    $v0                                      0x08002d80   Number         0  fretinf.o(x$fpl$fretinf)
    x$fpl$fretinf                            0x08002d80   Section       10  fretinf.o(x$fpl$fretinf)
    x$fpl$usenofp                            0x08002d8a   Section        0  usenofp.o(x$fpl$usenofp)
    twooverpi                                0x08002d8c   Data          32  rredf.o(.constdata)
    .constdata                               0x08002d8c   Section       32  rredf.o(.constdata)
    .init_array                              0x08002de0   Section        0  init_aeabi.o(.init_array)
    .L_MergedGlobals                         0x20000000   Data           8  stm32f4xx_hal.o(.data..L_MergedGlobals)
    [Anonymous Symbol]                       0x20000000   Section        0  stm32f4xx_hal.o(.data..L_MergedGlobals)
    .bss                                     0x20000050   Section       96  libspace.o(.bss)
    Heap_Mem                                 0x20000210   Data         512  startup_stm32f427xx.o(HEAP)
    HEAP                                     0x20000210   Section      512  startup_stm32f427xx.o(HEAP)
    Stack_Mem                                0x20000410   Data        1024  startup_stm32f427xx.o(STACK)
    STACK                                    0x20000410   Section     1024  startup_stm32f427xx.o(STACK)
    __initial_sp                             0x20000810   Data           0  startup_stm32f427xx.o(STACK)

    Global Symbols

    Symbol Name                              Value     Ov Type        Size  Object(Section)

    BuildAttributes$$THM_ISAv4$E$P$D$K$B$S$7EM$VFPi3$EXTD16$VFPS$VFMA$PE$A:L22UL41UL21$X:L11$S22US41US21$IEEE1$IW$~IW$USESV6$~STKCKD$USESV7$~SHL$OTIME$ROPI$IEEEX$EBA8$UX$STANDARDLIB$REQ8$PRES8$EABIv2 0x00000000   Number         0  anon$$obj.o ABSOLUTE
    __ARM_exceptions_init                     - Undefined Weak Reference
    __alloca_initialize                       - Undefined Weak Reference
    __arm_preinit_                            - Undefined Weak Reference
    __arm_relocate_pie_                       - Undefined Weak Reference
    __rt_locale                               - Undefined Weak Reference
    __sigvec_lookup                           - Undefined Weak Reference
    __user_heap_extent                        - Undefined Weak Reference
    _atexit_init                              - Undefined Weak Reference
    _call_atexit_fns                          - Undefined Weak Reference
    _clock_init                               - Undefined Weak Reference
    _fp_trap_init                             - Undefined Weak Reference
    _fp_trap_shutdown                         - Undefined Weak Reference
    _get_lc_collate                           - Undefined Weak Reference
    _get_lc_ctype                             - Undefined Weak Reference
    _get_lc_monetary                          - Undefined Weak Reference
    _get_lc_numeric                           - Undefined Weak Reference
    _get_lc_time                              - Undefined Weak Reference
    _getenv_init                              - Undefined Weak Reference
    _handle_redirection                       - Undefined Weak Reference
    _initio                                   - Undefined Weak Reference
    _mutex_acquire                            - Undefined Weak Reference
    _mutex_free                               - Undefined Weak Reference
    _mutex_release                            - Undefined Weak Reference
    _rand_init                                - Undefined Weak Reference
    _signal_finish                            - Undefined Weak Reference
    _signal_init                              - Undefined Weak Reference
    _terminateio                              - Undefined Weak Reference
    __Vectors_Size                           0x000001ac   Number         0  startup_stm32f427xx.o ABSOLUTE
    __Vectors                                0x08000000   Data           4  startup_stm32f427xx.o(RESET)
    __dso_handle                             0x08000000   Number         0  startup_stm32f427xx.o(RESET)
    __Vectors_End                            0x080001ac   Data           0  startup_stm32f427xx.o(RESET)
    __main                                   0x080001ad   Thumb Code     8  __main.o(!!!main)
    __scatterload                            0x080001b5   Thumb Code     0  __scatter.o(!!!scatter)
    __scatterload_rt2                        0x080001b5   Thumb Code    44  __scatter.o(!!!scatter)
    __scatterload_rt2_thumb_only             0x080001b5   Thumb Code     0  __scatter.o(!!!scatter)
    __scatterload_null                       0x080001c3   Thumb Code     0  __scatter.o(!!!scatter)
    __scatterload_copy                       0x080001e9   Thumb Code    26  __scatter_copy.o(!!handler_copy)
    __scatterload_zeroinit                   0x08000205   Thumb Code    28  __scatter_zi.o(!!handler_zi)
    __rt_lib_init                            0x08000221   Thumb Code     0  libinit.o(.ARM.Collect$$libinit$$00000000)
    __rt_lib_init_fp_1                       0x08000223   Thumb Code     0  libinit2.o(.ARM.Collect$$libinit$$00000001)
    __rt_lib_init_heap_2                     0x08000227   Thumb Code     0  libinit2.o(.ARM.Collect$$libinit$$00000007)
    __rt_lib_init_preinit_1                  0x08000227   Thumb Code     0  libinit2.o(.ARM.Collect$$libinit$$00000006)
    __rt_lib_init_relocate_pie_1             0x08000227   Thumb Code     0  libinit2.o(.ARM.Collect$$libinit$$00000004)
    __rt_lib_init_alloca_1                   0x0800022f   Thumb Code     0  libinit2.o(.ARM.Collect$$libinit$$00000030)
    __rt_lib_init_argv_1                     0x0800022f   Thumb Code     0  libinit2.o(.ARM.Collect$$libinit$$0000002E)
    __rt_lib_init_atexit_1                   0x0800022f   Thumb Code     0  libinit2.o(.ARM.Collect$$libinit$$0000001D)
    __rt_lib_init_clock_1                    0x0800022f   Thumb Code     0  libinit2.o(.ARM.Collect$$libinit$$00000023)
    __rt_lib_init_cpp_2                      0x0800022f   Thumb Code     0  libinit2.o(.ARM.Collect$$libinit$$00000033)
    __rt_lib_init_exceptions_1               0x0800022f   Thumb Code     0  libinit2.o(.ARM.Collect$$libinit$$00000032)
    __rt_lib_init_fp_trap_1                  0x0800022f   Thumb Code     0  libinit2.o(.ARM.Collect$$libinit$$00000021)
    __rt_lib_init_getenv_1                   0x0800022f   Thumb Code     0  libinit2.o(.ARM.Collect$$libinit$$00000025)
    __rt_lib_init_heap_1                     0x0800022f   Thumb Code     0  libinit2.o(.ARM.Collect$$libinit$$0000000C)
    __rt_lib_init_lc_collate_1               0x0800022f   Thumb Code     0  libinit2.o(.ARM.Collect$$libinit$$00000013)
    __rt_lib_init_lc_ctype_1                 0x0800022f   Thumb Code     0  libinit2.o(.ARM.Collect$$libinit$$00000015)
    __rt_lib_init_lc_monetary_1              0x0800022f   Thumb Code     0  libinit2.o(.ARM.Collect$$libinit$$00000017)
    __rt_lib_init_lc_numeric_1               0x0800022f   Thumb Code     0  libinit2.o(.ARM.Collect$$libinit$$00000019)
    __rt_lib_init_lc_time_1                  0x0800022f   Thumb Code     0  libinit2.o(.ARM.Collect$$libinit$$0000001B)
    __rt_lib_init_rand_1                     0x0800022f   Thumb Code     0  libinit2.o(.ARM.Collect$$libinit$$00000010)
    __rt_lib_init_signal_1                   0x0800022f   Thumb Code     0  libinit2.o(.ARM.Collect$$libinit$$0000001F)
    __rt_lib_init_stdio_1                    0x0800022f   Thumb Code     0  libinit2.o(.ARM.Collect$$libinit$$00000027)
    __rt_lib_init_user_alloc_1               0x0800022f   Thumb Code     0  libinit2.o(.ARM.Collect$$libinit$$0000000E)
    __rt_lib_init_cpp_1                      0x08000233   Thumb Code     0  libinit2.o(.ARM.Collect$$libinit$$00000034)
    __rt_lib_init_return                     0x08000233   Thumb Code     0  libinit2.o(.ARM.Collect$$libinit$$00000035)
    __rt_lib_shutdown                        0x08000235   Thumb Code     0  libshutdown.o(.ARM.Collect$$libshutdown$$00000000)
    __rt_lib_shutdown_cpp_2                  0x08000237   Thumb Code     0  libshutdown2.o(.ARM.Collect$$libshutdown$$00000001)
    __rt_lib_shutdown_cpp_1                  0x0800023d   Thumb Code     0  libshutdown2.o(.ARM.Collect$$libshutdown$$00000002)
    __rt_lib_shutdown_fp_trap_1              0x0800023d   Thumb Code     0  libshutdown2.o(.ARM.Collect$$libshutdown$$00000007)
    __rt_lib_shutdown_heap_1                 0x0800023d   Thumb Code     0  libshutdown2.o(.ARM.Collect$$libshutdown$$0000000F)
    __rt_lib_shutdown_return                 0x0800023d   Thumb Code     0  libshutdown2.o(.ARM.Collect$$libshutdown$$00000010)
    __rt_lib_shutdown_signal_1               0x0800023d   Thumb Code     0  libshutdown2.o(.ARM.Collect$$libshutdown$$0000000A)
    __rt_lib_shutdown_stdio_1                0x0800023d   Thumb Code     0  libshutdown2.o(.ARM.Collect$$libshutdown$$00000004)
    __rt_lib_shutdown_user_alloc_1           0x0800023d   Thumb Code     0  libshutdown2.o(.ARM.Collect$$libshutdown$$0000000C)
    __rt_entry                               0x0800023f   Thumb Code     0  __rtentry.o(.ARM.Collect$$rtentry$$00000000)
    __rt_entry_presh_1                       0x0800023f   Thumb Code     0  __rtentry2.o(.ARM.Collect$$rtentry$$00000002)
    __rt_entry_sh                            0x0800023f   Thumb Code     0  __rtentry4.o(.ARM.Collect$$rtentry$$00000004)
    __rt_entry_li                            0x08000245   Thumb Code     0  __rtentry2.o(.ARM.Collect$$rtentry$$0000000A)
    __rt_entry_postsh_1                      0x08000245   Thumb Code     0  __rtentry2.o(.ARM.Collect$$rtentry$$00000009)
    __rt_entry_main                          0x08000249   Thumb Code     0  __rtentry2.o(.ARM.Collect$$rtentry$$0000000D)
    __rt_entry_postli_1                      0x08000249   Thumb Code     0  __rtentry2.o(.ARM.Collect$$rtentry$$0000000C)
    __rt_exit                                0x08000251   Thumb Code     0  rtexit.o(.ARM.Collect$$rtexit$$00000000)
    __rt_exit_ls                             0x08000253   Thumb Code     0  rtexit2.o(.ARM.Collect$$rtexit$$00000003)
    __rt_exit_prels_1                        0x08000253   Thumb Code     0  rtexit2.o(.ARM.Collect$$rtexit$$00000002)
    __rt_exit_exit                           0x08000257   Thumb Code     0  rtexit2.o(.ARM.Collect$$rtexit$$00000004)
    Reset_Handler                            0x0800025d   Thumb Code     8  startup_stm32f427xx.o(.text)
    ADC_IRQHandler                           0x08000277   Thumb Code     0  startup_stm32f427xx.o(.text)
    CAN1_RX1_IRQHandler                      0x08000277   Thumb Code     0  startup_stm32f427xx.o(.text)
    CAN1_SCE_IRQHandler                      0x08000277   Thumb Code     0  startup_stm32f427xx.o(.text)
    CAN2_RX0_IRQHandler                      0x08000277   Thumb Code     0  startup_stm32f427xx.o(.text)
    CAN2_RX1_IRQHandler                      0x08000277   Thumb Code     0  startup_stm32f427xx.o(.text)
    CAN2_SCE_IRQHandler                      0x08000277   Thumb Code     0  startup_stm32f427xx.o(.text)
    CAN2_TX_IRQHandler                       0x08000277   Thumb Code     0  startup_stm32f427xx.o(.text)
    DCMI_IRQHandler                          0x08000277   Thumb Code     0  startup_stm32f427xx.o(.text)
    DMA1_Stream0_IRQHandler                  0x08000277   Thumb Code     0  startup_stm32f427xx.o(.text)
    DMA1_Stream1_IRQHandler                  0x08000277   Thumb Code     0  startup_stm32f427xx.o(.text)
    DMA1_Stream2_IRQHandler                  0x08000277   Thumb Code     0  startup_stm32f427xx.o(.text)
    DMA1_Stream3_IRQHandler                  0x08000277   Thumb Code     0  startup_stm32f427xx.o(.text)
    DMA1_Stream4_IRQHandler                  0x08000277   Thumb Code     0  startup_stm32f427xx.o(.text)
    DMA1_Stream5_IRQHandler                  0x08000277   Thumb Code     0  startup_stm32f427xx.o(.text)
    DMA1_Stream6_IRQHandler                  0x08000277   Thumb Code     0  startup_stm32f427xx.o(.text)
    DMA1_Stream7_IRQHandler                  0x08000277   Thumb Code     0  startup_stm32f427xx.o(.text)
    DMA2D_IRQHandler                         0x08000277   Thumb Code     0  startup_stm32f427xx.o(.text)
    DMA2_Stream0_IRQHandler                  0x08000277   Thumb Code     0  startup_stm32f427xx.o(.text)
    DMA2_Stream1_IRQHandler                  0x08000277   Thumb Code     0  startup_stm32f427xx.o(.text)
    DMA2_Stream2_IRQHandler                  0x08000277   Thumb Code     0  startup_stm32f427xx.o(.text)
    DMA2_Stream3_IRQHandler                  0x08000277   Thumb Code     0  startup_stm32f427xx.o(.text)
    DMA2_Stream4_IRQHandler                  0x08000277   Thumb Code     0  startup_stm32f427xx.o(.text)
    DMA2_Stream5_IRQHandler                  0x08000277   Thumb Code     0  startup_stm32f427xx.o(.text)
    DMA2_Stream6_IRQHandler                  0x08000277   Thumb Code     0  startup_stm32f427xx.o(.text)
    DMA2_Stream7_IRQHandler                  0x08000277   Thumb Code     0  startup_stm32f427xx.o(.text)
    ETH_IRQHandler                           0x08000277   Thumb Code     0  startup_stm32f427xx.o(.text)
    ETH_WKUP_IRQHandler                      0x08000277   Thumb Code     0  startup_stm32f427xx.o(.text)
    EXTI0_IRQHandler                         0x08000277   Thumb Code     0  startup_stm32f427xx.o(.text)
    EXTI15_10_IRQHandler                     0x08000277   Thumb Code     0  startup_stm32f427xx.o(.text)
    EXTI1_IRQHandler                         0x08000277   Thumb Code     0  startup_stm32f427xx.o(.text)
    EXTI2_IRQHandler                         0x08000277   Thumb Code     0  startup_stm32f427xx.o(.text)
    EXTI3_IRQHandler                         0x08000277   Thumb Code     0  startup_stm32f427xx.o(.text)
    EXTI4_IRQHandler                         0x08000277   Thumb Code     0  startup_stm32f427xx.o(.text)
    EXTI9_5_IRQHandler                       0x08000277   Thumb Code     0  startup_stm32f427xx.o(.text)
    FLASH_IRQHandler                         0x08000277   Thumb Code     0  startup_stm32f427xx.o(.text)
    FMC_IRQHandler                           0x08000277   Thumb Code     0  startup_stm32f427xx.o(.text)
    FPU_IRQHandler                           0x08000277   Thumb Code     0  startup_stm32f427xx.o(.text)
    HASH_RNG_IRQHandler                      0x08000277   Thumb Code     0  startup_stm32f427xx.o(.text)
    I2C1_ER_IRQHandler                       0x08000277   Thumb Code     0  startup_stm32f427xx.o(.text)
    I2C1_EV_IRQHandler                       0x08000277   Thumb Code     0  startup_stm32f427xx.o(.text)
    I2C2_ER_IRQHandler                       0x08000277   Thumb Code     0  startup_stm32f427xx.o(.text)
    I2C2_EV_IRQHandler                       0x08000277   Thumb Code     0  startup_stm32f427xx.o(.text)
    I2C3_ER_IRQHandler                       0x08000277   Thumb Code     0  startup_stm32f427xx.o(.text)
    I2C3_EV_IRQHandler                       0x08000277   Thumb Code     0  startup_stm32f427xx.o(.text)
    OTG_FS_IRQHandler                        0x08000277   Thumb Code     0  startup_stm32f427xx.o(.text)
    OTG_FS_WKUP_IRQHandler                   0x08000277   Thumb Code     0  startup_stm32f427xx.o(.text)
    OTG_HS_EP1_IN_IRQHandler                 0x08000277   Thumb Code     0  startup_stm32f427xx.o(.text)
    OTG_HS_EP1_OUT_IRQHandler                0x08000277   Thumb Code     0  startup_stm32f427xx.o(.text)
    OTG_HS_IRQHandler                        0x08000277   Thumb Code     0  startup_stm32f427xx.o(.text)
    OTG_HS_WKUP_IRQHandler                   0x08000277   Thumb Code     0  startup_stm32f427xx.o(.text)
    PVD_IRQHandler                           0x08000277   Thumb Code     0  startup_stm32f427xx.o(.text)
    RCC_IRQHandler                           0x08000277   Thumb Code     0  startup_stm32f427xx.o(.text)
    RTC_Alarm_IRQHandler                     0x08000277   Thumb Code     0  startup_stm32f427xx.o(.text)
    RTC_WKUP_IRQHandler                      0x08000277   Thumb Code     0  startup_stm32f427xx.o(.text)
    SAI1_IRQHandler                          0x08000277   Thumb Code     0  startup_stm32f427xx.o(.text)
    SDIO_IRQHandler                          0x08000277   Thumb Code     0  startup_stm32f427xx.o(.text)
    SPI1_IRQHandler                          0x08000277   Thumb Code     0  startup_stm32f427xx.o(.text)
    SPI2_IRQHandler                          0x08000277   Thumb Code     0  startup_stm32f427xx.o(.text)
    SPI3_IRQHandler                          0x08000277   Thumb Code     0  startup_stm32f427xx.o(.text)
    SPI4_IRQHandler                          0x08000277   Thumb Code     0  startup_stm32f427xx.o(.text)
    SPI5_IRQHandler                          0x08000277   Thumb Code     0  startup_stm32f427xx.o(.text)
    SPI6_IRQHandler                          0x08000277   Thumb Code     0  startup_stm32f427xx.o(.text)
    TAMP_STAMP_IRQHandler                    0x08000277   Thumb Code     0  startup_stm32f427xx.o(.text)
    TIM1_BRK_TIM9_IRQHandler                 0x08000277   Thumb Code     0  startup_stm32f427xx.o(.text)
    TIM1_CC_IRQHandler                       0x08000277   Thumb Code     0  startup_stm32f427xx.o(.text)
    TIM1_TRG_COM_TIM11_IRQHandler            0x08000277   Thumb Code     0  startup_stm32f427xx.o(.text)
    TIM1_UP_TIM10_IRQHandler                 0x08000277   Thumb Code     0  startup_stm32f427xx.o(.text)
    TIM2_IRQHandler                          0x08000277   Thumb Code     0  startup_stm32f427xx.o(.text)
    TIM3_IRQHandler                          0x08000277   Thumb Code     0  startup_stm32f427xx.o(.text)
    TIM4_IRQHandler                          0x08000277   Thumb Code     0  startup_stm32f427xx.o(.text)
    TIM5_IRQHandler                          0x08000277   Thumb Code     0  startup_stm32f427xx.o(.text)
    TIM7_IRQHandler                          0x08000277   Thumb Code     0  startup_stm32f427xx.o(.text)
    TIM8_BRK_TIM12_IRQHandler                0x08000277   Thumb Code     0  startup_stm32f427xx.o(.text)
    TIM8_CC_IRQHandler                       0x08000277   Thumb Code     0  startup_stm32f427xx.o(.text)
    TIM8_TRG_COM_TIM14_IRQHandler            0x08000277   Thumb Code     0  startup_stm32f427xx.o(.text)
    TIM8_UP_TIM13_IRQHandler                 0x08000277   Thumb Code     0  startup_stm32f427xx.o(.text)
    UART4_IRQHandler                         0x08000277   Thumb Code     0  startup_stm32f427xx.o(.text)
    UART5_IRQHandler                         0x08000277   Thumb Code     0  startup_stm32f427xx.o(.text)
    UART7_IRQHandler                         0x08000277   Thumb Code     0  startup_stm32f427xx.o(.text)
    UART8_IRQHandler                         0x08000277   Thumb Code     0  startup_stm32f427xx.o(.text)
    USART1_IRQHandler                        0x08000277   Thumb Code     0  startup_stm32f427xx.o(.text)
    USART2_IRQHandler                        0x08000277   Thumb Code     0  startup_stm32f427xx.o(.text)
    USART3_IRQHandler                        0x08000277   Thumb Code     0  startup_stm32f427xx.o(.text)
    USART6_IRQHandler                        0x08000277   Thumb Code     0  startup_stm32f427xx.o(.text)
    WWDG_IRQHandler                          0x08000277   Thumb Code     0  startup_stm32f427xx.o(.text)
    __user_initial_stackheap                 0x08000279   Thumb Code     0  startup_stm32f427xx.o(.text)
    __aeabi_uldivmod                         0x0800029d   Thumb Code     0  lludivv7m.o(.text)
    _ll_udiv                                 0x0800029d   Thumb Code   240  lludivv7m.o(.text)
    __cxa_atexit                             0x0800038d   Thumb Code    10  cxa_atexit.o(.text)
    __aeabi_memclr4                          0x08000397   Thumb Code     0  rt_memclr_w.o(.text)
    __aeabi_memclr8                          0x08000397   Thumb Code     0  rt_memclr_w.o(.text)
    __rt_memclr_w                            0x08000397   Thumb Code     0  rt_memclr_w.o(.text)
    _memset_w                                0x0800039b   Thumb Code    74  rt_memclr_w.o(.text)
    __use_two_region_memory                  0x080003e5   Thumb Code     2  heapauxi.o(.text)
    __rt_heap_escrow                         0x080003e7   Thumb Code     2  heapauxi.o(.text)
    __rt_heap_expand                         0x080003e9   Thumb Code     2  heapauxi.o(.text)
    __cpp_initialize__aeabi_                 0x080003ed   Thumb Code    28  init_aeabi.o(.text)
    malloc                                   0x08000411   Thumb Code    94  h1_alloc.o(.text)
    free                                     0x0800046f   Thumb Code    78  h1_free.o(.text)
    __read_errno                             0x080004bd   Thumb Code    10  _rserrno.o(.text)
    __set_errno                              0x080004c7   Thumb Code    12  _rserrno.o(.text)
    __aeabi_atexit                           0x080004d3   Thumb Code    46  aeabi_atexit.o(.text)
    _sys_exit                                0x08000501   Thumb Code     8  sys_exit.o(.text)
    __rt_heap_descriptor                     0x0800050d   Thumb Code     8  rt_heap_descriptor_intlibspace.o(.text)
    __rt_ddtor_pointer_addr                  0x08000515   Thumb Code     8  rt_ddtor_pointer_addr_intlibspace.o(.text)
    __aeabi_errno_addr                       0x0800051d   Thumb Code     8  rt_errno_addr_intlibspace.o(.text)
    __errno$intlibspace                      0x0800051d   Thumb Code     0  rt_errno_addr_intlibspace.o(.text)
    __rt_errno_addr$intlibspace              0x0800051d   Thumb Code     0  rt_errno_addr_intlibspace.o(.text)
    __use_no_heap                            0x08000525   Thumb Code     2  hguard.o(.text)
    __heap$guard                             0x08000527   Thumb Code     2  hguard.o(.text)
    _terminate_user_alloc                    0x08000529   Thumb Code     2  init_alloc.o(.text)
    _init_user_alloc                         0x0800052b   Thumb Code     2  init_alloc.o(.text)
    __Heap_Full                              0x0800052d   Thumb Code    34  init_alloc.o(.text)
    __Heap_Broken                            0x0800054f   Thumb Code     6  init_alloc.o(.text)
    _init_alloc                              0x08000555   Thumb Code    94  init_alloc.o(.text)
    __Heap_Initialize                        0x080005b3   Thumb Code    10  h1_init.o(.text)
    __Heap_DescSize                          0x080005bd   Thumb Code     4  h1_init.o(.text)
    __cxa_finalize                           0x080005c1   Thumb Code    66  cxa_finalize.o(.text)
    __user_libspace                          0x08000605   Thumb Code     8  libspace.o(.text)
    __user_perproc_libspace                  0x08000605   Thumb Code     0  libspace.o(.text)
    __user_perthread_libspace                0x08000605   Thumb Code     0  libspace.o(.text)
    __I$use$semihosting                      0x0800060d   Thumb Code     0  use_no_semi.o(.text)
    __use_no_semihosting_swi                 0x0800060d   Thumb Code     2  use_no_semi.o(.text)
    __semihosting_library_function           0x0800060f   Thumb Code     0  indicate_semi.o(.text)
    __user_setup_stackheap                   0x0800060f   Thumb Code    74  sys_stackheap_outer.o(.text)
    __Heap_ProvideMemory                     0x08000659   Thumb Code    52  h1_extend.o(.text)
    _maybe_terminate_alloc                   0x08000659   Thumb Code     0  maybetermalloc1.o(.text)
    exit                                     0x0800068d   Thumb Code    18  exit.o(.text)
    __sig_exit                               0x0800069f   Thumb Code    10  defsig_exit.o(.text)
    __rt_SIGRTMEM                            0x080006a9   Thumb Code    14  defsig_rtmem_outer.o(.text)
    __default_signal_display                 0x080006b7   Thumb Code    50  defsig_general.o(.text)
    __rt_SIGRTMEM_inner                      0x080006e9   Thumb Code    22  defsig_rtmem_inner.o(.text)
    _ttywrch                                 0x08000739   Thumb Code    14  sys_wrch.o(.text)
    BusFault_Handler                         0x08000749   Thumb Code     2  stm32f4xx_it.o(.text.BusFault_Handler)
    CAN1_RX0_IRQHandler                      0x0800074d   Thumb Code    12  stm32f4xx_it.o(.text.CAN1_RX0_IRQHandler)
    CAN1_TX_IRQHandler                       0x08000759   Thumb Code    12  stm32f4xx_it.o(.text.CAN1_TX_IRQHandler)
    DebugMon_Handler                         0x08000765   Thumb Code     2  stm32f4xx_it.o(.text.DebugMon_Handler)
    Error_Handler                            0x08000769   Thumb Code     6  main.o(.text.Error_Handler)
    HAL_CAN_ActivateNotification             0x08000771   Thumb Code    46  stm32f4xx_hal_can.o(.text.HAL_CAN_ActivateNotification)
    HAL_CAN_AddTxMessage                     0x080007a1   Thumb Code   168  stm32f4xx_hal_can.o(.text.HAL_CAN_AddTxMessage)
    HAL_CAN_ConfigFilter                     0x08000849   Thumb Code   222  stm32f4xx_hal_can.o(.text.HAL_CAN_ConfigFilter)
    HAL_CAN_ErrorCallback                    0x08000929   Thumb Code     2  stm32f4xx_hal_can.o(.text.HAL_CAN_ErrorCallback)
    HAL_CAN_GetRxMessage                     0x0800092d   Thumb Code   308  stm32f4xx_hal_can.o(.text.HAL_CAN_GetRxMessage)
    HAL_CAN_IRQHandler                       0x08000a61   Thumb Code   606  stm32f4xx_hal_can.o(.text.HAL_CAN_IRQHandler)
    HAL_CAN_Init                             0x08000cc1   Thumb Code   244  stm32f4xx_hal_can.o(.text.HAL_CAN_Init)
    HAL_CAN_MspInit                          0x08000db5   Thumb Code   136  can.o(.text.HAL_CAN_MspInit)
    HAL_CAN_RxFifo0FullCallback              0x08000e3d   Thumb Code     2  stm32f4xx_hal_can.o(.text.HAL_CAN_RxFifo0FullCallback)
    HAL_CAN_RxFifo0MsgPendingCallback        0x08000e41   Thumb Code    98  callback.o(.text.HAL_CAN_RxFifo0MsgPendingCallback)
    HAL_CAN_RxFifo1FullCallback              0x08000ea5   Thumb Code     2  stm32f4xx_hal_can.o(.text.HAL_CAN_RxFifo1FullCallback)
    HAL_CAN_RxFifo1MsgPendingCallback        0x08000ea9   Thumb Code     2  stm32f4xx_hal_can.o(.text.HAL_CAN_RxFifo1MsgPendingCallback)
    HAL_CAN_SleepCallback                    0x08000ead   Thumb Code     2  stm32f4xx_hal_can.o(.text.HAL_CAN_SleepCallback)
    HAL_CAN_Start                            0x08000eb1   Thumb Code    90  stm32f4xx_hal_can.o(.text.HAL_CAN_Start)
    HAL_CAN_TxMailbox0AbortCallback          0x08000f0d   Thumb Code     2  stm32f4xx_hal_can.o(.text.HAL_CAN_TxMailbox0AbortCallback)
    HAL_CAN_TxMailbox0CompleteCallback       0x08000f11   Thumb Code     2  stm32f4xx_hal_can.o(.text.HAL_CAN_TxMailbox0CompleteCallback)
    HAL_CAN_TxMailbox1AbortCallback          0x08000f15   Thumb Code     2  stm32f4xx_hal_can.o(.text.HAL_CAN_TxMailbox1AbortCallback)
    HAL_CAN_TxMailbox1CompleteCallback       0x08000f19   Thumb Code     2  stm32f4xx_hal_can.o(.text.HAL_CAN_TxMailbox1CompleteCallback)
    HAL_CAN_TxMailbox2AbortCallback          0x08000f1d   Thumb Code     2  stm32f4xx_hal_can.o(.text.HAL_CAN_TxMailbox2AbortCallback)
    HAL_CAN_TxMailbox2CompleteCallback       0x08000f21   Thumb Code     2  stm32f4xx_hal_can.o(.text.HAL_CAN_TxMailbox2CompleteCallback)
    HAL_CAN_WakeUpFromRxMsgCallback          0x08000f25   Thumb Code     2  stm32f4xx_hal_can.o(.text.HAL_CAN_WakeUpFromRxMsgCallback)
    HAL_Delay                                0x08000f29   Thumb Code    40  stm32f4xx_hal.o(.text.HAL_Delay)
    HAL_GPIO_Init                            0x08000f51   Thumb Code   422  stm32f4xx_hal_gpio.o(.text.HAL_GPIO_Init)
    HAL_GPIO_TogglePin                       0x080010f9   Thumb Code    16  stm32f4xx_hal_gpio.o(.text.HAL_GPIO_TogglePin)
    HAL_GPIO_WritePin                        0x08001109   Thumb Code    10  stm32f4xx_hal_gpio.o(.text.HAL_GPIO_WritePin)
    HAL_GetTick                              0x08001115   Thumb Code    12  stm32f4xx_hal.o(.text.HAL_GetTick)
    HAL_IncTick                              0x08001121   Thumb Code    26  stm32f4xx_hal.o(.text.HAL_IncTick)
    HAL_Init                                 0x0800113d   Thumb Code    54  stm32f4xx_hal.o(.text.HAL_Init)
    HAL_InitTick                             0x08001175   Thumb Code    72  stm32f4xx_hal.o(.text.HAL_InitTick)
    HAL_MspInit                              0x080011bd   Thumb Code    56  stm32f4xx_hal_msp.o(.text.HAL_MspInit)
    HAL_NVIC_EnableIRQ                       0x080011f5   Thumb Code    38  stm32f4xx_hal_cortex.o(.text.HAL_NVIC_EnableIRQ)
    HAL_NVIC_SetPriority                     0x0800121d   Thumb Code    86  stm32f4xx_hal_cortex.o(.text.HAL_NVIC_SetPriority)
    HAL_NVIC_SetPriorityGrouping             0x08001275   Thumb Code    32  stm32f4xx_hal_cortex.o(.text.HAL_NVIC_SetPriorityGrouping)
    HAL_PWREx_EnableOverDrive                0x08001295   Thumb Code   122  stm32f4xx_hal_pwr_ex.o(.text.HAL_PWREx_EnableOverDrive)
    HAL_RCC_ClockConfig                      0x08001311   Thumb Code   352  stm32f4xx_hal_rcc.o(.text.HAL_RCC_ClockConfig)
    HAL_RCC_GetSysClockFreq                  0x08001471   Thumb Code   106  stm32f4xx_hal_rcc.o(.text.HAL_RCC_GetSysClockFreq)
    HAL_RCC_OscConfig                        0x080014dd   Thumb Code   884  stm32f4xx_hal_rcc.o(.text.HAL_RCC_OscConfig)
    HAL_SYSTICK_Config                       0x08001851   Thumb Code    44  stm32f4xx_hal_cortex.o(.text.HAL_SYSTICK_Config)
    HAL_TIMEx_BreakCallback                  0x0800187d   Thumb Code     2  stm32f4xx_hal_tim_ex.o(.text.HAL_TIMEx_BreakCallback)
    HAL_TIMEx_CommutCallback                 0x08001881   Thumb Code     2  stm32f4xx_hal_tim_ex.o(.text.HAL_TIMEx_CommutCallback)
    HAL_TIMEx_MasterConfigSynchronization    0x08001885   Thumb Code   182  stm32f4xx_hal_tim_ex.o(.text.HAL_TIMEx_MasterConfigSynchronization)
    HAL_TIM_Base_Init                        0x0800193d   Thumb Code    90  stm32f4xx_hal_tim.o(.text.HAL_TIM_Base_Init)
    HAL_TIM_Base_MspInit                     0x08001999   Thumb Code    74  tim.o(.text.HAL_TIM_Base_MspInit)
    HAL_TIM_Base_Start_IT                    0x080019e5   Thumb Code   170  stm32f4xx_hal_tim.o(.text.HAL_TIM_Base_Start_IT)
    HAL_TIM_IC_CaptureCallback               0x08001a91   Thumb Code     2  stm32f4xx_hal_tim.o(.text.HAL_TIM_IC_CaptureCallback)
    HAL_TIM_IRQHandler                       0x08001a95   Thumb Code   334  stm32f4xx_hal_tim.o(.text.HAL_TIM_IRQHandler)
    HAL_TIM_OC_DelayElapsedCallback          0x08001be5   Thumb Code     2  stm32f4xx_hal_tim.o(.text.HAL_TIM_OC_DelayElapsedCallback)
    HAL_TIM_PWM_PulseFinishedCallback        0x08001be9   Thumb Code     2  stm32f4xx_hal_tim.o(.text.HAL_TIM_PWM_PulseFinishedCallback)
    HAL_TIM_PeriodElapsedCallback            0x08001bed   Thumb Code   108  callback.o(.text.HAL_TIM_PeriodElapsedCallback)
    HAL_TIM_TriggerCallback                  0x08001c59   Thumb Code     2  stm32f4xx_hal_tim.o(.text.HAL_TIM_TriggerCallback)
    HardFault_Handler                        0x08001c5d   Thumb Code     2  stm32f4xx_it.o(.text.HardFault_Handler)
    MX_CAN1_Init                             0x08001c61   Thumb Code    64  can.o(.text.MX_CAN1_Init)
    MX_GPIO_Init                             0x08001ca1   Thumb Code   142  gpio.o(.text.MX_GPIO_Init)
    MX_TIM6_Init                             0x08001d31   Thumb Code    80  tim.o(.text.MX_TIM6_Init)
    MemManage_Handler                        0x08001d81   Thumb Code     2  stm32f4xx_it.o(.text.MemManage_Handler)
    NMI_Handler                              0x08001d85   Thumb Code     2  stm32f4xx_it.o(.text.NMI_Handler)
    PendSV_Handler                           0x08001d89   Thumb Code     2  stm32f4xx_it.o(.text.PendSV_Handler)
    SVC_Handler                              0x08001d8d   Thumb Code     2  stm32f4xx_it.o(.text.SVC_Handler)
    SysTick_Handler                          0x08001d91   Thumb Code     4  stm32f4xx_it.o(.text.SysTick_Handler)
    SystemClock_Config                       0x08001d95   Thumb Code   184  main.o(.text.SystemClock_Config)
    SystemInit                               0x08001e4d   Thumb Code    18  system_stm32f4xx.o(.text.SystemInit)
    TIM6_DAC_IRQHandler                      0x08001e61   Thumb Code    12  stm32f4xx_it.o(.text.TIM6_DAC_IRQHandler)
    TIM_Base_SetConfig                       0x08001e6d   Thumb Code   322  stm32f4xx_hal_tim.o(.text.TIM_Base_SetConfig)
    UsageFault_Handler                       0x08001fb1   Thumb Code     2  stm32f4xx_it.o(.text.UsageFault_Handler)
    M3508Motor::read_RxMsg(unsigned char const*) 0x08001fe9   Thumb Code   460  motor.o(.text._ZN10M3508Motor10read_RxMsgEPKh)
    M3508Motor::write_TxMsg(unsigned char*)  0x080021b5   Thumb Code    64  motor.o(.text._ZN10M3508Motor11write_TxMsgEPh)
    M3508Motor::handle()                     0x080021f9   Thumb Code   348  motor.o(.text._ZN10M3508Motor6handleEv)
    M3508Motor::M3508Motor__sub_object(float, int) 0x08002355   Thumb Code   276  motor.o(.text._ZN10M3508MotorC2Efi)
    M3508Motor::~M3508Motor__sub_object()    0x08002469   Thumb Code    68  motor.o(.text._ZN10M3508MotorD2Ev)
    PID::set_out_max(float)                  0x080024ad   Thumb Code    28  pid.o(.text._ZN3PID11set_out_maxEf)
    PID::calc(float, float)                  0x080024c9   Thumb Code   348  pid.o(.text._ZN3PID4calcEff)
    std::get_new_handler()                   0x08002625   Thumb Code    12  cxa_handlers.cpp.o(.text._ZSt15get_new_handlerv)
    operator delete(void*)                   0x08002631   Thumb Code     4  new.cpp.o(.text._ZdlPv)
    operator delete(void*, unsigned int)     0x08002635   Thumb Code     4  new.cpp.o(.text._ZdlPvj)
    operator new(unsigned int)               0x08002639   Thumb Code    38  new.cpp.o(.text._Znwj)
    main                                     0x08002661   Thumb Code   146  main.o(.text.main)
    __ARM_fpclassifyf                        0x080026f3   Thumb Code    38  fpclassifyf.o(i.__ARM_fpclassifyf)
    __hardfp_sinf                            0x08002719   Thumb Code   344  sinf.o(i.__hardfp_sinf)
    __mathlib_flt_infnan                     0x080028a9   Thumb Code     6  funder.o(i.__mathlib_flt_infnan)
    __mathlib_flt_invalid                    0x080028b1   Thumb Code    10  funder.o(i.__mathlib_flt_invalid)
    __mathlib_flt_underflow                  0x080028c1   Thumb Code    10  funder.o(i.__mathlib_flt_underflow)
    __mathlib_rredf2                         0x080028d1   Thumb Code   316  rredf.o(i.__mathlib_rredf2)
    __aeabi_d2f                              0x08002a25   Thumb Code     0  d2f.o(x$fpl$d2f)
    _d2f                                     0x08002a25   Thumb Code    98  d2f.o(x$fpl$d2f)
    __aeabi_dmul                             0x08002a89   Thumb Code     0  dmul.o(x$fpl$dmul)
    _dmul                                    0x08002a89   Thumb Code   332  dmul.o(x$fpl$dmul)
    __fpl_dnaninf                            0x08002bdd   Thumb Code   156  dnaninf.o(x$fpl$dnaninf)
    __fpl_dretinf                            0x08002c79   Thumb Code    12  dretinf.o(x$fpl$dretinf)
    __aeabi_f2d                              0x08002c85   Thumb Code     0  f2d.o(x$fpl$f2d)
    _f2d                                     0x08002c85   Thumb Code    86  f2d.o(x$fpl$f2d)
    __fpl_fnaninf                            0x08002cdb   Thumb Code   140  fnaninf.o(x$fpl$fnaninf)
    _fp_init                                 0x08002d67   Thumb Code    26  fpinit.o(x$fpl$fpinit)
    __fplib_config_fpu_vfp                   0x08002d7f   Thumb Code     0  fpinit.o(x$fpl$fpinit)
    __fplib_config_pureend_doubles           0x08002d7f   Thumb Code     0  fpinit.o(x$fpl$fpinit)
    __fpl_fretinf                            0x08002d81   Thumb Code    10  fretinf.o(x$fpl$fretinf)
    __I$use$fp                               0x08002d8a   Number         0  usenofp.o(x$fpl$usenofp)
    AHBPrescTable                            0x08002dac   Data          16  system_stm32f4xx.o(.rodata.AHBPrescTable)
    Region$$Table$$Base                      0x08002dbc   Number         0  anon$$obj.o(Region$$Table)
    Region$$Table$$Limit                     0x08002ddc   Number         0  anon$$obj.o(Region$$Table)
    SHT$$INIT_ARRAY$$Base                    0x08002ddc   Number         0  motor.o(.init_array)
    SHT$$INIT_ARRAY$$Limit                   0x08002de0   Number         0  init_aeabi.o(.init_array)
    uwTickFreq                               0x20000000   Data           1  stm32f4xx_hal.o(.data..L_MergedGlobals)
    uwTickPrio                               0x20000004   Data           4  stm32f4xx_hal.o(.data..L_MergedGlobals)
    SystemCoreClock                          0x20000008   Data           4  system_stm32f4xx.o(.data.SystemCoreClock)
    filter_config                            0x2000000c   Data          40  main.o(.data.filter_config)
    stop_flag                                0x20000034   Data           4  main.o(.data.stop_flag)
    tx_header                                0x20000038   Data          24  main.o(.data.tx_header)
    __libspace_start                         0x20000050   Data          96  libspace.o(.bss)
    __cxa_new_handler                        0x200000b0   Data           4  cxa_default_handlers.cpp.o(.bss.__cxa_new_handler)
    __temporary_stack_top$libspace           0x200000b0   Data           0  libspace.o(.bss)
    can_tx_mailbox                           0x200000b4   Data           4  main.o(.bss.can_tx_mailbox)
    hcan1                                    0x200000b8   Data          40  can.o(.bss.hcan1)
    htim6                                    0x200000e0   Data          72  tim.o(.bss.htim6)
    motor                                    0x20000128   Data         184  motor.o(.bss.motor)
    rx_data                                  0x200001e0   Data           8  main.o(.bss.rx_data)
    rx_header                                0x200001e8   Data          28  main.o(.bss.rx_header)
    tx_data                                  0x20000204   Data           8  main.o(.bss.tx_data)
    uwTick                                   0x2000020c   Data           4  stm32f4xx_hal.o(.bss.uwTick)



==============================================================================

Memory Map of the image

  Image Entry point : 0x080001ad

  Load Region LR_IROM1 (Base: 0x08000000, Size: 0x00002e30, Max: 0x00200000, ABSOLUTE)

    Execution Region ER_IROM1 (Exec base: 0x08000000, Load base: 0x08000000, Size: 0x00002de0, Max: 0x00200000, ABSOLUTE)

    Exec Addr    Load Addr    Size         Type   Attr      Idx    E Section Name        Object

    0x08000000   0x08000000   0x000001ac   Data   RO            3    RESET               startup_stm32f427xx.o
    0x080001ac   0x080001ac   0x00000008   Code   RO         1008  * !!!main             c_w.l(__main.o)
    0x080001b4   0x080001b4   0x00000034   Code   RO         1446    !!!scatter          c_w.l(__scatter.o)
    0x080001e8   0x080001e8   0x0000001a   Code   RO         1448    !!handler_copy      c_w.l(__scatter_copy.o)
    0x08000202   0x08000202   0x00000002   PAD
    0x08000204   0x08000204   0x0000001c   Code   RO         1450    !!handler_zi        c_w.l(__scatter_zi.o)
    0x08000220   0x08000220   0x00000002   Code   RO         1383    .ARM.Collect$$libinit$$00000000  c_w.l(libinit.o)
    0x08000222   0x08000222   0x00000004   Code   RO         1154    .ARM.Collect$$libinit$$00000001  c_w.l(libinit2.o)
    0x08000226   0x08000226   0x00000000   Code   RO         1157    .ARM.Collect$$libinit$$00000004  c_w.l(libinit2.o)
    0x08000226   0x08000226   0x00000000   Code   RO         1159    .ARM.Collect$$libinit$$00000006  c_w.l(libinit2.o)
    0x08000226   0x08000226   0x00000008   Code   RO         1160    .ARM.Collect$$libinit$$00000007  c_w.l(libinit2.o)
    0x0800022e   0x0800022e   0x00000000   Code   RO         1162    .ARM.Collect$$libinit$$0000000C  c_w.l(libinit2.o)
    0x0800022e   0x0800022e   0x00000000   Code   RO         1164    .ARM.Collect$$libinit$$0000000E  c_w.l(libinit2.o)
    0x0800022e   0x0800022e   0x00000000   Code   RO         1166    .ARM.Collect$$libinit$$00000010  c_w.l(libinit2.o)
    0x0800022e   0x0800022e   0x00000000   Code   RO         1169    .ARM.Collect$$libinit$$00000013  c_w.l(libinit2.o)
    0x0800022e   0x0800022e   0x00000000   Code   RO         1171    .ARM.Collect$$libinit$$00000015  c_w.l(libinit2.o)
    0x0800022e   0x0800022e   0x00000000   Code   RO         1173    .ARM.Collect$$libinit$$00000017  c_w.l(libinit2.o)
    0x0800022e   0x0800022e   0x00000000   Code   RO         1175    .ARM.Collect$$libinit$$00000019  c_w.l(libinit2.o)
    0x0800022e   0x0800022e   0x00000000   Code   RO         1177    .ARM.Collect$$libinit$$0000001B  c_w.l(libinit2.o)
    0x0800022e   0x0800022e   0x00000000   Code   RO         1179    .ARM.Collect$$libinit$$0000001D  c_w.l(libinit2.o)
    0x0800022e   0x0800022e   0x00000000   Code   RO         1181    .ARM.Collect$$libinit$$0000001F  c_w.l(libinit2.o)
    0x0800022e   0x0800022e   0x00000000   Code   RO         1183    .ARM.Collect$$libinit$$00000021  c_w.l(libinit2.o)
    0x0800022e   0x0800022e   0x00000000   Code   RO         1185    .ARM.Collect$$libinit$$00000023  c_w.l(libinit2.o)
    0x0800022e   0x0800022e   0x00000000   Code   RO         1187    .ARM.Collect$$libinit$$00000025  c_w.l(libinit2.o)
    0x0800022e   0x0800022e   0x00000000   Code   RO         1189    .ARM.Collect$$libinit$$00000027  c_w.l(libinit2.o)
    0x0800022e   0x0800022e   0x00000000   Code   RO         1193    .ARM.Collect$$libinit$$0000002E  c_w.l(libinit2.o)
    0x0800022e   0x0800022e   0x00000000   Code   RO         1195    .ARM.Collect$$libinit$$00000030  c_w.l(libinit2.o)
    0x0800022e   0x0800022e   0x00000000   Code   RO         1197    .ARM.Collect$$libinit$$00000032  c_w.l(libinit2.o)
    0x0800022e   0x0800022e   0x00000004   Code   RO         1198    .ARM.Collect$$libinit$$00000033  c_w.l(libinit2.o)
    0x08000232   0x08000232   0x00000000   Code   RO         1199    .ARM.Collect$$libinit$$00000034  c_w.l(libinit2.o)
    0x08000232   0x08000232   0x00000002   Code   RO         1200    .ARM.Collect$$libinit$$00000035  c_w.l(libinit2.o)
    0x08000234   0x08000234   0x00000002   Code   RO         1443    .ARM.Collect$$libshutdown$$00000000  c_w.l(libshutdown.o)
    0x08000236   0x08000236   0x00000006   Code   RO         1384    .ARM.Collect$$libshutdown$$00000001  c_w.l(libshutdown2.o)
    0x0800023c   0x0800023c   0x00000000   Code   RO         1385    .ARM.Collect$$libshutdown$$00000002  c_w.l(libshutdown2.o)
    0x0800023c   0x0800023c   0x00000000   Code   RO         1387    .ARM.Collect$$libshutdown$$00000004  c_w.l(libshutdown2.o)
    0x0800023c   0x0800023c   0x00000000   Code   RO         1390    .ARM.Collect$$libshutdown$$00000007  c_w.l(libshutdown2.o)
    0x0800023c   0x0800023c   0x00000000   Code   RO         1393    .ARM.Collect$$libshutdown$$0000000A  c_w.l(libshutdown2.o)
    0x0800023c   0x0800023c   0x00000000   Code   RO         1395    .ARM.Collect$$libshutdown$$0000000C  c_w.l(libshutdown2.o)
    0x0800023c   0x0800023c   0x00000000   Code   RO         1398    .ARM.Collect$$libshutdown$$0000000F  c_w.l(libshutdown2.o)
    0x0800023c   0x0800023c   0x00000002   Code   RO         1399    .ARM.Collect$$libshutdown$$00000010  c_w.l(libshutdown2.o)
    0x0800023e   0x0800023e   0x00000000   Code   RO         1073    .ARM.Collect$$rtentry$$00000000  c_w.l(__rtentry.o)
    0x0800023e   0x0800023e   0x00000000   Code   RO         1256    .ARM.Collect$$rtentry$$00000002  c_w.l(__rtentry2.o)
    0x0800023e   0x0800023e   0x00000006   Code   RO         1268    .ARM.Collect$$rtentry$$00000004  c_w.l(__rtentry4.o)
    0x08000244   0x08000244   0x00000000   Code   RO         1258    .ARM.Collect$$rtentry$$00000009  c_w.l(__rtentry2.o)
    0x08000244   0x08000244   0x00000004   Code   RO         1259    .ARM.Collect$$rtentry$$0000000A  c_w.l(__rtentry2.o)
    0x08000248   0x08000248   0x00000000   Code   RO         1261    .ARM.Collect$$rtentry$$0000000C  c_w.l(__rtentry2.o)
    0x08000248   0x08000248   0x00000008   Code   RO         1262    .ARM.Collect$$rtentry$$0000000D  c_w.l(__rtentry2.o)
    0x08000250   0x08000250   0x00000002   Code   RO         1400    .ARM.Collect$$rtexit$$00000000  c_w.l(rtexit.o)
    0x08000252   0x08000252   0x00000000   Code   RO         1417    .ARM.Collect$$rtexit$$00000002  c_w.l(rtexit2.o)
    0x08000252   0x08000252   0x00000004   Code   RO         1418    .ARM.Collect$$rtexit$$00000003  c_w.l(rtexit2.o)
    0x08000256   0x08000256   0x00000006   Code   RO         1419    .ARM.Collect$$rtexit$$00000004  c_w.l(rtexit2.o)
    0x0800025c   0x0800025c   0x00000040   Code   RO            4    .text               startup_stm32f427xx.o
    0x0800029c   0x0800029c   0x000000f0   Code   RO          996    .text               c_w.l(lludivv7m.o)
    0x0800038c   0x0800038c   0x0000000a   Code   RO         1001    .text               c_w.l(cxa_atexit.o)
    0x08000396   0x08000396   0x0000004e   Code   RO         1004    .text               c_w.l(rt_memclr_w.o)
    0x080003e4   0x080003e4   0x00000006   Code   RO         1006    .text               c_w.l(heapauxi.o)
    0x080003ea   0x080003ea   0x00000002   PAD
    0x080003ec   0x080003ec   0x00000024   Code   RO         1013    .text               c_w.l(init_aeabi.o)
    0x08000410   0x08000410   0x0000005e   Code   RO         1082    .text               c_w.l(h1_alloc.o)
    0x0800046e   0x0800046e   0x0000004e   Code   RO         1084    .text               c_w.l(h1_free.o)
    0x080004bc   0x080004bc   0x00000016   Code   RO         1144    .text               c_w.l(_rserrno.o)
    0x080004d2   0x080004d2   0x0000002e   Code   RO         1151    .text               c_w.l(aeabi_atexit.o)
    0x08000500   0x08000500   0x0000000c   Code   RO         1249    .text               c_w.l(sys_exit.o)
    0x0800050c   0x0800050c   0x00000008   Code   RO         1275    .text               c_w.l(rt_heap_descriptor_intlibspace.o)
    0x08000514   0x08000514   0x00000008   Code   RO         1280    .text               c_w.l(rt_ddtor_pointer_addr_intlibspace.o)
    0x0800051c   0x0800051c   0x00000008   Code   RO         1285    .text               c_w.l(rt_errno_addr_intlibspace.o)
    0x08000524   0x08000524   0x00000004   Code   RO         1287    .text               c_w.l(hguard.o)
    0x08000528   0x08000528   0x0000008a   Code   RO         1289    .text               c_w.l(init_alloc.o)
    0x080005b2   0x080005b2   0x0000000e   Code   RO         1293    .text               c_w.l(h1_init.o)
    0x080005c0   0x080005c0   0x00000042   Code   RO         1305    .text               c_w.l(cxa_finalize.o)
    0x08000602   0x08000602   0x00000002   PAD
    0x08000604   0x08000604   0x00000008   Code   RO         1339    .text               c_w.l(libspace.o)
    0x0800060c   0x0800060c   0x00000002   Code   RO         1342    .text               c_w.l(use_no_semi.o)
    0x0800060e   0x0800060e   0x00000000   Code   RO         1344    .text               c_w.l(indicate_semi.o)
    0x0800060e   0x0800060e   0x0000004a   Code   RO         1345    .text               c_w.l(sys_stackheap_outer.o)
    0x08000658   0x08000658   0x00000000   Code   RO         1351    .text               c_w.l(maybetermalloc1.o)
    0x08000658   0x08000658   0x00000034   Code   RO         1353    .text               c_w.l(h1_extend.o)
    0x0800068c   0x0800068c   0x00000012   Code   RO         1357    .text               c_w.l(exit.o)
    0x0800069e   0x0800069e   0x0000000a   Code   RO         1359    .text               c_w.l(defsig_exit.o)
    0x080006a8   0x080006a8   0x0000000e   Code   RO         1367    .text               c_w.l(defsig_rtmem_outer.o)
    0x080006b6   0x080006b6   0x00000032   Code   RO         1406    .text               c_w.l(defsig_general.o)
    0x080006e8   0x080006e8   0x00000050   Code   RO         1410    .text               c_w.l(defsig_rtmem_inner.o)
    0x08000738   0x08000738   0x0000000e   Code   RO         1412    .text               c_w.l(sys_wrch.o)
    0x08000746   0x08000746   0x00000002   PAD
    0x08000748   0x08000748   0x00000002   Code   RO          121    .text.BusFault_Handler  stm32f4xx_it.o
    0x0800074a   0x0800074a   0x00000002   PAD
    0x0800074c   0x0800074c   0x0000000c   Code   RO          135    .text.CAN1_RX0_IRQHandler  stm32f4xx_it.o
    0x08000758   0x08000758   0x0000000c   Code   RO          133    .text.CAN1_TX_IRQHandler  stm32f4xx_it.o
    0x08000764   0x08000764   0x00000002   Code   RO          127    .text.DebugMon_Handler  stm32f4xx_it.o
    0x08000766   0x08000766   0x00000002   PAD
    0x08000768   0x08000768   0x00000006   Code   RO           59    .text.Error_Handler  main.o
    0x0800076e   0x0800076e   0x00000002   PAD
    0x08000770   0x08000770   0x0000002e   Code   RO          206    .text.HAL_CAN_ActivateNotification  stm32f4xx_hal_can.o
    0x0800079e   0x0800079e   0x00000002   PAD
    0x080007a0   0x080007a0   0x000000a8   Code   RO          192    .text.HAL_CAN_AddTxMessage  stm32f4xx_hal_can.o
    0x08000848   0x08000848   0x000000de   Code   RO          182    .text.HAL_CAN_ConfigFilter  stm32f4xx_hal_can.o
    0x08000926   0x08000926   0x00000002   PAD
    0x08000928   0x08000928   0x00000002   Code   RO          236    .text.HAL_CAN_ErrorCallback  stm32f4xx_hal_can.o
    0x0800092a   0x0800092a   0x00000002   PAD
    0x0800092c   0x0800092c   0x00000134   Code   RO          202    .text.HAL_CAN_GetRxMessage  stm32f4xx_hal_can.o
    0x08000a60   0x08000a60   0x0000025e   Code   RO          210    .text.HAL_CAN_IRQHandler  stm32f4xx_hal_can.o
    0x08000cbe   0x08000cbe   0x00000002   PAD
    0x08000cc0   0x08000cc0   0x000000f4   Code   RO          172    .text.HAL_CAN_Init  stm32f4xx_hal_can.o
    0x08000db4   0x08000db4   0x00000088   Code   RO           87    .text.HAL_CAN_MspInit  can.o
    0x08000e3c   0x08000e3c   0x00000002   Code   RO          224    .text.HAL_CAN_RxFifo0FullCallback  stm32f4xx_hal_can.o
    0x08000e3e   0x08000e3e   0x00000002   PAD
    0x08000e40   0x08000e40   0x00000062   Code   RO           43    .text.HAL_CAN_RxFifo0MsgPendingCallback  callback.o
    0x08000ea2   0x08000ea2   0x00000002   PAD
    0x08000ea4   0x08000ea4   0x00000002   Code   RO          228    .text.HAL_CAN_RxFifo1FullCallback  stm32f4xx_hal_can.o
    0x08000ea6   0x08000ea6   0x00000002   PAD
    0x08000ea8   0x08000ea8   0x00000002   Code   RO          230    .text.HAL_CAN_RxFifo1MsgPendingCallback  stm32f4xx_hal_can.o
    0x08000eaa   0x08000eaa   0x00000002   PAD
    0x08000eac   0x08000eac   0x00000002   Code   RO          232    .text.HAL_CAN_SleepCallback  stm32f4xx_hal_can.o
    0x08000eae   0x08000eae   0x00000002   PAD
    0x08000eb0   0x08000eb0   0x0000005a   Code   RO          184    .text.HAL_CAN_Start  stm32f4xx_hal_can.o
    0x08000f0a   0x08000f0a   0x00000002   PAD
    0x08000f0c   0x08000f0c   0x00000002   Code   RO          214    .text.HAL_CAN_TxMailbox0AbortCallback  stm32f4xx_hal_can.o
    0x08000f0e   0x08000f0e   0x00000002   PAD
    0x08000f10   0x08000f10   0x00000002   Code   RO          212    .text.HAL_CAN_TxMailbox0CompleteCallback  stm32f4xx_hal_can.o
    0x08000f12   0x08000f12   0x00000002   PAD
    0x08000f14   0x08000f14   0x00000002   Code   RO          218    .text.HAL_CAN_TxMailbox1AbortCallback  stm32f4xx_hal_can.o
    0x08000f16   0x08000f16   0x00000002   PAD
    0x08000f18   0x08000f18   0x00000002   Code   RO          216    .text.HAL_CAN_TxMailbox1CompleteCallback  stm32f4xx_hal_can.o
    0x08000f1a   0x08000f1a   0x00000002   PAD
    0x08000f1c   0x08000f1c   0x00000002   Code   RO          222    .text.HAL_CAN_TxMailbox2AbortCallback  stm32f4xx_hal_can.o
    0x08000f1e   0x08000f1e   0x00000002   PAD
    0x08000f20   0x08000f20   0x00000002   Code   RO          220    .text.HAL_CAN_TxMailbox2CompleteCallback  stm32f4xx_hal_can.o
    0x08000f22   0x08000f22   0x00000002   PAD
    0x08000f24   0x08000f24   0x00000002   Code   RO          234    .text.HAL_CAN_WakeUpFromRxMsgCallback  stm32f4xx_hal_can.o
    0x08000f26   0x08000f26   0x00000002   PAD
    0x08000f28   0x08000f28   0x00000028   Code   RO          587    .text.HAL_Delay     stm32f4xx_hal.o
    0x08000f50   0x08000f50   0x000001a6   Code   RO          376    .text.HAL_GPIO_Init  stm32f4xx_hal_gpio.o
    0x080010f6   0x080010f6   0x00000002   PAD
    0x080010f8   0x080010f8   0x00000010   Code   RO          384    .text.HAL_GPIO_TogglePin  stm32f4xx_hal_gpio.o
    0x08001108   0x08001108   0x0000000a   Code   RO          382    .text.HAL_GPIO_WritePin  stm32f4xx_hal_gpio.o
    0x08001112   0x08001112   0x00000002   PAD
    0x08001114   0x08001114   0x0000000c   Code   RO          579    .text.HAL_GetTick   stm32f4xx_hal.o
    0x08001120   0x08001120   0x0000001a   Code   RO          577    .text.HAL_IncTick   stm32f4xx_hal.o
    0x0800113a   0x0800113a   0x00000002   PAD
    0x0800113c   0x0800113c   0x00000036   Code   RO          567    .text.HAL_Init      stm32f4xx_hal.o
    0x08001172   0x08001172   0x00000002   PAD
    0x08001174   0x08001174   0x00000048   Code   RO          569    .text.HAL_InitTick  stm32f4xx_hal.o
    0x080011bc   0x080011bc   0x00000038   Code   RO          146    .text.HAL_MspInit   stm32f4xx_hal_msp.o
    0x080011f4   0x080011f4   0x00000026   Code   RO          519    .text.HAL_NVIC_EnableIRQ  stm32f4xx_hal_cortex.o
    0x0800121a   0x0800121a   0x00000002   PAD
    0x0800121c   0x0800121c   0x00000056   Code   RO          517    .text.HAL_NVIC_SetPriority  stm32f4xx_hal_cortex.o
    0x08001272   0x08001272   0x00000002   PAD
    0x08001274   0x08001274   0x00000020   Code   RO          515    .text.HAL_NVIC_SetPriorityGrouping  stm32f4xx_hal_cortex.o
    0x08001294   0x08001294   0x0000007a   Code   RO          501    .text.HAL_PWREx_EnableOverDrive  stm32f4xx_hal_pwr_ex.o
    0x0800130e   0x0800130e   0x00000002   PAD
    0x08001310   0x08001310   0x00000160   Code   RO          256    .text.HAL_RCC_ClockConfig  stm32f4xx_hal_rcc.o
    0x08001470   0x08001470   0x0000006a   Code   RO          258    .text.HAL_RCC_GetSysClockFreq  stm32f4xx_hal_rcc.o
    0x080014da   0x080014da   0x00000002   PAD
    0x080014dc   0x080014dc   0x00000374   Code   RO          254    .text.HAL_RCC_OscConfig  stm32f4xx_hal_rcc.o
    0x08001850   0x08001850   0x0000002c   Code   RO          527    .text.HAL_SYSTICK_Config  stm32f4xx_hal_cortex.o
    0x0800187c   0x0800187c   0x00000002   Code   RO          966    .text.HAL_TIMEx_BreakCallback  stm32f4xx_hal_tim_ex.o
    0x0800187e   0x0800187e   0x00000002   PAD
    0x08001880   0x08001880   0x00000002   Code   RO          962    .text.HAL_TIMEx_CommutCallback  stm32f4xx_hal_tim_ex.o
    0x08001882   0x08001882   0x00000002   PAD
    0x08001884   0x08001884   0x000000b6   Code   RO          956    .text.HAL_TIMEx_MasterConfigSynchronization  stm32f4xx_hal_tim_ex.o
    0x0800193a   0x0800193a   0x00000002   PAD
    0x0800193c   0x0800193c   0x0000005a   Code   RO          661    .text.HAL_TIM_Base_Init  stm32f4xx_hal_tim.o
    0x08001996   0x08001996   0x00000002   PAD
    0x08001998   0x08001998   0x0000004a   Code   RO          102    .text.HAL_TIM_Base_MspInit  tim.o
    0x080019e2   0x080019e2   0x00000002   PAD
    0x080019e4   0x080019e4   0x000000aa   Code   RO          675    .text.HAL_TIM_Base_Start_IT  stm32f4xx_hal_tim.o
    0x08001a8e   0x08001a8e   0x00000002   PAD
    0x08001a90   0x08001a90   0x00000002   Code   RO          797    .text.HAL_TIM_IC_CaptureCallback  stm32f4xx_hal_tim.o
    0x08001a92   0x08001a92   0x00000002   PAD
    0x08001a94   0x08001a94   0x0000014e   Code   RO          795    .text.HAL_TIM_IRQHandler  stm32f4xx_hal_tim.o
    0x08001be2   0x08001be2   0x00000002   PAD
    0x08001be4   0x08001be4   0x00000002   Code   RO          799    .text.HAL_TIM_OC_DelayElapsedCallback  stm32f4xx_hal_tim.o
    0x08001be6   0x08001be6   0x00000002   PAD
    0x08001be8   0x08001be8   0x00000002   Code   RO          801    .text.HAL_TIM_PWM_PulseFinishedCallback  stm32f4xx_hal_tim.o
    0x08001bea   0x08001bea   0x00000002   PAD
    0x08001bec   0x08001bec   0x0000006c   Code   RO           45    .text.HAL_TIM_PeriodElapsedCallback  callback.o
    0x08001c58   0x08001c58   0x00000002   Code   RO          805    .text.HAL_TIM_TriggerCallback  stm32f4xx_hal_tim.o
    0x08001c5a   0x08001c5a   0x00000002   PAD
    0x08001c5c   0x08001c5c   0x00000002   Code   RO          117    .text.HardFault_Handler  stm32f4xx_it.o
    0x08001c5e   0x08001c5e   0x00000002   PAD
    0x08001c60   0x08001c60   0x00000040   Code   RO           85    .text.MX_CAN1_Init  can.o
    0x08001ca0   0x08001ca0   0x0000008e   Code   RO           76    .text.MX_GPIO_Init  gpio.o
    0x08001d2e   0x08001d2e   0x00000002   PAD
    0x08001d30   0x08001d30   0x00000050   Code   RO          100    .text.MX_TIM6_Init  tim.o
    0x08001d80   0x08001d80   0x00000002   Code   RO          119    .text.MemManage_Handler  stm32f4xx_it.o
    0x08001d82   0x08001d82   0x00000002   PAD
    0x08001d84   0x08001d84   0x00000002   Code   RO          115    .text.NMI_Handler   stm32f4xx_it.o
    0x08001d86   0x08001d86   0x00000002   PAD
    0x08001d88   0x08001d88   0x00000002   Code   RO          129    .text.PendSV_Handler  stm32f4xx_it.o
    0x08001d8a   0x08001d8a   0x00000002   PAD
    0x08001d8c   0x08001d8c   0x00000002   Code   RO          125    .text.SVC_Handler   stm32f4xx_it.o
    0x08001d8e   0x08001d8e   0x00000002   PAD
    0x08001d90   0x08001d90   0x00000004   Code   RO          131    .text.SysTick_Handler  stm32f4xx_it.o
    0x08001d94   0x08001d94   0x000000b8   Code   RO           57    .text.SystemClock_Config  main.o
    0x08001e4c   0x08001e4c   0x00000012   Code   RO          980    .text.SystemInit    system_stm32f4xx.o
    0x08001e5e   0x08001e5e   0x00000002   PAD
    0x08001e60   0x08001e60   0x0000000c   Code   RO          137    .text.TIM6_DAC_IRQHandler  stm32f4xx_it.o
    0x08001e6c   0x08001e6c   0x00000142   Code   RO          665    .text.TIM_Base_SetConfig  stm32f4xx_hal_tim.o
    0x08001fae   0x08001fae   0x00000002   PAD
    0x08001fb0   0x08001fb0   0x00000002   Code   RO          123    .text.UsageFault_Handler  stm32f4xx_it.o
    0x08001fb2   0x08001fb2   0x00000002   PAD
    0x08001fb4   0x08001fb4   0x00000034   Code   RO           27    .text._GLOBAL__sub_I_Motor.cpp  motor.o
    0x08001fe8   0x08001fe8   0x000001cc   Code   RO           13    .text._ZN10M3508Motor10read_RxMsgEPKh  motor.o
    0x080021b4   0x080021b4   0x00000040   Code   RO           15    .text._ZN10M3508Motor11write_TxMsgEPh  motor.o
    0x080021f4   0x080021f4   0x00000004   PAD
    0x080021f8   0x080021f8   0x0000015c   Code   RO           25    .text._ZN10M3508Motor6handleEv  motor.o
    0x08002354   0x08002354   0x00000114   Code   RO           38    .text._ZN10M3508MotorC2Efi  motor.o
    0x08002468   0x08002468   0x00000044   Code   RO           40    .text._ZN10M3508MotorD2Ev  motor.o
    0x080024ac   0x080024ac   0x0000001c   Code   RO          160    .text._ZN3PID11set_out_maxEf  pid.o
    0x080024c8   0x080024c8   0x0000015c   Code   RO          162    .text._ZN3PID4calcEff  pid.o
    0x08002624   0x08002624   0x0000000c   Code   RO         1227    .text._ZSt15get_new_handlerv  libcppabi_w.l(cxa_handlers.cpp.o)
    0x08002630   0x08002630   0x00000004   Code   RO         1033    .text._ZdlPv        libcpp_w.l(new.cpp.o)
    0x08002634   0x08002634   0x00000004   Code   RO         1037    .text._ZdlPvj       libcpp_w.l(new.cpp.o)
    0x08002638   0x08002638   0x00000026   Code   RO         1025    .text._Znwj         libcpp_w.l(new.cpp.o)
    0x0800265e   0x0800265e   0x00000002   PAD
    0x08002660   0x08002660   0x00000092   Code   RO           55    .text.main          main.o
    0x080026f2   0x080026f2   0x00000026   Code   RO         1230    i.__ARM_fpclassifyf  m_wm.l(fpclassifyf.o)
    0x08002718   0x08002718   0x00000190   Code   RO         1067    i.__hardfp_sinf     m_wm.l(sinf.o)
    0x080028a8   0x080028a8   0x00000006   Code   RO         1233    i.__mathlib_flt_infnan  m_wm.l(funder.o)
    0x080028ae   0x080028ae   0x00000002   PAD
    0x080028b0   0x080028b0   0x00000010   Code   RO         1235    i.__mathlib_flt_invalid  m_wm.l(funder.o)
    0x080028c0   0x080028c0   0x00000010   Code   RO         1238    i.__mathlib_flt_underflow  m_wm.l(funder.o)
    0x080028d0   0x080028d0   0x00000154   Code   RO         1246    i.__mathlib_rredf2  m_wm.l(rredf.o)
    0x08002a24   0x08002a24   0x00000062   Code   RO         1016    x$fpl$d2f           fz_wm.l(d2f.o)
    0x08002a86   0x08002a86   0x00000002   PAD
    0x08002a88   0x08002a88   0x00000154   Code   RO         1018    x$fpl$dmul          fz_wm.l(dmul.o)
    0x08002bdc   0x08002bdc   0x0000009c   Code   RO         1205    x$fpl$dnaninf       fz_wm.l(dnaninf.o)
    0x08002c78   0x08002c78   0x0000000c   Code   RO         1207    x$fpl$dretinf       fz_wm.l(dretinf.o)
    0x08002c84   0x08002c84   0x00000056   Code   RO         1020    x$fpl$f2d           fz_wm.l(f2d.o)
    0x08002cda   0x08002cda   0x0000008c   Code   RO         1209    x$fpl$fnaninf       fz_wm.l(fnaninf.o)
    0x08002d66   0x08002d66   0x0000001a   Code   RO         1318    x$fpl$fpinit        fz_wm.l(fpinit.o)
    0x08002d80   0x08002d80   0x0000000a   Code   RO         1211    x$fpl$fretinf       fz_wm.l(fretinf.o)
    0x08002d8a   0x08002d8a   0x00000000   Code   RO         1213    x$fpl$usenofp       fz_wm.l(usenofp.o)
    0x08002d8a   0x08002d8a   0x00000002   PAD
    0x08002d8c   0x08002d8c   0x00000020   Data   RO         1247    .constdata          m_wm.l(rredf.o)
    0x08002dac   0x08002dac   0x00000010   Data   RO          985    .rodata.AHBPrescTable  system_stm32f4xx.o
    0x08002dbc   0x08002dbc   0x00000020   Data   RO         1445    Region$$Table       anon$$obj.o
    0x08002ddc   0x08002ddc   0x00000004   Data   RO           30    .init_array         motor.o
    0x08002de0   0x08002ddc   0x00000000   Data   RO         1011    .init_array         c_w.l(init_aeabi.o)


    Execution Region RW_IRAM2 (Exec base: 0x10000000, Load base: 0x08002e30, Size: 0x00000000, Max: 0x00010000, ABSOLUTE)

    **** No section assigned to this execution region ****


    Execution Region RW_IRAM1 (Exec base: 0x20000000, Load base: 0x08002de0, Size: 0x00000810, Max: 0x00030000, ABSOLUTE)

    Exec Addr    Load Addr    Size         Type   Attr      Idx    E Section Name        Object

    0x20000000   0x08002de0   0x00000008   Data   RW          626    .data..L_MergedGlobals  stm32f4xx_hal.o
    0x20000008   0x08002de8   0x00000004   Data   RW          984    .data.SystemCoreClock  system_stm32f4xx.o
    0x2000000c   0x08002dec   0x00000028   Data   RW           62    .data.filter_config  main.o
    0x20000034   0x08002e14   0x00000004   Data   RW           63    .data.stop_flag     main.o
    0x20000038   0x08002e18   0x00000018   Data   RW           61    .data.tx_header     main.o
    0x20000050        -       0x00000060   Zero   RW         1340    .bss                c_w.l(libspace.o)
    0x200000b0        -       0x00000004   Zero   RW         1333    .bss.__cxa_new_handler  libcppabi_w.l(cxa_default_handlers.cpp.o)
    0x200000b4        -       0x00000004   Zero   RW           67    .bss.can_tx_mailbox  main.o
    0x200000b8        -       0x00000028   Zero   RW           91    .bss.hcan1          can.o
    0x200000e0        -       0x00000048   Zero   RW          106    .bss.htim6          tim.o
    0x20000128        -       0x000000b8   Zero   RW           29    .bss.motor          motor.o
    0x200001e0        -       0x00000008   Zero   RW           66    .bss.rx_data        main.o
    0x200001e8        -       0x0000001c   Zero   RW           65    .bss.rx_header      main.o
    0x20000204        -       0x00000008   Zero   RW           64    .bss.tx_data        main.o
    0x2000020c        -       0x00000004   Zero   RW          625    .bss.uwTick         stm32f4xx_hal.o
    0x20000210        -       0x00000200   Zero   RW            2    HEAP                startup_stm32f427xx.o
    0x20000410        -       0x00000400   Zero   RW            1    STACK               startup_stm32f427xx.o


==============================================================================

Image component sizes


      Code (inc. data)   RO Data    RW Data    ZI Data      Debug   Object Name

       206          0          0          0          0       4635   callback.o
       200          0          0          0         40       6347   can.o
       142          0          0          0          0       2174   gpio.o
       336          0          0         68         48       5146   main.o
      1268         64          4          0        184      27748   motor.o
       376          8          0          0          0       2596   pid.o
        64         26        428          0       1536        820   startup_stm32f427xx.o
       204          0          0          8          4       7631   stm32f4xx_hal.o
      1708          6          0          0          0      13804   stm32f4xx_hal_can.o
       200          0          0          0          0      10914   stm32f4xx_hal_cortex.o
       448          0          0          0          0       5274   stm32f4xx_hal_gpio.o
        56          0          0          0          0       1472   stm32f4xx_hal_msp.o
       122          0          0          0          0       4555   stm32f4xx_hal_pwr_ex.o
      1342          0          0          0          0       7404   stm32f4xx_hal_rcc.o
       924          0          0          0          0      55141   stm32f4xx_hal_tim.o
       186          0          0          0          0      21161   stm32f4xx_hal_tim_ex.o
        56          0          0          0          0       6230   stm32f4xx_it.o
        18          0         16          4          0       2604   system_stm32f4xx.o
       154          0          0          0         72       7161   tim.o

    ----------------------------------------------------------------------
      8110        108        480         80       1884     192817   Object Totals
         0          0         32          0          0          0   (incl. Generated)
       100          4          0          0          0          0   (incl. Padding)

    ----------------------------------------------------------------------

      Code (inc. data)   RO Data    RW Data    ZI Data      Debug   Library Member Name

         8          0          0          0          0         68   __main.o
         0          0          0          0          0          0   __rtentry.o
        12          0          0          0          0          0   __rtentry2.o
         6          0          0          0          0          0   __rtentry4.o
        52          8          0          0          0          0   __scatter.o
        26          0          0          0          0          0   __scatter_copy.o
        28          0          0          0          0          0   __scatter_zi.o
        22          0          0          0          0        100   _rserrno.o
        46          0          0          0          0         84   aeabi_atexit.o
        10          0          0          0          0         68   cxa_atexit.o
        66          0          0          0          0         84   cxa_finalize.o
        10          0          0          0          0         68   defsig_exit.o
        50          0          0          0          0         88   defsig_general.o
        80         58          0          0          0         76   defsig_rtmem_inner.o
        14          0          0          0          0         80   defsig_rtmem_outer.o
        18          0          0          0          0         80   exit.o
        94          0          0          0          0         80   h1_alloc.o
        52          0          0          0          0         68   h1_extend.o
        78          0          0          0          0         80   h1_free.o
        14          0          0          0          0         84   h1_init.o
         6          0          0          0          0        152   heapauxi.o
         4          0          0          0          0        136   hguard.o
         0          0          0          0          0          0   indicate_semi.o
        36          8          0          0          0         80   init_aeabi.o
       138          0          0          0          0        168   init_alloc.o
         2          0          0          0          0          0   libinit.o
        18          0          0          0          0          0   libinit2.o
         2          0          0          0          0          0   libshutdown.o
         8          0          0          0          0          0   libshutdown2.o
         8          4          0          0         96         68   libspace.o
       240          0          0          0          0        100   lludivv7m.o
         0          0          0          0          0          0   maybetermalloc1.o
         8          4          0          0          0         68   rt_ddtor_pointer_addr_intlibspace.o
         8          4          0          0          0         68   rt_errno_addr_intlibspace.o
         8          4          0          0          0         68   rt_heap_descriptor_intlibspace.o
        78          0          0          0          0         80   rt_memclr_w.o
         2          0          0          0          0          0   rtexit.o
        10          0          0          0          0          0   rtexit2.o
        12          4          0          0          0         68   sys_exit.o
        74          0          0          0          0         80   sys_stackheap_outer.o
        14          0          0          0          0         76   sys_wrch.o
         2          0          0          0          0         68   use_no_semi.o
        98          4          0          0          0        140   d2f.o
       340         12          0          0          0        152   dmul.o
       156          4          0          0          0        140   dnaninf.o
        12          0          0          0          0        116   dretinf.o
        86          4          0          0          0        132   f2d.o
       140          4          0          0          0        132   fnaninf.o
        26          0          0          0          0        116   fpinit.o
        10          0          0          0          0        116   fretinf.o
         0          0          0          0          0          0   usenofp.o
        46          0          0          0          0        380   new.cpp.o
         0          0          0          0          4          0   cxa_default_handlers.cpp.o
        12          0          0          0          0        132   cxa_handlers.cpp.o
        38          0          0          0          0        116   fpclassifyf.o
        38         12          0          0          0        348   funder.o
       340         24         32          0          0        160   rredf.o
       400         56          0          0          0        212   sinf.o

    ----------------------------------------------------------------------
      3122        214         32          0        100       4780   Library Totals
        16          0          0          0          0          0   (incl. Padding)

    ----------------------------------------------------------------------

      Code (inc. data)   RO Data    RW Data    ZI Data      Debug   Library Name

      1364         94          0          0         96       2388   c_w.l
       868         28          0          0          0       1044   fz_wm.l
        46          0          0          0          0        380   libcpp_w.l
        12          0          0          0          4        132   libcppabi_w.l
       816         92         32          0          0        836   m_wm.l

    ----------------------------------------------------------------------
      3122        214         32          0        100       4780   Library Totals

    ----------------------------------------------------------------------

==============================================================================


      Code (inc. data)   RO Data    RW Data    ZI Data      Debug   

     11232        322        512         80       1984     194717   Grand Totals
     11232        322        512         80       1984     194717   ELF Image Totals
     11232        322        512         80          0          0   ROM Totals

==============================================================================

    Total RO  Size (Code + RO Data)                11744 (  11.47kB)
    Total RW  Size (RW Data + ZI Data)              2064 (   2.02kB)
    Total ROM Size (Code + RO Data + RW Data)      11824 (  11.55kB)

==============================================================================

